###############################################################################
#
# IAR ELF Linker V8.32.1.169/W32 for ARM                  04/Apr/2026  16:58:40
# Copyright 2007-2018 IAR Systems AB.
#
#    Output file  =  D:\SJWORK\purge\Purge_N2\EWARM\Purge_N2\Exe\Purge_N2.out
#    Map file     =  D:\SJWORK\purge\Purge_N2\EWARM\Purge_N2\List\Purge_N2.map
#    Command line =  
#        -f C:\Users\27752\AppData\Local\Temp\EW9605.tmp
#        (D:\SJWORK\purge\Purge_N2\EWARM\Purge_N2\Obj\adc.o
#        D:\SJWORK\purge\Purge_N2\EWARM\Purge_N2\Obj\cmsis_os2.o
#        D:\SJWORK\purge\Purge_N2\EWARM\Purge_N2\Obj\croutine.o
#        D:\SJWORK\purge\Purge_N2\EWARM\Purge_N2\Obj\dma.o
#        D:\SJWORK\purge\Purge_N2\EWARM\Purge_N2\Obj\event_groups.o
#        D:\SJWORK\purge\Purge_N2\EWARM\Purge_N2\Obj\freertos.o
#        D:\SJWORK\purge\Purge_N2\EWARM\Purge_N2\Obj\gpio.o
#        D:\SJWORK\purge\Purge_N2\EWARM\Purge_N2\Obj\heap_4.o
#        D:\SJWORK\purge\Purge_N2\EWARM\Purge_N2\Obj\list.o
#        D:\SJWORK\purge\Purge_N2\EWARM\Purge_N2\Obj\main.o
#        D:\SJWORK\purge\Purge_N2\EWARM\Purge_N2\Obj\Modbus_o2.o
#        D:\SJWORK\purge\Purge_N2\EWARM\Purge_N2\Obj\My_ADC_ReadData.o
#        D:\SJWORK\purge\Purge_N2\EWARM\Purge_N2\Obj\port.o
#        D:\SJWORK\purge\Purge_N2\EWARM\Purge_N2\Obj\portasm.o
#        D:\SJWORK\purge\Purge_N2\EWARM\Purge_N2\Obj\Purge_ConfigStore.o
#        D:\SJWORK\purge\Purge_N2\EWARM\Purge_N2\Obj\Purge_Control.o
#        D:\SJWORK\purge\Purge_N2\EWARM\Purge_N2\Obj\Purge_HostComm.o
#        D:\SJWORK\purge\Purge_N2\EWARM\Purge_N2\Obj\queue.o
#        D:\SJWORK\purge\Purge_N2\EWARM\Purge_N2\Obj\SFC.o
#        D:\SJWORK\purge\Purge_N2\EWARM\Purge_N2\Obj\SHT85.o
#        D:\SJWORK\purge\Purge_N2\EWARM\Purge_N2\Obj\SOFT_I2C.o
#        D:\SJWORK\purge\Purge_N2\EWARM\Purge_N2\Obj\startup_stm32f427xx.o
#        D:\SJWORK\purge\Purge_N2\EWARM\Purge_N2\Obj\stm32f4xx_hal.o
#        D:\SJWORK\purge\Purge_N2\EWARM\Purge_N2\Obj\stm32f4xx_hal_adc.o
#        D:\SJWORK\purge\Purge_N2\EWARM\Purge_N2\Obj\stm32f4xx_hal_adc_ex.o
#        D:\SJWORK\purge\Purge_N2\EWARM\Purge_N2\Obj\stm32f4xx_hal_cortex.o
#        D:\SJWORK\purge\Purge_N2\EWARM\Purge_N2\Obj\stm32f4xx_hal_dma.o
#        D:\SJWORK\purge\Purge_N2\EWARM\Purge_N2\Obj\stm32f4xx_hal_dma_ex.o
#        D:\SJWORK\purge\Purge_N2\EWARM\Purge_N2\Obj\stm32f4xx_hal_exti.o
#        D:\SJWORK\purge\Purge_N2\EWARM\Purge_N2\Obj\stm32f4xx_hal_flash.o
#        D:\SJWORK\purge\Purge_N2\EWARM\Purge_N2\Obj\stm32f4xx_hal_flash_ex.o
#        D:\SJWORK\purge\Purge_N2\EWARM\Purge_N2\Obj\stm32f4xx_hal_flash_ramfunc.o
#        D:\SJWORK\purge\Purge_N2\EWARM\Purge_N2\Obj\stm32f4xx_hal_gpio.o
#        D:\SJWORK\purge\Purge_N2\EWARM\Purge_N2\Obj\stm32f4xx_hal_msp.o
#        D:\SJWORK\purge\Purge_N2\EWARM\Purge_N2\Obj\stm32f4xx_hal_pwr.o
#        D:\SJWORK\purge\Purge_N2\EWARM\Purge_N2\Obj\stm32f4xx_hal_pwr_ex.o
#        D:\SJWORK\purge\Purge_N2\EWARM\Purge_N2\Obj\stm32f4xx_hal_rcc.o
#        D:\SJWORK\purge\Purge_N2\EWARM\Purge_N2\Obj\stm32f4xx_hal_rcc_ex.o
#        D:\SJWORK\purge\Purge_N2\EWARM\Purge_N2\Obj\stm32f4xx_hal_tim.o
#        D:\SJWORK\purge\Purge_N2\EWARM\Purge_N2\Obj\stm32f4xx_hal_tim_ex.o
#        D:\SJWORK\purge\Purge_N2\EWARM\Purge_N2\Obj\stm32f4xx_hal_timebase_tim.o
#        D:\SJWORK\purge\Purge_N2\EWARM\Purge_N2\Obj\stm32f4xx_hal_uart.o
#        D:\SJWORK\purge\Purge_N2\EWARM\Purge_N2\Obj\stm32f4xx_it.o
#        D:\SJWORK\purge\Purge_N2\EWARM\Purge_N2\Obj\stream_buffer.o
#        D:\SJWORK\purge\Purge_N2\EWARM\Purge_N2\Obj\system_stm32f4xx.o
#        D:\SJWORK\purge\Purge_N2\EWARM\Purge_N2\Obj\tasks.o
#        D:\SJWORK\purge\Purge_N2\EWARM\Purge_N2\Obj\timers.o
#        D:\SJWORK\purge\Purge_N2\EWARM\Purge_N2\Obj\usart.o --redirect
#        _Printf=_PrintfFullNoMb --redirect _Scanf=_ScanfFullNoMb
#        --no_out_extension -o
#        D:\SJWORK\purge\Purge_N2\EWARM\Purge_N2\Exe\Purge_N2.out --map
#        D:\SJWORK\purge\Purge_N2\EWARM\Purge_N2\List\Purge_N2.map --config
#        D:\SJWORK\purge\Purge_N2\EWARM\stm32f427xx_flash.icf --semihosting
#        --entry __iar_program_start --vfe --text_out locale)
#
###############################################################################

*******************************************************************************
*** RUNTIME MODEL ATTRIBUTES
***

CppFlavor       = *
__SystemLibrary = DLib
__dlib_version  = 6


*******************************************************************************
*** HEAP SELECTION
***

The basic heap was selected because no calls to memory allocation
functions were found in the application outside of system library
functions, and there are calls to deallocation functions in the
application.


*******************************************************************************
*** PLACEMENT SUMMARY
***

"A0":  place at 0x800'0000 { ro section .intvec };
"P1":  place in [from 0x800'0000 to 0x80d'ffff] { ro };
define block CSTACK with size = 1K, alignment = 8 { };
define block HEAP with size = 512, alignment = 8 { };
"P2":  place in [from 0x2000'0000 to 0x2002'ffff] {
          rw, block CSTACK, block HEAP };
initialize by copy { rw };

  Section            Kind         Address    Size  Object
  -------            ----         -------    ----  ------
"A0":                                       0x1ac
  .intvec            ro code   0x800'0000   0x1ac  startup_stm32f427xx.o [1]
                             - 0x800'01ac   0x1ac

"P1":                                      0xb5e6
  .text              ro code   0x800'01ac   0xece  Purge_HostComm.o [1]
  .text              ro code   0x800'107a    0x7a  lz77_init_single.o [4]
  .text              ro code   0x800'10f4    0x66  ABImemset.o [4]
  .text              ro code   0x800'115a    0x3a  zero_init3.o [4]
  .text              ro code   0x800'1194   0xdc8  stm32f4xx_hal_uart.o [1]
  .text              ro code   0x800'1f5c     0xc  stm32f4xx_hal.o [1]
  .text              ro code   0x800'1f68   0x8ec  Purge_Control.o [1]
  .text              ro code   0x800'2854    0x44  snprintf.o [2]
  .text              ro code   0x800'2898    0x48  FltToDbl.o [3]
  .text              ro code   0x800'28e0    0x28  sscanf.o [2]
  .text              ro code   0x800'2908    0x28  strncmp.o [2]
  .text              ro code   0x800'2930    0x36  strlen.o [4]
  .text              ro code   0x800'2966    0x14  isspace.o [2]
  .text              ro code   0x800'297a    0x1e  xsscin.o [2]
  .text              ro code   0x800'2998    0x96  ABImemmove.o [4]
  .text              ro code   0x800'2a2e    0x1a  xsnprout.o [2]
  .text              ro code   0x800'2a48    0x16  strchr.o [4]
  .text              ro code   0x800'2a60    0xa6  ABImemcpy.o [4]
  .text              ro code   0x800'2b08     0xe  math_wrappers64.o [3]
  .text              ro code   0x800'2b18    0x68  DblToFlt.o [3]
  .text              ro code   0x800'2b80   0x146  iar_Stoulx.o [2]
  .text              ro code   0x800'2cc8    0x12  strcmp.o [4]
  .text              ro code   0x800'2cdc   0x24c  usart.o [1]
  .text              ro code   0x800'2f28   0x518  stm32f4xx_hal_dma.o [1]
  .text              ro code   0x800'3440     0x2  stm32f4xx_hal_uart.o [1]
  .text              ro code   0x800'3442     0x2  stm32f4xx_hal_uart.o [1]
  .text              ro code   0x800'3444     0x2  stm32f4xx_hal_uart.o [1]
  .text              ro code   0x800'3448   0x23c  stm32f4xx_hal_rcc.o [1]
  .text              ro code   0x800'3684   0x230  I64DivMod.o [4]
  .text              ro code   0x800'38b4   0x230  Purge_ConfigStore.o [1]
  .text              ro code   0x800'3ae4   0x270  SHT85.o [1]
  .text              ro code   0x800'3d54    0x28  stm32f4xx_hal.o [1]
  .text              ro code   0x800'3d7c   0x16c  SFC.o [1]
  .text              ro code   0x800'3ee8   0x190  Modbus_o2.o [1]
  .text              ro code   0x800'4078   0x188  My_ADC_ReadData.o [1]
  .text              ro code   0x800'4200   0x264  stm32f4xx_hal_gpio.o [1]
  .text              ro code   0x800'4464   0xdf2  xprintffull_nomb.o [2]
  .text              ro code   0x800'5258   0xcd0  xscanffull_nomb.o [2]
  .text              ro code   0x800'5f28    0x4c  xlocale_c.o [2]
  .text              ro code   0x800'5f74   0x51a  strto64.o [3]
  .text              ro code   0x800'648e    0x14  tolower.o [2]
  .text              ro code   0x800'64a4    0x58  memchr.o [4]
  .text              ro code   0x800'64fc   0x118  main.o [1]
  .text              ro code   0x800'6614     0x6  ABImemclr4.o [4]
  .text              ro code   0x800'661c    0xec  stm32f4xx_hal_cortex.o [1]
  .text              ro code   0x800'6708    0xac  stm32f4xx_hal_timebase_tim.o [1]
  .text              ro code   0x800'67b4     0x2  I64DivZer.o [4]
  .text              ro code   0x800'67b8    0x68  memcmp.o [4]
  .text              ro code   0x800'6820   0x214  stm32f4xx_hal_flash.o [1]
  .text              ro code   0x800'6a34   0x1b4  stm32f4xx_hal_flash_ex.o [1]
  .text              ro code   0x800'6be8   0x214  SOFT_I2C.o [1]
  .text              ro code   0x800'6dfc   0x55c  stm32f4xx_hal_adc.o [1]
  .text              ro code   0x800'7358    0x40  xfail_s.o [2]
  .text              ro code   0x800'7398   0x1a2  DblMul.o [3]
  .text              ro code   0x800'753c    0x70  frexp.o [3]
  .text              ro code   0x800'75ac    0x2e  DblCmpLe.o [3]
  .text              ro code   0x800'75dc    0x2e  DblCmpGe.o [3]
  .text              ro code   0x800'760c   0x13a  ldexp.o [3]
  .text              ro code   0x800'7748    0x3a  DblToS32.o [3]
  .text              ro code   0x800'7784    0x22  S32ToDbl.o [3]
  .text              ro code   0x800'77a8    0xe2  DblSub.o [3]
  .text              ro code   0x800'788c   0x246  DblDiv.o [3]
  .text              ro code   0x800'7ad4    0x28  DblToU32.o [3]
  .text              ro code   0x800'7afc    0x1a  U32ToDbl.o [3]
  .text              ro code   0x800'7b18    0x9e  iar_Stollx.o [2]
  .text              ro code   0x800'7bb8   0x1b2  iar_Stoullx.o [2]
  .text              ro code   0x800'7d6a    0x14  isalpha.o [2]
  .text              ro code   0x800'7d7e   0x122  iar_Stopfx.o [2]
  .text              ro code   0x800'7ea0   0x1c4  iar_Stoflt.o [2]
  .text              ro code   0x800'8064   0x17a  DblAdd.o [3]
  .text              ro code   0x800'81e0   0x21c  iar_Stoxflt.o [2]
  .text              ro code   0x800'83fc    0x34  stm32f4xx_hal.o [1]
  .text              ro code   0x800'8430   0x140  gpio.o [1]
  .text              ro code   0x800'8570    0x30  dma.o [1]
  .text              ro code   0x800'85a0    0xe4  adc.o [1]
  .text              ro code   0x800'8684   0x1ac  cmsis_os2.o [1]
  .text              ro code   0x800'8830    0x9a  freertos.o [1]
  .text              ro code   0x800'88cc   0x3c4  stm32f4xx_hal_rcc.o [1]
  .text              ro code   0x800'8c90    0x7c  stm32f4xx_hal_pwr_ex.o [1]
  .text              ro code   0x800'8d0c    0x18  stm32f4xx_hal.o [1]
  .text              ro code   0x800'8d24    0x32  ABImemset48.o [4]
  .text              ro code   0x800'8d58   0x356  stm32f4xx_hal_tim.o [1]
  .text              ro code   0x800'90ae     0x6  abort.o [2]
  .text              ro code   0x800'90b4    0x48  stm32f4xx_hal_msp.o [1]
  .text              ro code   0x800'90fc   0x9c8  tasks.o [1]
  .text              ro code   0x800'9ac4   0x258  port.o [1]
  .text              ro code   0x800'9d1c     0x2  stm32f4xx_hal_tim.o [1]
  .text              ro code   0x800'9d1e     0x2  stm32f4xx_hal_tim.o [1]
  .text              ro code   0x800'9d20     0x2  stm32f4xx_hal_tim.o [1]
  .text              ro code   0x800'9d22     0x2  stm32f4xx_hal_tim_ex.o [1]
  .text              ro code   0x800'9d24     0x2  stm32f4xx_hal_tim.o [1]
  .text              ro code   0x800'9d26     0x2  stm32f4xx_hal_tim_ex.o [1]
  .text              ro code   0x800'9d28    0x14  exit.o [5]
  .text              ro code   0x800'9d3c   0x278  heap_4.o [1]
  .text              ro code   0x800'9fb4    0x98  list.o [1]
  .text              ro code   0x800'a04c   0x480  timers.o [1]
  CODE               ro code   0x800'a4cc    0xb0  portasm.o [1]
  .text              ro code   0x800'a57c    0x18  cmsis_os2.o [1]
  .text              ro code   0x800'a594   0x6fa  queue.o [1]
  .rodata            const     0x800'ac90    0xb0  Purge_HostComm.o [1]
  .rodata            const     0x800'ad40    0x50  iar_Stoulx.o [2]
  .rodata            const     0x800'ad90    0x50  iar_Stoullx.o [2]
  .rodata            const     0x800'ade0    0x48  Purge_HostComm.o [1]
  .rodata            const     0x800'ae28    0x34  Purge_HostComm.o [1]
  .rodata            const     0x800'ae60    0x48  strto64.o [3]
  .text              ro code   0x800'aea8    0x44  stm32f4xx_it.o [1]
  .rodata            const     0x800'aeec    0x34  Purge_HostComm.o [1]
  .rodata            const     0x800'af20    0x34  Purge_HostComm.o [1]
  .rodata            const     0x800'af54    0x34  Purge_HostComm.o [1]
  .rodata            const     0x800'af88    0x2c  Purge_HostComm.o [1]
  .rodata            const     0x800'afb4    0x2c  Purge_HostComm.o [1]
  .rodata            const     0x800'afe0    0x2c  Purge_HostComm.o [1]
  .rodata            const     0x800'b00c    0x2c  Purge_HostComm.o [1]
  .rodata            const     0x800'b038    0x2c  Purge_HostComm.o [1]
  .rodata            const     0x800'b064    0x2c  Purge_HostComm.o [1]
  .rodata            const     0x800'b090    0x28  xscanffull_nomb.o [2]
  .text              ro code   0x800'b0b8    0x28  data_init.o [4]
  .rodata            const     0x800'b0e0    0x24  freertos.o [1]
  .rodata            const     0x800'b104    0x24  freertos.o [1]
  .rodata            const     0x800'b128    0x24  freertos.o [1]
  .rodata            const     0x800'b14c    0x24  xscanffull_nomb.o [2]
  .text              ro code   0x800'b170    0x22  fpinit_M.o [3]
  .iar.init_table    const     0x800'b194    0x20  - Linker created -
  .text              ro code   0x800'b1b4    0x1e  cmain.o [4]
  .text              ro code   0x800'b1d2     0x4  low_level_init.o [2]
  .text              ro code   0x800'b1d6     0x4  exit.o [2]
  .text              ro code   0x800'b1dc     0xa  cexit.o [4]
  .rodata            const     0x800'b1e8    0x1c  Purge_HostComm.o [1]
  .rodata            const     0x800'b204    0x1c  Purge_HostComm.o [1]
  .rodata            const     0x800'b220    0x1c  Purge_HostComm.o [1]
  .rodata            const     0x800'b23c    0x1c  Purge_HostComm.o [1]
  .rodata            const     0x800'b258    0x1c  Purge_HostComm.o [1]
  .rodata            const     0x800'b274    0x18  Purge_HostComm.o [1]
  .rodata            const     0x800'b28c    0x18  Purge_HostComm.o [1]
  .rodata            const     0x800'b2a4    0x18  Purge_HostComm.o [1]
  .rodata            const     0x800'b2bc    0x18  Purge_HostComm.o [1]
  .rodata            const     0x800'b2d4    0x14  Purge_HostComm.o [1]
  .rodata            const     0x800'b2e8    0x14  Purge_HostComm.o [1]
  .rodata            const     0x800'b2fc    0x14  Purge_HostComm.o [1]
  .rodata            const     0x800'b310    0x14  Purge_HostComm.o [1]
  .rodata            const     0x800'b324    0x14  Purge_HostComm.o [1]
  .rodata            const     0x800'b338    0x14  Purge_HostComm.o [1]
  .rodata            const     0x800'b34c    0x14  Purge_HostComm.o [1]
  .rodata            const     0x800'b360    0x10  Purge_HostComm.o [1]
  .rodata            const     0x800'b370    0x10  Purge_HostComm.o [1]
  .rodata            const     0x800'b380    0x10  Purge_HostComm.o [1]
  .rodata            const     0x800'b390    0x10  Purge_HostComm.o [1]
  .rodata            const     0x800'b3a0    0x10  Purge_HostComm.o [1]
  .rodata            const     0x800'b3b0    0x10  Purge_HostComm.o [1]
  .rodata            const     0x800'b3c0    0x10  Purge_HostComm.o [1]
  .rodata            const     0x800'b3d0    0x10  Purge_HostComm.o [1]
  .rodata            const     0x800'b3e0    0x10  Purge_HostComm.o [1]
  .rodata            const     0x800'b3f0    0x10  Purge_HostComm.o [1]
  .rodata            const     0x800'b400    0x10  Purge_HostComm.o [1]
  .rodata            const     0x800'b410    0x10  Purge_HostComm.o [1]
  .rodata            const     0x800'b420    0x10  Purge_HostComm.o [1]
  .rodata            const     0x800'b430    0x10  Purge_HostComm.o [1]
  .rodata            const     0x800'b440    0x10  system_stm32f4xx.o [1]
  .text              ro code   0x800'b450    0x10  startup_stm32f427xx.o [1]
  .text              ro code   0x800'b460    0x10  system_stm32f4xx.o [1]
  .rodata            const     0x800'b470     0xc  freertos.o [1]
  .rodata            const     0x800'b47c     0xc  freertos.o [1]
  .rodata            const     0x800'b488     0xc  freertos.o [1]
  .rodata            const     0x800'b494     0xc  Purge_Control.o [1]
  .rodata            const     0x800'b4a0     0xc  Purge_Control.o [1]
  .rodata            const     0x800'b4ac     0xc  Purge_HostComm.o [1]
  .rodata            const     0x800'b4b8     0xc  Purge_HostComm.o [1]
  .rodata            const     0x800'b4c4     0xc  Purge_HostComm.o [1]
  .rodata            const     0x800'b4d0     0xc  Purge_HostComm.o [1]
  .rodata            const     0x800'b4dc     0xc  Purge_HostComm.o [1]
  .rodata            const     0x800'b4e8     0xc  Purge_HostComm.o [1]
  .rodata            const     0x800'b4f4     0xc  Purge_HostComm.o [1]
  .rodata            const     0x800'b500     0xc  Purge_HostComm.o [1]
  .rodata            const     0x800'b50c     0xc  Purge_HostComm.o [1]
  .rodata            const     0x800'b518     0xc  Purge_HostComm.o [1]
  .rodata            const     0x800'b524     0xc  Purge_HostComm.o [1]
  .rodata            const     0x800'b530     0xc  Purge_HostComm.o [1]
  .rodata            const     0x800'b53c     0xc  Purge_HostComm.o [1]
  .rodata            const     0x800'b548     0xc  Purge_HostComm.o [1]
  .text              ro code   0x800'b554     0xc  cstartup_M.o [4]
  .rodata            const     0x800'b560     0x8  Purge_Control.o [1]
  .rodata            const     0x800'b568     0x8  Purge_Control.o [1]
  .rodata            const     0x800'b570     0x8  Purge_Control.o [1]
  .rodata            const     0x800'b578     0x8  Purge_Control.o [1]
  .rodata            const     0x800'b580     0x8  Purge_Control.o [1]
  .rodata            const     0x800'b588     0x8  Purge_HostComm.o [1]
  .rodata            const     0x800'b590     0x8  Purge_HostComm.o [1]
  .rodata            const     0x800'b598     0x8  Purge_HostComm.o [1]
  .rodata            const     0x800'b5a0     0x8  Purge_HostComm.o [1]
  .rodata            const     0x800'b5a8     0x8  Purge_HostComm.o [1]
  .rodata            const     0x800'b5b0     0x8  Purge_HostComm.o [1]
  .rodata            const     0x800'b5b8     0x8  stm32f4xx_hal_dma.o [1]
  .rodata            const     0x800'b5c0     0x8  system_stm32f4xx.o [1]
  .rodata            const     0x800'b5c8     0x8  tasks.o [1]
  .rodata            const     0x800'b5d0     0x8  timers.o [1]
  .rodata            const     0x800'b5d8     0x8  timers.o [1]
  .rodata            const     0x800'b5e0     0x6  xlocale_c.o [2]
  .rodata            const     0x800'b5e8     0x4  heap_4.o [1]
  .rodata            const     0x800'b5ec     0x4  port.o [1]
  .text              ro code   0x800'b5f0     0x4  startup_stm32f427xx.o [1]
  .text              ro code   0x800'b5f4     0x4  startup_stm32f427xx.o [1]
  .text              ro code   0x800'b5f8     0x4  startup_stm32f427xx.o [1]
  .text              ro code   0x800'b5fc     0x4  startup_stm32f427xx.o [1]
  .text              ro code   0x800'b600     0x4  startup_stm32f427xx.o [1]
  .text              ro code   0x800'b604     0x4  startup_stm32f427xx.o [1]
  .text              ro code   0x800'b608     0x4  startup_stm32f427xx.o [1]
  .text              ro code   0x800'b60c     0x4  startup_stm32f427xx.o [1]
  .text              ro code   0x800'b610     0x4  startup_stm32f427xx.o [1]
  .text              ro code   0x800'b614     0x4  startup_stm32f427xx.o [1]
  .text              ro code   0x800'b618     0x4  startup_stm32f427xx.o [1]
  .text              ro code   0x800'b61c     0x4  startup_stm32f427xx.o [1]
  .text              ro code   0x800'b620     0x4  startup_stm32f427xx.o [1]
  .text              ro code   0x800'b624     0x4  startup_stm32f427xx.o [1]
  .text              ro code   0x800'b628     0x4  startup_stm32f427xx.o [1]
  .text              ro code   0x800'b62c     0x4  startup_stm32f427xx.o [1]
  .text              ro code   0x800'b630     0x4  startup_stm32f427xx.o [1]
  .text              ro code   0x800'b634     0x4  startup_stm32f427xx.o [1]
  .text              ro code   0x800'b638     0x4  startup_stm32f427xx.o [1]
  .text              ro code   0x800'b63c     0x4  startup_stm32f427xx.o [1]
  .text              ro code   0x800'b640     0x4  startup_stm32f427xx.o [1]
  .text              ro code   0x800'b644     0x4  startup_stm32f427xx.o [1]
  .text              ro code   0x800'b648     0x4  startup_stm32f427xx.o [1]
  .text              ro code   0x800'b64c     0x4  startup_stm32f427xx.o [1]
  .text              ro code   0x800'b650     0x4  startup_stm32f427xx.o [1]
  .text              ro code   0x800'b654     0x4  startup_stm32f427xx.o [1]
  .text              ro code   0x800'b658     0x4  startup_stm32f427xx.o [1]
  .text              ro code   0x800'b65c     0x4  startup_stm32f427xx.o [1]
  .text              ro code   0x800'b660     0x4  startup_stm32f427xx.o [1]
  .text              ro code   0x800'b664     0x4  startup_stm32f427xx.o [1]
  .text              ro code   0x800'b668     0x4  startup_stm32f427xx.o [1]
  .text              ro code   0x800'b66c     0x4  startup_stm32f427xx.o [1]
  .text              ro code   0x800'b670     0x4  startup_stm32f427xx.o [1]
  .text              ro code   0x800'b674     0x4  startup_stm32f427xx.o [1]
  .text              ro code   0x800'b678     0x4  startup_stm32f427xx.o [1]
  .text              ro code   0x800'b67c     0x4  startup_stm32f427xx.o [1]
  .text              ro code   0x800'b680     0x4  startup_stm32f427xx.o [1]
  .text              ro code   0x800'b684     0x4  startup_stm32f427xx.o [1]
  .text              ro code   0x800'b688     0x4  startup_stm32f427xx.o [1]
  .text              ro code   0x800'b68c     0x4  startup_stm32f427xx.o [1]
  .text              ro code   0x800'b690     0x4  startup_stm32f427xx.o [1]
  .text              ro code   0x800'b694     0x4  startup_stm32f427xx.o [1]
  .text              ro code   0x800'b698     0x4  startup_stm32f427xx.o [1]
  .text              ro code   0x800'b69c     0x4  startup_stm32f427xx.o [1]
  .text              ro code   0x800'b6a0     0x4  startup_stm32f427xx.o [1]
  .text              ro code   0x800'b6a4     0x4  startup_stm32f427xx.o [1]
  .text              ro code   0x800'b6a8     0x4  startup_stm32f427xx.o [1]
  .text              ro code   0x800'b6ac     0x4  startup_stm32f427xx.o [1]
  .text              ro code   0x800'b6b0     0x4  startup_stm32f427xx.o [1]
  .text              ro code   0x800'b6b4     0x4  startup_stm32f427xx.o [1]
  .text              ro code   0x800'b6b8     0x4  startup_stm32f427xx.o [1]
  .text              ro code   0x800'b6bc     0x4  startup_stm32f427xx.o [1]
  .text              ro code   0x800'b6c0     0x4  startup_stm32f427xx.o [1]
  .text              ro code   0x800'b6c4     0x4  startup_stm32f427xx.o [1]
  .text              ro code   0x800'b6c8     0x4  startup_stm32f427xx.o [1]
  .text              ro code   0x800'b6cc     0x4  startup_stm32f427xx.o [1]
  .text              ro code   0x800'b6d0     0x4  startup_stm32f427xx.o [1]
  .text              ro code   0x800'b6d4     0x4  startup_stm32f427xx.o [1]
  .text              ro code   0x800'b6d8     0x4  startup_stm32f427xx.o [1]
  .text              ro code   0x800'b6dc     0x4  startup_stm32f427xx.o [1]
  .text              ro code   0x800'b6e0     0x4  startup_stm32f427xx.o [1]
  .text              ro code   0x800'b6e4     0x4  startup_stm32f427xx.o [1]
  .text              ro code   0x800'b6e8     0x4  startup_stm32f427xx.o [1]
  .text              ro code   0x800'b6ec     0x4  startup_stm32f427xx.o [1]
  .text              ro code   0x800'b6f0     0x4  startup_stm32f427xx.o [1]
  .text              ro code   0x800'b6f4     0x4  startup_stm32f427xx.o [1]
  .text              ro code   0x800'b6f8     0x4  startup_stm32f427xx.o [1]
  .text              ro code   0x800'b6fc     0x4  startup_stm32f427xx.o [1]
  .text              ro code   0x800'b700     0x4  startup_stm32f427xx.o [1]
  .text              ro code   0x800'b704     0x4  startup_stm32f427xx.o [1]
  .text              ro code   0x800'b708     0x4  startup_stm32f427xx.o [1]
  .text              ro code   0x800'b70c     0x4  startup_stm32f427xx.o [1]
  .text              ro code   0x800'b710     0x4  startup_stm32f427xx.o [1]
  .text              ro code   0x800'b714     0x4  startup_stm32f427xx.o [1]
  .text              ro code   0x800'b718     0x4  startup_stm32f427xx.o [1]
  .text              ro code   0x800'b71c     0x4  startup_stm32f427xx.o [1]
  .text              ro code   0x800'b720     0x4  startup_stm32f427xx.o [1]
  .text              ro code   0x800'b724     0x4  startup_stm32f427xx.o [1]
  .text              ro code   0x800'b728     0x4  startup_stm32f427xx.o [1]
  .text              ro code   0x800'b72c     0x4  startup_stm32f427xx.o [1]
  .text              ro code   0x800'b730     0x4  startup_stm32f427xx.o [1]
  .text              ro code   0x800'b734     0x4  startup_stm32f427xx.o [1]
  .text              ro code   0x800'b738     0x4  startup_stm32f427xx.o [1]
  .text              ro code   0x800'b73c     0x4  startup_stm32f427xx.o [1]
  .rodata            const     0x800'b740     0x0  zero_init3.o [4]
  .rodata            const     0x800'b740     0x0  lz77_init_single.o [4]
  Initializer bytes  const     0x800'b740    0x52  <for P2-1>
                             - 0x800'b792  0xb5e6

"P2", part 1 of 3:                           0xb9
  P2-1                        0x2000'0000    0xb9  <Init block>
    .data            inited   0x2000'0000     0x4  port.o [1]
    .data            inited   0x2000'0004     0x4  Purge_Control.o [1]
    .data            inited   0x2000'0008     0x4  Purge_Control.o [1]
    .data            inited   0x2000'000c     0x4  Purge_Control.o [1]
    .data            inited   0x2000'0010     0x4  stm32f4xx_hal.o [1]
    .data            inited   0x2000'0014    0x20  stm32f4xx_hal_flash.o [1]
    .data            inited   0x2000'0034     0x4  system_stm32f4xx.o [1]
    .data            inited   0x2000'0038    0x38  xlocale_c.o [2]
    .data            inited   0x2000'0070    0x48  xlocale_c.o [2]
    .data            inited   0x2000'00b8     0x1  stm32f4xx_hal.o [1]
                            - 0x2000'00b9    0xb9

"P2", part 2 of 3:                         0x4dd0
  .bss               zero     0x2000'00bc  0x3c00  heap_4.o [1]
  .bss               zero     0x2000'3cbc   0x460  tasks.o [1]
  .bss               zero     0x2000'411c   0x400  cmsis_os2.o [1]
  .bss               zero     0x2000'451c   0x200  cmsis_os2.o [1]
  .bss               zero     0x2000'471c   0x1b0  freertos.o [1]
  .bss               zero     0x2000'48cc    0xa0  timers.o [1]
  .bss               zero     0x2000'496c    0x90  Purge_Control.o [1]
  .bss               zero     0x2000'49fc    0x60  usart.o [1]
  .bss               zero     0x2000'4a5c    0x5c  cmsis_os2.o [1]
  .bss               zero     0x2000'4ab8    0x5c  cmsis_os2.o [1]
  .bss               zero     0x2000'4b14    0x50  timers.o [1]
  .bss               zero     0x2000'4b64    0x48  adc.o [1]
  .bss               zero     0x2000'4bac    0x48  stm32f4xx_hal_timebase_tim.o [1]
  .bss               zero     0x2000'4bf4    0x48  usart.o [1]
  .bss               zero     0x2000'4c3c    0x48  usart.o [1]
  .bss               zero     0x2000'4c84    0x48  usart.o [1]
  .bss               zero     0x2000'4ccc    0x40  queue.o [1]
  .bss               zero     0x2000'4d0c    0x14  tasks.o [1]
  .bss               zero     0x2000'4d20    0x14  tasks.o [1]
  .bss               zero     0x2000'4d34    0x14  tasks.o [1]
  .bss               zero     0x2000'4d48    0x14  tasks.o [1]
  .bss               zero     0x2000'4d5c    0x14  tasks.o [1]
  .bss               zero     0x2000'4d70    0x14  timers.o [1]
  .bss               zero     0x2000'4d84    0x14  timers.o [1]
  .bss               zero     0x2000'4d98     0x8  heap_4.o [1]
  .bss               zero     0x2000'4da0     0x8  Modbus_o2.o [1]
  .bss               zero     0x2000'4da8     0x8  Modbus_o2.o [1]
  .bss               zero     0x2000'4db0     0x8  Modbus_o2.o [1]
  .bss               zero     0x2000'4db8     0x8  SFC.o [1]
  .bss               zero     0x2000'4dc0     0x8  SFC.o [1]
  .bss               zero     0x2000'4dc8     0x8  SFC.o [1]
  .bss               zero     0x2000'4dd0     0x8  SFC.o [1]
  .bss               zero     0x2000'4dd8     0x4  cmsis_os2.o [1]
  .bss               zero     0x2000'4ddc     0x4  freertos.o [1]
  .bss               zero     0x2000'4de0     0x4  freertos.o [1]
  .bss               zero     0x2000'4de4     0x4  freertos.o [1]
  .bss               zero     0x2000'4de8     0x4  heap_4.o [1]
  .bss               zero     0x2000'4dec     0x4  heap_4.o [1]
  .bss               zero     0x2000'4df0     0x4  heap_4.o [1]
  .bss               zero     0x2000'4df4     0x4  heap_4.o [1]
  .bss               zero     0x2000'4df8     0x4  heap_4.o [1]
  .bss               zero     0x2000'4dfc     0x4  heap_4.o [1]
  .bss               zero     0x2000'4e00     0x4  My_ADC_ReadData.o [1]
  .bss               zero     0x2000'4e04     0x4  My_ADC_ReadData.o [1]
  .bss               zero     0x2000'4e08     0x4  My_ADC_ReadData.o [1]
  .bss               zero     0x2000'4e0c     0x4  port.o [1]
  .bss               zero     0x2000'4e10     0x4  Purge_Control.o [1]
  .bss               zero     0x2000'4e14     0x4  Purge_Control.o [1]
  .bss               zero     0x2000'4e18     0x4  Purge_HostComm.o [1]
  .bss               zero     0x2000'4e1c     0x4  SHT85.o [1]
  .bss               zero     0x2000'4e20     0x4  SHT85.o [1]
  .bss               zero     0x2000'4e24     0x4  SHT85.o [1]
  .bss               zero     0x2000'4e28     0x4  stm32f4xx_hal.o [1]
  .bss               zero     0x2000'4e2c     0x4  tasks.o [1]
  .bss               zero     0x2000'4e30     0x4  tasks.o [1]
  .bss               zero     0x2000'4e34     0x4  tasks.o [1]
  .bss               zero     0x2000'4e38     0x4  tasks.o [1]
  .bss               zero     0x2000'4e3c     0x4  tasks.o [1]
  .bss               zero     0x2000'4e40     0x4  tasks.o [1]
  .bss               zero     0x2000'4e44     0x4  tasks.o [1]
  .bss               zero     0x2000'4e48     0x4  tasks.o [1]
  .bss               zero     0x2000'4e4c     0x4  tasks.o [1]
  .bss               zero     0x2000'4e50     0x4  tasks.o [1]
  .bss               zero     0x2000'4e54     0x4  tasks.o [1]
  .bss               zero     0x2000'4e58     0x4  tasks.o [1]
  .bss               zero     0x2000'4e5c     0x4  tasks.o [1]
  .bss               zero     0x2000'4e60     0x4  tasks.o [1]
  .bss               zero     0x2000'4e64     0x4  tasks.o [1]
  .bss               zero     0x2000'4e68     0x4  timers.o [1]
  .bss               zero     0x2000'4e6c     0x4  timers.o [1]
  .bss               zero     0x2000'4e70     0x4  timers.o [1]
  .bss               zero     0x2000'4e74     0x4  timers.o [1]
  .bss               zero     0x2000'4e78     0x4  timers.o [1]
  .bss               zero     0x2000'4e7c     0x4  xfail_s.o [2]
  .bss               zero     0x2000'4e80     0x2  Modbus_o2.o [1]
  .bss               zero     0x2000'4e82     0x2  My_ADC_ReadData.o [1]
  .bss               zero     0x2000'4e84     0x2  SFC.o [1]
  .bss               zero     0x2000'4e86     0x1  port.o [1]
  .bss               zero     0x2000'4e87     0x1  Purge_Control.o [1]
  .bss               zero     0x2000'4e88     0x1  Purge_Control.o [1]
                            - 0x2000'4e89  0x4dcd

"P2", part 3 of 3:                          0x400
  CSTACK                      0x2000'4e90   0x400  <Block>
    CSTACK           uninit   0x2000'4e90   0x400  <Block tail>
                            - 0x2000'5290   0x400

Unused ranges:

         From           To      Size
         ----           --      ----
   0x800'b792   0x80d'ffff  0xd'486e
  0x2000'00b9  0x2000'00bb       0x3
  0x2000'4e8c  0x2000'4e8f       0x4
  0x2000'5290  0x2002'ffff  0x2'ad70


*******************************************************************************
*** INIT TABLE
***

          Address      Size
          -------      ----
Zero (__iar_zero_init3)
    1 destination range, total size 0x4dcd:
          0x2000'00bc  0x4dcd

Copy/lz77 (__iar_lz77_init_single3)
    1 source range, total size 0x52 (44% of destination):
           0x800'b740    0x52
    1 destination range, total size 0xb9:
          0x2000'0000    0xb9



*******************************************************************************
*** MODULE SUMMARY
***

    Module                        ro code  ro data  rw data
    ------                        -------  -------  -------
command line/config:
    -------------------------------------------------------
    Total:

D:\SJWORK\purge\Purge_N2\EWARM\Purge_N2\Obj: [1]
    Modbus_o2.o                       400                26
    My_ADC_ReadData.o                 392                14
    Purge_ConfigStore.o               560
    Purge_Control.o                 2 284       70      166
    Purge_HostComm.o                3 790    1 536        4
    SFC.o                             364                34
    SHT85.o                           624                12
    SOFT_I2C.o                        532
    adc.o                             228                72
    cmsis_os2.o                       452             1 724
    dma.o                              48
    freertos.o                        154      144      444
    gpio.o                            320
    heap_4.o                          632        4   15 392
    list.o                            152
    main.o                            280
    port.o                            600        5        9
    portasm.o                         176
    queue.o                         1 786                64
    startup_stm32f427xx.o             780
    stm32f4xx_hal.o                   128        2        9
    stm32f4xx_hal_adc.o             1 372
    stm32f4xx_hal_cortex.o            236
    stm32f4xx_hal_dma.o             1 304        8
    stm32f4xx_hal_flash.o             532       15       32
    stm32f4xx_hal_flash_ex.o          436
    stm32f4xx_hal_gpio.o              612
    stm32f4xx_hal_msp.o                72
    stm32f4xx_hal_pwr_ex.o            124
    stm32f4xx_hal_rcc.o             1 536
    stm32f4xx_hal_tim.o               862
    stm32f4xx_hal_tim_ex.o              4
    stm32f4xx_hal_timebase_tim.o      172                72
    stm32f4xx_hal_uart.o            3 534
    stm32f4xx_it.o                     68
    system_stm32f4xx.o                 16       25        4
    tasks.o                         2 504        8    1 280
    timers.o                        1 152       16      300
    usart.o                           588               312
    -------------------------------------------------------
    Total:                         29 806    1 833   19 970

dl7M_tlf.a: [2]
    abort.o                             6
    exit.o                              4
    iar_Stoflt.o                      452
    iar_Stollx.o                      158
    iar_Stopfx.o                      290
    iar_Stoullx.o                     434       80
    iar_Stoulx.o                      326       80
    iar_Stoxflt.o                     540
    isalpha.o                          20
    isspace.o                          20
    low_level_init.o                    4
    snprintf.o                         68
    sscanf.o                           40
    strncmp.o                          40
    tolower.o                          20
    xfail_s.o                          64                 4
    xlocale_c.o                        76       63      128
    xprintffull_nomb.o              3 570
    xscanffull_nomb.o               3 280       76
    xsnprout.o                         26
    xsscin.o                           30
    -------------------------------------------------------
    Total:                          9 468      299      132

m7M_tls.a: [3]
    DblAdd.o                          378
    DblCmpGe.o                         46
    DblCmpLe.o                         46
    DblDiv.o                          582
    DblMul.o                          418
    DblSub.o                          226
    DblToFlt.o                        104
    DblToS32.o                         58
    DblToU32.o                         40
    FltToDbl.o                         72
    S32ToDbl.o                         34
    U32ToDbl.o                         26
    fpinit_M.o                         34
    frexp.o                           112
    ldexp.o                           314
    math_wrappers64.o                  14
    strto64.o                       1 306       72
    -------------------------------------------------------
    Total:                          3 810       72

rt7M_tl.a: [4]
    ABImemclr4.o                        6
    ABImemcpy.o                       166
    ABImemmove.o                      150
    ABImemset.o                       102
    ABImemset48.o                      50
    I64DivMod.o                       560
    I64DivZer.o                         2
    cexit.o                            10
    cmain.o                            30
    cstartup_M.o                       12
    data_init.o                        40
    lz77_init_single.o                122
    memchr.o                           88
    memcmp.o                          104
    strchr.o                           22
    strcmp.o                           18
    strlen.o                           54
    zero_init3.o                       58
    -------------------------------------------------------
    Total:                          1 594

shb_l.a: [5]
    exit.o                             20
    -------------------------------------------------------
    Total:                             20

    Gaps                               48       12
    Linker created                              32    1 024
-----------------------------------------------------------
    Grand Total:                   44 746    2 248   21 126


*******************************************************************************
*** ENTRY LIST
***

Entry                       Address    Size  Type      Object
-----                       -------    ----  ----      ------
.iar.init_table$$Base    0x800'b194           --   Gb  - Linker created -
.iar.init_table$$Limit   0x800'b1b4           --   Gb  - Linker created -
?main                    0x800'b1b5          Code  Gb  cmain.o [4]
ADC_Init                 0x800'71d5   0x15a  Code  Lc  stm32f4xx_hal_adc.o [1]
ADC_Read_Filter          0x800'40d1    0x2c  Code  Gb  My_ADC_ReadData.o [1]
ADC_Read_Single          0x800'4079    0x58  Code  Gb  My_ADC_ReadData.o [1]
AHBPrescTable            0x800'b440    0x10  Data  Gb  system_stm32f4xx.o [1]
APBPrescTable            0x800'b5c0     0x8  Data  Gb  system_stm32f4xx.o [1]
Analyse_HostCMDTask      0x800'8889    0x10  Code  Gb  freertos.o [1]
BusFault_Handler         0x800'aeaf     0x2  Code  Gb  stm32f4xx_it.o [1]
CSTACK$$Base            0x2000'4e90           --   Gb  - Linker created -
CSTACK$$Limit           0x2000'5290           --   Gb  - Linker created -
DMA2_Stream2_IRQHandler
                         0x800'aed3     0xa  Code  Gb  stm32f4xx_it.o [1]
DMA_CalcBaseAndBitshift
                         0x800'337b    0x30  Code  Lc  stm32f4xx_hal_dma.o [1]
DMA_CalcBaseAndBitshift::flagBitshiftOffset
                         0x800'b5b8     0x8  Data  Lc  stm32f4xx_hal_dma.o [1]
DMA_CheckFifoParam       0x800'33b9    0x88  Code  Lc  stm32f4xx_hal_dma.o [1]
DMA_SetConfig            0x800'334d    0x2e  Code  Lc  stm32f4xx_hal_dma.o [1]
DebugMon_Handler         0x800'aeb3     0x2  Code  Gb  stm32f4xx_it.o [1]
DelayUs                  0x800'6be9    0x16  Code  Gb  SOFT_I2C.o [1]
Dtentox                  0x800'6111   0x190  Code  Lc  strto64.o [3]
Error_Handler            0x800'65f3    0x12  Code  Gb  main.o [1]
FLASH_Erase_Sector       0x800'6b25    0x60  Code  Gb  stm32f4xx_hal_flash_ex.o [1]
FLASH_FlushCaches        0x800'6b85    0x50  Code  Gb  stm32f4xx_hal_flash_ex.o [1]
FLASH_MassErase          0x800'6ae1    0x44  Code  Lc  stm32f4xx_hal_flash_ex.o [1]
FLASH_Program_Byte       0x800'6983    0x1a  Code  Lc  stm32f4xx_hal_flash.o [1]
FLASH_Program_DoubleWord
                         0x800'691d    0x2a  Code  Lc  stm32f4xx_hal_flash.o [1]
FLASH_Program_HalfWord   0x800'6965    0x1e  Code  Lc  stm32f4xx_hal_flash.o [1]
FLASH_Program_Word       0x800'6947    0x1e  Code  Lc  stm32f4xx_hal_flash.o [1]
FLASH_SetErrorCode       0x800'699d    0x7e  Code  Lc  stm32f4xx_hal_flash.o [1]
FLASH_WaitForLastOperation
                         0x800'68cd    0x50  Code  Gb  stm32f4xx_hal_flash.o [1]
Flow_value              0x2000'4e08     0x4  Data  Gb  My_ADC_ReadData.o [1]
Get_Flow_LPM             0x800'4181    0x56  Code  Gb  My_ADC_ReadData.o [1]
Get_Inlet_Pressure_Bar   0x800'40fd    0x3c  Code  Gb  My_ADC_ReadData.o [1]
Get_Outlet_Pressure_Bar
                         0x800'4139    0x48  Code  Gb  My_ADC_ReadData.o [1]
HAL_ADC_ConfigChannel    0x800'7047   0x18e  Code  Gb  stm32f4xx_hal_adc.o [1]
HAL_ADC_GetValue         0x800'7041     0x6  Code  Gb  stm32f4xx_hal_adc.o [1]
HAL_ADC_Init             0x800'6dfd    0x64  Code  Gb  stm32f4xx_hal_adc.o [1]
HAL_ADC_MspInit          0x800'860f    0x5e  Code  Gb  adc.o [1]
HAL_ADC_PollForConversion
                         0x800'6f8f    0xb2  Code  Gb  stm32f4xx_hal_adc.o [1]
HAL_ADC_Start            0x800'6e61   0x12e  Code  Gb  stm32f4xx_hal_adc.o [1]
HAL_DMA_Abort            0x800'307d    0x9c  Code  Gb  stm32f4xx_hal_dma.o [1]
HAL_DMA_Abort_IT         0x800'3119    0x26  Code  Gb  stm32f4xx_hal_dma.o [1]
HAL_DMA_GetError         0x800'3349     0x4  Code  Gb  stm32f4xx_hal_dma.o [1]
HAL_DMA_IRQHandler       0x800'313f   0x20a  Code  Gb  stm32f4xx_hal_dma.o [1]
HAL_DMA_Init             0x800'2f29    0xe0  Code  Gb  stm32f4xx_hal_dma.o [1]
HAL_DMA_Start_IT         0x800'3009    0x74  Code  Gb  stm32f4xx_hal_dma.o [1]
HAL_Delay                0x800'3d55    0x28  Code  Wk  stm32f4xx_hal.o [1]
HAL_FLASHEx_Erase        0x800'6a35    0xac  Code  Gb  stm32f4xx_hal_flash_ex.o [1]
HAL_FLASH_Lock           0x800'68bf     0xe  Code  Gb  stm32f4xx_hal_flash.o [1]
HAL_FLASH_Program        0x800'6821    0x7e  Code  Gb  stm32f4xx_hal_flash.o [1]
HAL_FLASH_Unlock         0x800'689f    0x20  Code  Gb  stm32f4xx_hal_flash.o [1]
HAL_GPIO_Init            0x800'4201   0x1ea  Code  Gb  stm32f4xx_hal_gpio.o [1]
HAL_GPIO_ReadPin         0x800'43eb    0x12  Code  Gb  stm32f4xx_hal_gpio.o [1]
HAL_GPIO_TogglePin       0x800'4411    0x14  Code  Gb  stm32f4xx_hal_gpio.o [1]
HAL_GPIO_WritePin        0x800'43fd    0x14  Code  Gb  stm32f4xx_hal_gpio.o [1]
HAL_GetTick              0x800'1f5d     0xc  Code  Wk  stm32f4xx_hal.o [1]
HAL_IncTick              0x800'8d0d    0x18  Code  Wk  stm32f4xx_hal.o [1]
HAL_Init                 0x800'83fd    0x30  Code  Gb  stm32f4xx_hal.o [1]
HAL_InitTick             0x800'6709    0x96  Code  Gb  stm32f4xx_hal_timebase_tim.o [1]
HAL_MspInit              0x800'90b5    0x48  Code  Gb  stm32f4xx_hal_msp.o [1]
HAL_NVIC_EnableIRQ       0x800'66eb     0xa  Code  Gb  stm32f4xx_hal_cortex.o [1]
HAL_NVIC_SetPriority     0x800'66c9    0x22  Code  Gb  stm32f4xx_hal_cortex.o [1]
HAL_NVIC_SetPriorityGrouping
                         0x800'66c1     0x8  Code  Gb  stm32f4xx_hal_cortex.o [1]
HAL_PWREx_EnableOverDrive
                         0x800'8c91    0x6a  Code  Gb  stm32f4xx_hal_pwr_ex.o [1]
HAL_RCC_ClockConfig      0x800'3449   0x13a  Code  Gb  stm32f4xx_hal_rcc.o [1]
HAL_RCC_GetClockConfig   0x800'35b5    0x34  Code  Gb  stm32f4xx_hal_rcc.o [1]
HAL_RCC_GetHCLKFreq      0x800'3583     0x6  Code  Gb  stm32f4xx_hal_rcc.o [1]
HAL_RCC_GetPCLK1Freq     0x800'3589    0x16  Code  Gb  stm32f4xx_hal_rcc.o [1]
HAL_RCC_GetPCLK2Freq     0x800'359f    0x16  Code  Gb  stm32f4xx_hal_rcc.o [1]
HAL_RCC_OscConfig        0x800'88cd   0x3c4  Code  Wk  stm32f4xx_hal_rcc.o [1]
HAL_TIMEx_BreakCallback
                         0x800'9d23     0x2  Code  Wk  stm32f4xx_hal_tim_ex.o [1]
HAL_TIMEx_CommutCallback
                         0x800'9d27     0x2  Code  Wk  stm32f4xx_hal_tim_ex.o [1]
HAL_TIM_Base_Init        0x800'8d59    0x6e  Code  Gb  stm32f4xx_hal_tim.o [1]
HAL_TIM_Base_Start_IT    0x800'8dc7    0x96  Code  Gb  stm32f4xx_hal_tim.o [1]
HAL_TIM_IRQHandler       0x800'8e79   0x13e  Code  Gb  stm32f4xx_hal_tim.o [1]
HAL_TIM_PeriodElapsedCallback
                         0x800'65e3    0x10  Code  Gb  main.o [1]
HAL_UART_Abort           0x800'13ed   0x10c  Code  Gb  stm32f4xx_hal_uart.o [1]
HAL_UART_ErrorCallback   0x800'01e3    0x24  Code  Gb  Purge_HostComm.o [1]
HAL_UART_GetState        0x800'17b7    0x14  Code  Gb  stm32f4xx_hal_uart.o [1]
HAL_UART_IRQHandler      0x800'14f9   0x2be  Code  Gb  stm32f4xx_hal_uart.o [1]
HAL_UART_Init            0x800'1195    0x7a  Code  Gb  stm32f4xx_hal_uart.o [1]
HAL_UART_MspInit         0x800'2d79   0x176  Code  Gb  usart.o [1]
HAL_UART_Receive         0x800'12cf    0xca  Code  Gb  stm32f4xx_hal_uart.o [1]
HAL_UART_Receive_DMA     0x800'13c3    0x2a  Code  Gb  stm32f4xx_hal_uart.o [1]
HAL_UART_Receive_IT      0x800'1399    0x2a  Code  Gb  stm32f4xx_hal_uart.o [1]
HAL_UART_RxCpltCallback
                         0x800'03a7    0x10  Code  Gb  Purge_HostComm.o [1]
HAL_UART_Transmit        0x800'120f    0xc0  Code  Gb  stm32f4xx_hal_uart.o [1]
HardFault_Handler        0x800'aeab     0x2  Code  Gb  stm32f4xx_it.o [1]
Humidity                0x2000'4e24     0x4  Data  Gb  SHT85.o [1]
I2C11_Send_ACK           0x800'6d01    0x36  Code  Gb  SOFT_I2C.o [1]
I2C1_Read_ACK            0x800'6caf    0x52  Code  Gb  SOFT_I2C.o [1]
I2C1_Read_Byte           0x800'6d8d    0x6a  Code  Gb  SOFT_I2C.o [1]
I2C1_Send_Byte           0x800'6d37    0x56  Code  Gb  SOFT_I2C.o [1]
I2C1_Start               0x800'6c47    0x34  Code  Gb  SOFT_I2C.o [1]
I2C1_Stop                0x800'6c7b    0x34  Code  Gb  SOFT_I2C.o [1]
KernelState             0x2000'4dd8     0x4  Data  Lc  cmsis_os2.o [1]
LoadInt                  0x800'4613    0x7a  Code  Lc  xprintffull_nomb.o [2]
MX_ADC1_Init             0x800'85a1    0x6e  Code  Gb  adc.o [1]
MX_DMA_Init              0x800'8571    0x30  Code  Gb  dma.o [1]
MX_FREERTOS_Init         0x800'8831    0x3e  Code  Gb  freertos.o [1]
MX_GPIO_Init             0x800'8431   0x140  Code  Gb  gpio.o [1]
MX_USART1_UART_Init      0x800'2cdd    0x34  Code  Gb  usart.o [1]
MX_USART3_UART_Init      0x800'2d11    0x34  Code  Gb  usart.o [1]
MX_USART6_UART_Init      0x800'2d45    0x34  Code  Gb  usart.o [1]
MemManage_Handler        0x800'aead     0x2  Code  Gb  stm32f4xx_it.o [1]
Modbus_AssembleReqFrame
                         0x800'3f37    0x3a  Code  Gb  Modbus_o2.o [1]
Modbus_CRC16             0x800'3ee9    0x4e  Code  Gb  Modbus_o2.o [1]
NMI_Handler              0x800'aea9     0x2  Code  Gb  stm32f4xx_it.o [1]
NVIC_EncodePriority      0x800'6685    0x3c  Code  Lc  stm32f4xx_hal_cortex.o [1]
O2_Sensor_ReadConcentration
                         0x800'3f71    0xee  Code  Gb  Modbus_o2.o [1]
PendSV_Handler           0x800'a4cd          Code  Gb  portasm.o [1]
PurgeConfigStore_ApplyImage
                         0x800'3a07    0x48  Code  Lc  Purge_ConfigStore.o [1]
PurgeConfigStore_CalcChecksum
                         0x800'3aa9    0x1e  Code  Lc  Purge_ConfigStore.o [1]
PurgeConfigStore_FillImage
                         0x800'39a5    0x62  Code  Lc  Purge_ConfigStore.o [1]
PurgeConfigStore_GetFlashImage
                         0x800'3ac7     0x4  Code  Lc  Purge_ConfigStore.o [1]
PurgeConfigStore_IsImageValid
                         0x800'3a4f    0x5a  Code  Lc  Purge_ConfigStore.o [1]
PurgeConfigStore_Load    0x800'38b5    0x20  Code  Gb  Purge_ConfigStore.o [1]
PurgeConfigStore_Save    0x800'38d5    0xd0  Code  Gb  Purge_ConfigStore.o [1]
PurgeControl_ApplySafeOutputs
                         0x800'204d    0x2a  Code  Gb  Purge_Control.o [1]
PurgeControl_CalcRunCommandFlow
                         0x800'24fd    0xfa  Code  Lc  Purge_Control.o [1]
PurgeControl_ClearCommands
                         0x800'24d7    0x16  Code  Lc  Purge_Control.o [1]
PurgeControl_GetStateName
                         0x800'2077    0x48  Code  Gb  Purge_Control.o [1]
PurgeControl_Init        0x800'1f69    0x64  Code  Gb  Purge_Control.o [1]
PurgeControl_IsTimeout   0x800'24ed    0x10  Code  Lc  Purge_Control.o [1]
PurgeControl_LoadDefaultConfig
                         0x800'20bf    0x6c  Code  Lc  Purge_Control.o [1]
PurgeControl_MicroCavity
                         0x800'2033     0xc  Code  Gb  Purge_Control.o [1]
PurgeControl_OutputFill
                         0x800'25f7    0x94  Code  Lc  Purge_Control.o [1]
PurgeControl_OutputRun   0x800'268b    0x94  Code  Lc  Purge_Control.o [1]
PurgeControl_PodCavity   0x800'2027     0xc  Code  Gb  Purge_Control.o [1]
PurgeControl_Process     0x800'1fd5    0x46  Code  Gb  Purge_Control.o [1]
PurgeControl_ReadSensors
                         0x800'212d    0xc8  Code  Lc  Purge_Control.o [1]
PurgeControl_SaveConfig
                         0x800'1fcd     0x8  Code  Gb  Purge_Control.o [1]
PurgeControl_SetAirOutlet
                         0x800'27a7    0x20  Code  Lc  Purge_Control.o [1]
PurgeControl_SetInlet1   0x800'2763    0x20  Code  Lc  Purge_Control.o [1]
PurgeControl_SetInlet2   0x800'2783    0x24  Code  Lc  Purge_Control.o [1]
PurgeControl_SetPodRelay
                         0x800'27c7    0x20  Code  Lc  Purge_Control.o [1]
PurgeControl_SetState    0x800'249f    0x38  Code  Lc  Purge_Control.o [1]
PurgeControl_SetVacuumGenerator
                         0x800'273f    0x24  Code  Lc  Purge_Control.o [1]
PurgeControl_SetVacuumRelay
                         0x800'271f    0x20  Code  Lc  Purge_Control.o [1]
PurgeControl_Start       0x800'201b     0xc  Code  Gb  Purge_Control.o [1]
PurgeControl_Stop        0x800'203f     0xc  Code  Gb  Purge_Control.o [1]
PurgeControl_UpdateFaults
                         0x800'21f5   0x16c  Code  Lc  Purge_Control.o [1]
PurgeControl_UpdateStateMachine
                         0x800'2369   0x136  Code  Lc  Purge_Control.o [1]
PurgeHostComm_Equals     0x800'0f91    0x20  Code  Lc  Purge_HostComm.o [1]
PurgeHostComm_FeedByte   0x800'0259    0x54  Code  Gb  Purge_HostComm.o [1]
PurgeHostComm_FinalizeLine
                         0x800'0fb1    0x46  Code  Lc  Purge_HostComm.o [1]
PurgeHostComm_HandleAsciiProtocol
                         0x800'03e1   0x77c  Code  Lc  Purge_HostComm.o [1]
PurgeHostComm_HandleLine
                         0x800'03b7    0x24  Code  Lc  Purge_HostComm.o [1]
PurgeHostComm_Init       0x800'01ad    0x36  Code  Gb  Purge_HostComm.o [1]
PurgeHostComm_OnUart3RxCplt
                         0x800'037d    0x2a  Code  Gb  Purge_HostComm.o [1]
PurgeHostComm_ParseKeyValue
                         0x800'0d89    0xa0  Code  Lc  Purge_HostComm.o [1]
PurgeHostComm_Process    0x800'0207    0x52  Code  Gb  Purge_HostComm.o [1]
PurgeHostComm_ProcessAsciiAlarms
                         0x800'0b5d    0xa0  Code  Lc  Purge_HostComm.o [1]
PurgeHostComm_ProcessAsciiEvents
                         0x800'0c01    0xb4  Code  Lc  Purge_HostComm.o [1]
PurgeHostComm_RingPop    0x800'0ff7    0x40  Code  Lc  Purge_HostComm.o [1]
PurgeHostComm_RingPushIsr
                         0x800'1037    0x44  Code  Lc  Purge_HostComm.o [1]
PurgeHostComm_SendPromptErr
                         0x800'0cef    0x1e  Code  Lc  Purge_HostComm.o [1]
PurgeHostComm_SendSensors
                         0x800'02f7    0x70  Code  Gb  Purge_HostComm.o [1]
PurgeHostComm_SendStatus
                         0x800'02ad    0x4a  Code  Gb  Purge_HostComm.o [1]
PurgeHostComm_SendText   0x800'0cb5    0x3a  Code  Lc  Purge_HostComm.o [1]
PurgeHostComm_StartUart3RxIT
                         0x800'0367    0x16  Code  Gb  Purge_HostComm.o [1]
PurgeHostComm_Trim       0x800'0d25    0x64  Code  Lc  Purge_HostComm.o [1]
PurgeHostComm_TryParseFloat
                         0x800'0f21    0x3a  Code  Lc  Purge_HostComm.o [1]
PurgeHostComm_TryParseUint32
                         0x800'0f5b    0x36  Code  Lc  Purge_HostComm.o [1]
Region$$Table$$Base      0x800'b194           --   Gb  - Linker created -
Region$$Table$$Limit     0x800'b1b4           --   Gb  - Linker created -
SFC_ReadFlowValue        0x800'3e21    0xac  Code  Gb  SFC.o [1]
SFC_SetFlowValue         0x800'3d7d    0xa2  Code  Gb  SFC.o [1]
SHT85_Cmd_Read           0x800'3b01     0xc  Code  Gb  SHT85.o [1]
SHT85_Cmd_Write          0x800'3af5     0xc  Code  Gb  SHT85.o [1]
SHT85_Config             0x800'3c0d    0x1e  Code  Gb  SHT85.o [1]
SHT85_ID                0x2000'4e1c     0x4  Data  Gb  SHT85.o [1]
SHT85_Init               0x800'3c2b    0x28  Code  Gb  SHT85.o [1]
SHT85_Read_ID            0x800'3b5b    0xb2  Code  Gb  SHT85.o [1]
SHT85_Read_Result        0x800'3c55    0xe2  Code  Gb  SHT85.o [1]
SHT85_Reset              0x800'3b33    0x28  Code  Gb  SHT85.o [1]
SHT85_Send_Cmd           0x800'3b0d    0x26  Code  Gb  SHT85.o [1]
SHT85_Start              0x800'3ae5     0x8  Code  Gb  SHT85.o [1]
SHT85_Stop               0x800'3aed     0x8  Code  Gb  SHT85.o [1]
SVC_Handler              0x800'a525          Code  Gb  portasm.o [1]
SVC_Setup                0x800'86c3     0xe  Code  Lc  cmsis_os2.o [1]
Set_SCL1                 0x800'6bff    0x24  Code  Gb  SOFT_I2C.o [1]
Set_SDA1                 0x800'6c23    0x24  Code  Gb  SOFT_I2C.o [1]
StartDefaultTask         0x800'8871    0x16  Code  Gb  freertos.o [1]
SysTick_Handler          0x800'86ad    0x16  Code  Gb  cmsis_os2.o [1]
SystemClock_Config       0x800'6535    0xae  Code  Gb  main.o [1]
SystemCoreClock         0x2000'0034     0x4  Data  Gb  system_stm32f4xx.o [1]
SystemInit               0x800'b461     0xc  Code  Gb  system_stm32f4xx.o [1]
System_ProcessTask       0x800'88b9    0x12  Code  Gb  freertos.o [1]
TIM1_UP_TIM10_IRQHandler
                         0x800'aeb5     0xa  Code  Gb  stm32f4xx_it.o [1]
TIM_Base_SetConfig       0x800'8fb7    0xc8  Code  Gb  stm32f4xx_hal_tim.o [1]
Temperature             0x2000'4e20     0x4  Data  Gb  SHT85.o [1]
UART_DMAAbortOnError     0x800'1ae1     0xe  Code  Lc  stm32f4xx_hal_uart.o [1]
UART_DMAError            0x800'1889    0x56  Code  Lc  stm32f4xx_hal_uart.o [1]
UART_DMAReceiveCplt      0x800'17cb    0x9e  Code  Lc  stm32f4xx_hal_uart.o [1]
UART_DMARxHalfCplt       0x800'1869    0x20  Code  Lc  stm32f4xx_hal_uart.o [1]
UART_EndRxTransfer       0x800'1a81    0x60  Code  Lc  stm32f4xx_hal_uart.o [1]
UART_EndTransmit_IT      0x800'1b53    0x1c  Code  Lc  stm32f4xx_hal_uart.o [1]
UART_EndTxTransfer       0x800'1a5f    0x22  Code  Lc  stm32f4xx_hal_uart.o [1]
UART_Receive_IT          0x800'1b6f    0xee  Code  Lc  stm32f4xx_hal_uart.o [1]
UART_SetConfig           0x800'1c5d   0x2e6  Code  Lc  stm32f4xx_hal_uart.o [1]
UART_Start_Receive_DMA   0x800'199f    0xc0  Code  Gb  stm32f4xx_hal_uart.o [1]
UART_Start_Receive_IT    0x800'1961    0x3e  Code  Gb  stm32f4xx_hal_uart.o [1]
UART_Transmit_IT         0x800'1af1    0x62  Code  Lc  stm32f4xx_hal_uart.o [1]
UART_WaitOnFlagUntilTimeout
                         0x800'18df    0x82  Code  Lc  stm32f4xx_hal_uart.o [1]
USART1_IRQHandler        0x800'aebf     0xa  Code  Gb  stm32f4xx_it.o [1]
USART3_IRQHandler        0x800'aec9     0xa  Code  Gb  stm32f4xx_it.o [1]
UsageFault_Handler       0x800'aeb1     0x2  Code  Gb  stm32f4xx_it.o [1]
_GenldFullNoMb           0x800'4f55   0x274  Code  Lc  xprintffull_nomb.o [2]
_GetN                    0x800'5259    0x22  Code  Lc  xscanffull_nomb.o [2]
_GetfldFullNoMb          0x800'5437   0x126  Code  Lc  xscanffull_nomb.o [2]
_GetfloatFullNoMb        0x800'596d   0x540  Code  Lc  xscanffull_nomb.o [2]
_GetintFullNoMb          0x800'5747   0x21e  Code  Lc  xscanffull_nomb.o [2]
_GetstrFullNoMb          0x800'55a1   0x1a0  Code  Lc  xscanffull_nomb.o [2]
_LdtobFullNoMb           0x800'4b51   0x3d6  Code  Lc  xprintffull_nomb.o [2]
_LitobFullNoMb           0x800'4a01   0x10a  Code  Lc  xprintffull_nomb.o [2]
_LocaleC_isalpha         0x800'5f2f     0xc  Code  Gb  xlocale_c.o [2]
_LocaleC_islower         0x800'5f29     0x4  Code  Gb  xlocale_c.o [2]
_LocaleC_isspace         0x800'5f45    0x14  Code  Gb  xlocale_c.o [2]
_LocaleC_isupper         0x800'5f2d     0x2  Code  Gb  xlocale_c.o [2]
_LocaleC_tolower         0x800'5f59     0xc  Code  Gb  xlocale_c.o [2]
_Locale_lconv           0x2000'0038    0x38  Data  Lc  xlocale_c.o [2]
_PrintfFullNoMb          0x800'4465   0x19e  Code  Gb  xprintffull_nomb.o [2]
_PutcharsFullNoMb        0x800'51c9    0x2e  Code  Lc  xprintffull_nomb.o [2]
_PutfldFullNoMb          0x800'468d   0x268  Code  Lc  xprintffull_nomb.o [2]
_PuttxtFullNoMb          0x800'48f5   0x10c  Code  Lc  xprintffull_nomb.o [2]
_SNProut                 0x800'2a2f    0x1a  Code  Gb  xsnprout.o [2]
_SScin                   0x800'297b    0x1e  Code  Gb  xsscin.o [2]
_ScanfFullNoMb           0x800'5295   0x1a2  Code  Gb  xscanffull_nomb.o [2]
_UngetN                  0x800'527b    0x1a  Code  Lc  xscanffull_nomb.o [2]
__NVIC_EnableIRQ         0x800'6645    0x1c  Code  Lc  stm32f4xx_hal_cortex.o [1]
__NVIC_GetPriorityGrouping
                         0x800'663b     0xa  Code  Lc  stm32f4xx_hal_cortex.o [1]
__NVIC_SetPriority       0x800'8685    0x28  Code  Lc  cmsis_os2.o [1]
__NVIC_SetPriority       0x800'6661    0x24  Code  Lc  stm32f4xx_hal_cortex.o [1]
__NVIC_SetPriorityGrouping
                         0x800'661d    0x1e  Code  Lc  stm32f4xx_hal_cortex.o [1]
__aeabi_cdcmple          0x800'75ad          Code  Gb  DblCmpLe.o [3]
__aeabi_cdrcmple         0x800'75dd          Code  Gb  DblCmpGe.o [3]
__aeabi_d2f              0x800'2b19          Code  Gb  DblToFlt.o [3]
__aeabi_d2iz             0x800'7749          Code  Gb  DblToS32.o [3]
__aeabi_d2uiz            0x800'7ad5          Code  Gb  DblToU32.o [3]
__aeabi_dadd             0x800'8065          Code  Gb  DblAdd.o [3]
__aeabi_ddiv             0x800'788d          Code  Gb  DblDiv.o [3]
__aeabi_dmul             0x800'7399          Code  Gb  DblMul.o [3]
__aeabi_dsub             0x800'77a9          Code  Gb  DblSub.o [3]
__aeabi_f2d              0x800'2899          Code  Gb  FltToDbl.o [3]
__aeabi_i2d              0x800'7785          Code  Gb  S32ToDbl.o [3]
__aeabi_ldiv0            0x800'67b5          Code  Gb  I64DivZer.o [4]
__aeabi_memclr4          0x800'6615          Code  Gb  ABImemclr4.o [4]
__aeabi_memcpy           0x800'2a61          Code  Gb  ABImemcpy.o [4]
__aeabi_memcpy4          0x800'2a81          Code  Gb  ABImemcpy.o [4]
__aeabi_memcpy8          0x800'2a81          Code  Gb  ABImemcpy.o [4]
__aeabi_memmove          0x800'2999          Code  Gb  ABImemmove.o [4]
__aeabi_memmove4         0x800'2999          Code  Gb  ABImemmove.o [4]
__aeabi_memmove8         0x800'2999          Code  Gb  ABImemmove.o [4]
__aeabi_memset           0x800'10f5          Code  Gb  ABImemset.o [4]
__aeabi_ui2d             0x800'7afd          Code  Gb  U32ToDbl.o [3]
__aeabi_uldivmod         0x800'3685          Code  Gb  I64DivMod.o [4]
__cmain                  0x800'b1b5          Code  Gb  cmain.o [4]
__exit                   0x800'9d29    0x14  Code  Gb  exit.o [5]
__iar_Fail_s             0x800'7359    0x1c  Code  Gb  xfail_s.o [2]
__iar_Memchr             0x800'64a5          Code  Gb  memchr.o [4]
__iar_Memset             0x800'10f5          Code  Gb  ABImemset.o [4]
__iar_Memset4_word       0x800'8d25          Code  Gb  ABImemset48.o [4]
__iar_Memset8_word       0x800'8d25          Code  Gb  ABImemset48.o [4]
__iar_Memset_word        0x800'10fd          Code  Gb  ABImemset.o [4]
__iar_Sto64              0x800'62b1   0x194  Code  Gb  strto64.o [3]
__iar_Stoflt             0x800'7ea1   0x1c4  Code  Gb  iar_Stoflt.o [2]
__iar_Stollx             0x800'7b19    0x96  Code  Gb  iar_Stollx.o [2]
__iar_Stopfx             0x800'7d7f   0x122  Code  Gb  iar_Stopfx.o [2]
__iar_Stoullx            0x800'7bb9   0x1a4  Code  Gb  iar_Stoullx.o [2]
__iar_Stoulx             0x800'2b81   0x13a  Code  Gb  iar_Stoulx.o [2]
__iar_Stoxflt            0x800'81e1   0x1e6  Code  Gb  iar_Stoxflt.o [2]
__iar_Stoxflt::digits    0x800'83cc    0x18  Data  Lc  iar_Stoxflt.o [2]
__iar_Stoxflt::vals      0x800'83e4    0x18  Data  Lc  iar_Stoxflt.o [2]
__iar_Strchr             0x800'2a49          Code  Gb  strchr.o [4]
__iar_dadd               0x800'77b9          Code  Gb  DblSub.o [3]
__iar_data_init3         0x800'b0b9    0x28  Code  Gb  data_init.o [4]
__iar_dsub               0x800'8075          Code  Gb  DblAdd.o [3]
__iar_dsubStart          0x800'8087          Code  Gb  DblAdd.o [3]
__iar_frexp              0x800'7549          Code  Gb  frexp.o [3]
__iar_frexpl             0x800'7549          Code  Gb  frexp.o [3]
__iar_globLocale        0x2000'0070    0x48  Data  Lc  xlocale_c.o [2]
__iar_global_Locale      0x800'5f65     0x4  Code  Gb  xlocale_c.o [2]
__iar_init_vfp           0x800'b171          Code  Gb  fpinit_M.o [3]
__iar_ldexp64            0x800'760d          Code  Gb  ldexp.o [3]
__iar_lz77_init_single3
                         0x800'107b    0x7a  Code  Gb  lz77_init_single.o [4]
__iar_program_start      0x800'b555          Code  Gb  cstartup_M.o [4]
__iar_scalbln64          0x800'760d          Code  Gb  ldexp.o [3]
__iar_scalbn64           0x800'760d          Code  Gb  ldexp.o [3]
__iar_softfp___iar_frexp64
                         0x800'753d          Code  Gb  frexp.o [3]
__iar_softfp_frexp       0x800'753d          Code  Gb  frexp.o [3]
__iar_softfp_frexpl      0x800'753d          Code  Gb  frexp.o [3]
__iar_vfp_strtod         0x800'2b0f     0x8  Code  Gb  math_wrappers64.o [3]
__iar_zero_init3         0x800'115b    0x3a  Code  Gb  zero_init3.o [4]
__low_level_init         0x800'b1d3     0x4  Code  Gb  low_level_init.o [2]
__vector_table           0x800'0000          Data  Gb  startup_stm32f427xx.o [1]
_call_main               0x800'b1c1          Code  Gb  cmain.o [4]
_exit                    0x800'b1dd          Code  Gb  cexit.o [4]
_main                    0x800'b1cf          Code  Gb  cmain.o [4]
abort                    0x800'90af     0x6  Code  Gb  abort.o [2]
ddiv                     0x800'603d    0xc4  Code  Lc  strto64.o [3]
defaultTaskHandle       0x2000'4ddc     0x4  Data  Gb  freertos.o [1]
defaultTask_attributes   0x800'b0e0    0x24  Data  Gb  freertos.o [1]
digits                   0x800'ad68    0x28  Data  Lc  iar_Stoulx.o [2]
digits                   0x800'adb8    0x28  Data  Lc  iar_Stoullx.o [2]
dmul                     0x800'5f75    0xc6  Code  Lc  strto64.o [3]
exit                     0x800'b1d7     0x4  Code  Gb  exit.o [2]
flow_ctr_rawvalue       0x2000'4e84     0x2  Data  Gb  SFC.o [1]
g_host_comm             0x2000'471c   0x1b0  Data  Lc  freertos.o [1]
g_purge_ctrl            0x2000'496c    0x90  Data  Gb  Purge_Control.o [1]
hadc1                   0x2000'4b64    0x48  Data  Gb  adc.o [1]
hdma_usart1_rx          0x2000'49fc    0x60  Data  Gb  usart.o [1]
htim10                  0x2000'4bac    0x48  Data  Gb  stm32f4xx_hal_timebase_tim.o [1]
huart1                  0x2000'4bf4    0x48  Data  Gb  usart.o [1]
huart3                  0x2000'4c3c    0x48  Data  Gb  usart.o [1]
huart6                  0x2000'4c84    0x48  Data  Gb  usart.o [1]
in_pressure             0x2000'4e00     0x4  Data  Gb  My_ADC_ReadData.o [1]
isalpha                  0x800'7d6b    0x14  Code  Gb  isalpha.o [2]
isspace                  0x800'2967    0x14  Code  Gb  isspace.o [2]
ldexp                    0x800'760d          Code  Gb  ldexp.o [3]
ldexpl                   0x800'760d          Code  Gb  ldexp.o [3]
localeconv               0x800'5f69     0x4  Code  Gb  xlocale_c.o [2]
main                     0x800'64fd    0x38  Code  Gb  main.o [1]
memchr                   0x800'64a5          Code  Gb  memchr.o [4]
memcmp                   0x800'67b9          Code  Gb  memcmp.o [4]
myTask02Handle          0x2000'4de0     0x4  Data  Gb  freertos.o [1]
myTask02_attributes      0x800'b104    0x24  Data  Gb  freertos.o [1]
myTask03Handle          0x2000'4de4     0x4  Data  Gb  freertos.o [1]
myTask03_attributes      0x800'b128    0x24  Data  Gb  freertos.o [1]
ndigs                    0x800'ad40    0x28  Data  Lc  iar_Stoulx.o [2]
ndigs                    0x800'ad90    0x28  Data  Lc  iar_Stoullx.o [2]
o2_dma_recv_buf         0x2000'4db0     0x8  Data  Gb  Modbus_o2.o [1]
o2_raw                  0x2000'4e80     0x2  Data  Gb  Modbus_o2.o [1]
osDelay                  0x800'87eb    0x1e  Code  Gb  cmsis_os2.o [1]
osKernelInitialize       0x800'86d1    0x26  Code  Gb  cmsis_os2.o [1]
osKernelStart            0x800'86f7    0x30  Code  Gb  cmsis_os2.o [1]
osThreadNew              0x800'8727    0xc4  Code  Gb  cmsis_os2.o [1]
out_pressure            0x2000'4e04     0x4  Data  Gb  My_ADC_ReadData.o [1]
pFlash                  0x2000'0014    0x20  Data  Gb  stm32f4xx_hal_flash.o [1]
pcInterruptPriorityRegisters
                         0x800'b5ec     0x4  Data  Lc  port.o [1]
pows                     0x800'ae60    0x48  Data  Lc  strto64.o [3]
prvAddCurrentTaskToDelayedList
                         0x800'9a2d    0x5a  Code  Lc  tasks.o [1]
prvAddNewTaskToReadyList
                         0x800'92b7    0x9e  Code  Lc  tasks.o [1]
prvCheckForValidListAndQueue
                         0x800'a44f    0x4c  Code  Lc  timers.o [1]
prvCheckForValidListAndQueue{1}{2}{3}{4}::ucStaticTimerQueueStorage
                        0x2000'48cc    0xa0  Data  Lc  timers.o [1]
prvCheckForValidListAndQueue{1}{2}{3}{4}::xStaticTimerQueue
                        0x2000'4b14    0x50  Data  Lc  timers.o [1]
prvCheckTasksWaitingTermination
                         0x800'98bf    0x3c  Code  Lc  tasks.o [1]
prvCopyDataFromQueue     0x800'ab4b    0x2a  Code  Lc  queue.o [1]
prvCopyDataToQueue       0x800'aac5    0x86  Code  Lc  queue.o [1]
prvDeleteTCB             0x800'98fb    0x42  Code  Lc  tasks.o [1]
prvGetNextExpireTime     0x800'a213    0x26  Code  Lc  timers.o [1]
prvHeapInit              0x800'9ed3    0x5e  Code  Lc  heap_4.o [1]
prvIdleTask              0x800'983d    0x22  Code  Lc  tasks.o [1]
prvInitialiseNewQueue    0x800'a6cf    0x22  Code  Lc  queue.o [1]
prvInitialiseNewTask     0x800'91f5    0xc2  Code  Lc  tasks.o [1]
prvInitialiseTaskLists   0x800'9869    0x56  Code  Lc  tasks.o [1]
prvInsertBlockIntoFreeList
                         0x800'9f31    0x5e  Code  Lc  heap_4.o [1]
prvInsertTimerInActiveList
                         0x800'a261    0x3e  Code  Lc  timers.o [1]
prvIsQueueEmpty          0x800'abe3    0x1c  Code  Lc  queue.o [1]
prvIsQueueFull           0x800'abff    0x1e  Code  Lc  queue.o [1]
prvProcessExpiredTimer   0x800'a11b    0x6a  Code  Lc  timers.o [1]
prvProcessReceivedCommands
                         0x800'a29f   0x13c  Code  Lc  timers.o [1]
prvProcessTimerOrBlockTask
                         0x800'a19d    0x76  Code  Lc  timers.o [1]
prvResetNextTaskUnblockTime
                         0x800'993d    0x24  Code  Lc  tasks.o [1]
prvSampleTimeNow         0x800'a239    0x28  Code  Lc  timers.o [1]
prvSampleTimeNow::xLastTime
                        0x2000'4e78     0x4  Data  Lc  timers.o [1]
prvSwitchTimerLists      0x800'a3db    0x74  Code  Lc  timers.o [1]
prvTaskExitError         0x800'9aed    0x2a  Code  Lc  port.o [1]
prvTimerTask             0x800'a189    0x14  Code  Lc  timers.o [1]
prvUnlockQueue           0x800'ab75    0x6e  Code  Lc  queue.o [1]
pvPortMalloc             0x800'9d3d   0x11c  Code  Gb  heap_4.o [1]
pxCurrentTCB            0x2000'4e2c     0x4  Data  Gb  tasks.o [1]
pxCurrentTimerList      0x2000'4e68     0x4  Data  Lc  timers.o [1]
pxDelayedTaskList       0x2000'4e30     0x4  Data  Lc  tasks.o [1]
pxEnd                   0x2000'4de8     0x4  Data  Lc  heap_4.o [1]
pxOverflowDelayedTaskList
                        0x2000'4e34     0x4  Data  Lc  tasks.o [1]
pxOverflowTimerList     0x2000'4e6c     0x4  Data  Lc  timers.o [1]
pxPortInitialiseStack    0x800'9ac5    0x28  Code  Gb  port.o [1]
pxReadyTasksLists       0x2000'3cbc   0x460  Data  Lc  tasks.o [1]
ranmatch                 0x800'555d    0x44  Code  Lc  xscanffull_nomb.o [2]
req_frame               0x2000'4da0     0x8  Data  Gb  Modbus_o2.o [1]
resp_frame              0x2000'4da8     0x8  Data  Gb  Modbus_o2.o [1]
rx_readframe            0x2000'4dd0     0x8  Data  Gb  SFC.o [1]
rx_setframe             0x2000'4dc0     0x8  Data  Gb  SFC.o [1]
s_host_comm             0x2000'4e18     0x4  Data  Lc  Purge_HostComm.o [1]
s_run_adjust_active     0x2000'4e88     0x1  Data  Lc  Purge_Control.o [1]
s_run_adjust_start_tick
                        0x2000'4e14     0x4  Data  Lc  Purge_Control.o [1]
s_run_adjust_step_lpm   0x2000'0008     0x4  Data  Lc  Purge_Control.o [1]
s_run_adjust_timeout_ms
                        0x2000'000c     0x4  Data  Lc  Purge_Control.o [1]
s_run_command_flow_lpm  0x2000'4e10     0x4  Data  Lc  Purge_Control.o [1]
s_run_flow_margin_lpm   0x2000'0004     0x4  Data  Lc  Purge_Control.o [1]
scalbln                  0x800'760d          Code  Gb  ldexp.o [3]
scalblnl                 0x800'760d          Code  Gb  ldexp.o [3]
scalbn                   0x800'760d          Code  Gb  ldexp.o [3]
scalbnl                  0x800'760d          Code  Gb  ldexp.o [3]
scale                    0x800'4b0b    0x46  Code  Lc  xprintffull_nomb.o [2]
sec_hand                0x2000'4e7c     0x4  Data  Lc  xfail_s.o [2]
snprintf                 0x800'2855    0x44  Code  Gb  snprintf.o [2]
sscanf                   0x800'28e1    0x28  Code  Gb  sscanf.o [2]
status                  0x2000'4e87     0x1  Data  Gb  Purge_Control.o [1]
strchr                   0x800'2a49          Code  Gb  strchr.o [4]
strcmp                   0x800'2cc9          Code  Gb  strcmp.o [4]
strlen                   0x800'2931          Code  Gb  strlen.o [4]
strncmp                  0x800'2909    0x28  Code  Gb  strncmp.o [2]
strtod                   0x800'6489     0x6  Code  Gb  strto64.o [3]
strtold                  0x800'6489     0x6  Code  Gb  strto64.o [3]
strtoll                  0x800'7bb1     0x2  Code  Gb  iar_Stollx.o [2]
strtoul                  0x800'2cc1     0x2  Code  Gb  iar_Stoulx.o [2]
strtoull                 0x800'7d65     0x2  Code  Gb  iar_Stoullx.o [2]
tolower                  0x800'648f    0x14  Code  Gb  tolower.o [2]
tx_readframe            0x2000'4dc8     0x8  Data  Gb  SFC.o [1]
tx_setframe             0x2000'4db8     0x8  Data  Gb  SFC.o [1]
ucHeap                  0x2000'00bc  0x3c00  Data  Lc  heap_4.o [1]
ucMaxSysCallPriority    0x2000'4e86     0x1  Data  Lc  port.o [1]
ulMaxPRIGROUPValue      0x2000'4e0c     0x4  Data  Lc  port.o [1]
uwTick                  0x2000'4e28     0x4  Data  Gb  stm32f4xx_hal.o [1]
uwTickFreq              0x2000'00b8     0x1  Data  Gb  stm32f4xx_hal.o [1]
uwTickPrio              0x2000'0010     0x4  Data  Gb  stm32f4xx_hal.o [1]
uxCriticalNesting       0x2000'0000     0x4  Data  Lc  port.o [1]
uxCurrentNumberOfTasks  0x2000'4e3c     0x4  Data  Lc  tasks.o [1]
uxDeletedTasksWaitingCleanUp
                        0x2000'4e38     0x4  Data  Lc  tasks.o [1]
uxListRemove             0x800'a027    0x26  Code  Gb  list.o [1]
uxSchedulerSuspended    0x2000'4e64     0x4  Data  Lc  tasks.o [1]
uxTaskNumber            0x2000'4e58     0x4  Data  Lc  tasks.o [1]
uxTopReadyPriority      0x2000'4e44     0x4  Data  Lc  tasks.o [1]
vApplicationGetIdleTaskMemory
                         0x800'8819    0x18  Code  Wk  cmsis_os2.o [1]
vApplicationGetIdleTaskMemory::Idle_Stack
                        0x2000'451c   0x200  Data  Lc  cmsis_os2.o [1]
vApplicationGetIdleTaskMemory::Idle_TCB
                        0x2000'4a5c    0x5c  Data  Lc  cmsis_os2.o [1]
vApplicationGetTimerTaskMemory
                         0x800'a57d    0x18  Code  Wk  cmsis_os2.o [1]
vApplicationGetTimerTaskMemory::Timer_Stack
                        0x2000'411c   0x400  Data  Lc  cmsis_os2.o [1]
vApplicationGetTimerTaskMemory::Timer_TCB
                        0x2000'4ab8    0x5c  Data  Lc  cmsis_os2.o [1]
vListInitialise          0x800'9fb5    0x1e  Code  Gb  list.o [1]
vListInitialiseItem      0x800'9fd3     0x6  Code  Gb  list.o [1]
vListInsert              0x800'9ff1    0x36  Code  Gb  list.o [1]
vListInsertEnd           0x800'9fd9    0x18  Code  Gb  list.o [1]
vPortEnableVFP           0x800'a561          Code  Gb  portasm.o [1]
vPortEnterCritical       0x800'9be5    0x34  Code  Gb  port.o [1]
vPortExitCritical        0x800'9c19    0x2c  Code  Gb  port.o [1]
vPortFree                0x800'9e59    0x7a  Code  Gb  heap_4.o [1]
vPortStartFirstTask      0x800'a541          Code  Gb  portasm.o [1]
vPortValidateInterruptPriority
                         0x800'9c6d    0x4a  Code  Gb  port.o [1]
vQueueAddToRegistry      0x800'ac1d    0x24  Code  Gb  queue.o [1]
vQueueWaitForMessageRestricted
                         0x800'ac45    0x4a  Code  Gb  queue.o [1]
vTaskDelay               0x800'9355    0x4c  Code  Gb  tasks.o [1]
vTaskInternalSetTimeOutState
                         0x800'9795    0x12  Code  Gb  tasks.o [1]
vTaskMissedYield         0x800'982f     0xa  Code  Gb  tasks.o [1]
vTaskPlaceOnEventList    0x800'9691    0x2e  Code  Gb  tasks.o [1]
vTaskPlaceOnEventListRestricted
                         0x800'96bf    0x38  Code  Gb  tasks.o [1]
vTaskStartScheduler      0x800'93a1    0x96  Code  Gb  tasks.o [1]
vTaskSuspendAll          0x800'9437     0xc  Code  Gb  tasks.o [1]
vTaskSwitchContext       0x800'961f    0x72  Code  Gb  tasks.o [1]
val                     0x2000'4e82     0x2  Data  Gb  My_ADC_ReadData.o [1]
xActiveTimerList1       0x2000'4d70    0x14  Data  Lc  timers.o [1]
xActiveTimerList2       0x2000'4d84    0x14  Data  Lc  timers.o [1]
xBlockAllocatedBit      0x2000'4dfc     0x4  Data  Lc  heap_4.o [1]
xDelayedTaskList1       0x2000'4d0c    0x14  Data  Lc  tasks.o [1]
xDelayedTaskList2       0x2000'4d20    0x14  Data  Lc  tasks.o [1]
xFreeBytesRemaining     0x2000'4dec     0x4  Data  Lc  heap_4.o [1]
xHeapStructSize          0x800'b5e8     0x4  Data  Lc  heap_4.o [1]
xIdleTaskHandle         0x2000'4e60     0x4  Data  Lc  tasks.o [1]
xMinimumEverFreeBytesRemaining
                        0x2000'4df0     0x4  Data  Lc  heap_4.o [1]
xNextTaskUnblockTime    0x2000'4e5c     0x4  Data  Lc  tasks.o [1]
xNumOfOverflows         0x2000'4e54     0x4  Data  Lc  tasks.o [1]
xNumberOfSuccessfulAllocations
                        0x2000'4df4     0x4  Data  Lc  heap_4.o [1]
xNumberOfSuccessfulFrees
                        0x2000'4df8     0x4  Data  Lc  heap_4.o [1]
xPendedTicks            0x2000'4e4c     0x4  Data  Lc  tasks.o [1]
xPendingReadyList       0x2000'4d34    0x14  Data  Lc  tasks.o [1]
xPortStartScheduler      0x800'9b17    0xce  Code  Gb  port.o [1]
xPortSysTickHandler      0x800'9c45    0x28  Code  Gb  port.o [1]
xQueueGenericCreateStatic
                         0x800'a627    0xa8  Code  Gb  queue.o [1]
xQueueGenericReset       0x800'a595    0x92  Code  Gb  queue.o [1]
xQueueGenericSend        0x800'a6f1   0x196  Code  Gb  queue.o [1]
xQueueGenericSendFromISR
                         0x800'a887    0xe0  Code  Gb  queue.o [1]
xQueueReceive            0x800'a967   0x15a  Code  Gb  queue.o [1]
xQueueRegistry          0x2000'4ccc    0x40  Data  Gb  queue.o [1]
xSchedulerRunning       0x2000'4e48     0x4  Data  Lc  tasks.o [1]
xStart                  0x2000'4d98     0x8  Data  Lc  heap_4.o [1]
xSuspendedTaskList      0x2000'4d5c    0x14  Data  Lc  tasks.o [1]
xTaskCheckForTimeOut     0x800'97ad    0x82  Code  Gb  tasks.o [1]
xTaskCreate              0x800'9181    0x74  Code  Gb  tasks.o [1]
xTaskCreateStatic        0x800'90fd    0x84  Code  Gb  tasks.o [1]
xTaskGetSchedulerState   0x800'9965    0x20  Code  Gb  tasks.o [1]
xTaskGetTickCount        0x800'9527     0x8  Code  Gb  tasks.o [1]
xTaskIncrementTick       0x800'952f    0xf0  Code  Gb  tasks.o [1]
xTaskPriorityDisinherit
                         0x800'9985    0x8a  Code  Gb  tasks.o [1]
xTaskRemoveFromEventList
                         0x800'9711    0x80  Code  Gb  tasks.o [1]
xTaskResumeAll           0x800'9443    0xe4  Code  Gb  tasks.o [1]
xTasksWaitingTermination
                        0x2000'4d48    0x14  Data  Lc  tasks.o [1]
xTickCount              0x2000'4e40     0x4  Data  Lc  tasks.o [1]
xTimerCreateTimerTask    0x800'a04d    0x6a  Code  Gb  timers.o [1]
xTimerGenericCommand     0x800'a0b7    0x64  Code  Gb  timers.o [1]
xTimerQueue             0x2000'4e70     0x4  Data  Lc  timers.o [1]
xTimerTaskHandle        0x2000'4e74     0x4  Data  Lc  timers.o [1]
xYieldPending           0x2000'4e50     0x4  Data  Lc  tasks.o [1]


[1] = D:\SJWORK\purge\Purge_N2\EWARM\Purge_N2\Obj
[2] = dl7M_tlf.a
[3] = m7M_tls.a
[4] = rt7M_tl.a
[5] = shb_l.a

  44 746 bytes of readonly  code memory
   2 248 bytes of readonly  data memory
  21 126 bytes of readwrite data memory

Errors: none
Warnings: none
