###############################################################################
#
# IAR ELF Linker V8.32.1.169/W32 for ARM                  25/Mar/2026  15:52:20
# Copyright 2007-2018 IAR Systems AB.
#
#    Output file  =  D:\SJWORK\purge\Purge_N2\EWARM\Purge_N2\Exe\Purge_N2.out
#    Map file     =  D:\SJWORK\purge\Purge_N2\EWARM\Purge_N2\List\Purge_N2.map
#    Command line =  
#        -f C:\Users\27752\AppData\Local\Temp\EWE62A.tmp
#        (D:\SJWORK\purge\Purge_N2\EWARM\Purge_N2\Obj\adc.o
#        D:\SJWORK\purge\Purge_N2\EWARM\Purge_N2\Obj\dma.o
#        D:\SJWORK\purge\Purge_N2\EWARM\Purge_N2\Obj\gpio.o
#        D:\SJWORK\purge\Purge_N2\EWARM\Purge_N2\Obj\main.o
#        D:\SJWORK\purge\Purge_N2\EWARM\Purge_N2\Obj\Modbus_o2.o
#        D:\SJWORK\purge\Purge_N2\EWARM\Purge_N2\Obj\My_ADC_ReadData.o
#        D:\SJWORK\purge\Purge_N2\EWARM\Purge_N2\Obj\SFC.o
#        D:\SJWORK\purge\Purge_N2\EWARM\Purge_N2\Obj\SHT85.o
#        D:\SJWORK\purge\Purge_N2\EWARM\Purge_N2\Obj\SOFT_I2C.o
#        D:\SJWORK\purge\Purge_N2\EWARM\Purge_N2\Obj\startup_stm32f427xx.o
#        D:\SJWORK\purge\Purge_N2\EWARM\Purge_N2\Obj\stm32f4xx_hal.o
#        D:\SJWORK\purge\Purge_N2\EWARM\Purge_N2\Obj\stm32f4xx_hal_adc.o
#        D:\SJWORK\purge\Purge_N2\EWARM\Purge_N2\Obj\stm32f4xx_hal_adc_ex.o
#        D:\SJWORK\purge\Purge_N2\EWARM\Purge_N2\Obj\stm32f4xx_hal_cortex.o
#        D:\SJWORK\purge\Purge_N2\EWARM\Purge_N2\Obj\stm32f4xx_hal_dma.o
#        D:\SJWORK\purge\Purge_N2\EWARM\Purge_N2\Obj\stm32f4xx_hal_dma_ex.o
#        D:\SJWORK\purge\Purge_N2\EWARM\Purge_N2\Obj\stm32f4xx_hal_exti.o
#        D:\SJWORK\purge\Purge_N2\EWARM\Purge_N2\Obj\stm32f4xx_hal_flash.o
#        D:\SJWORK\purge\Purge_N2\EWARM\Purge_N2\Obj\stm32f4xx_hal_flash_ex.o
#        D:\SJWORK\purge\Purge_N2\EWARM\Purge_N2\Obj\stm32f4xx_hal_flash_ramfunc.o
#        D:\SJWORK\purge\Purge_N2\EWARM\Purge_N2\Obj\stm32f4xx_hal_gpio.o
#        D:\SJWORK\purge\Purge_N2\EWARM\Purge_N2\Obj\stm32f4xx_hal_msp.o
#        D:\SJWORK\purge\Purge_N2\EWARM\Purge_N2\Obj\stm32f4xx_hal_pwr.o
#        D:\SJWORK\purge\Purge_N2\EWARM\Purge_N2\Obj\stm32f4xx_hal_pwr_ex.o
#        D:\SJWORK\purge\Purge_N2\EWARM\Purge_N2\Obj\stm32f4xx_hal_rcc.o
#        D:\SJWORK\purge\Purge_N2\EWARM\Purge_N2\Obj\stm32f4xx_hal_rcc_ex.o
#        D:\SJWORK\purge\Purge_N2\EWARM\Purge_N2\Obj\stm32f4xx_hal_tim.o
#        D:\SJWORK\purge\Purge_N2\EWARM\Purge_N2\Obj\stm32f4xx_hal_tim_ex.o
#        D:\SJWORK\purge\Purge_N2\EWARM\Purge_N2\Obj\stm32f4xx_hal_timebase_tim.o
#        D:\SJWORK\purge\Purge_N2\EWARM\Purge_N2\Obj\stm32f4xx_hal_uart.o
#        D:\SJWORK\purge\Purge_N2\EWARM\Purge_N2\Obj\stm32f4xx_it.o
#        D:\SJWORK\purge\Purge_N2\EWARM\Purge_N2\Obj\system_stm32f4xx.o
#        D:\SJWORK\purge\Purge_N2\EWARM\Purge_N2\Obj\usart.o --redirect
#        _Printf=_PrintfFullNoMb --redirect _Scanf=_ScanfFullNoMb
#        --no_out_extension -o
#        D:\SJWORK\purge\Purge_N2\EWARM\Purge_N2\Exe\Purge_N2.out --map
#        D:\SJWORK\purge\Purge_N2\EWARM\Purge_N2\List\Purge_N2.map --config
#        E:\IAR\software\arm\config\linker\ST\stm32f427xG.icf --semihosting
#        --entry __iar_program_start --vfe --text_out locale)
#
###############################################################################

*******************************************************************************
*** RUNTIME MODEL ATTRIBUTES
***

CppFlavor       = *
__SystemLibrary = DLib
__dlib_version  = 6


*******************************************************************************
*** HEAP SELECTION
***

The basic heap was selected because no calls to memory allocation
functions were found in the application outside of system library
functions, and there are calls to deallocation functions in the
application.


*******************************************************************************
*** PLACEMENT SUMMARY
***

"A0":  place at 0x800'0000 { ro section .intvec };
"P1":  place in [from 0x800'0000 to 0x80f'ffff] { ro };
define block CSTACK with size = 8K, alignment = 8 { };
"P3":  place in [from 0x1000'0000 to 0x1000'ffff] {
          block CSTACK, section .ccram };
define block HEAP with size = 8K, alignment = 8 { };
"P4":  place in [from 0x2000'0000 to 0x2001'bfff] |
                [from 0x2001'c000 to 0x2001'ffff] |
                [from 0x2002'0000 to 0x2002'ffff] { rw, block HEAP };
initialize by copy { rw };

No sections matched the following patterns:

  ro section application_specific_ro  in "P2|P6"
  rw section application_specific_rw  in "P2|P6"
  section .backup_sram                in "P5"
  section .ccram                      in "P3"


  Section            Kind         Address    Size  Object
  -------            ----         -------    ----  ------
"A0":                                       0x1ac
  .intvec            ro code   0x800'0000   0x1ac  startup_stm32f427xx.o [1]
                             - 0x800'01ac   0x1ac

"P1":                                      0x3c00
  .text              ro code   0x800'01ac   0xd60  stm32f4xx_hal_uart.o [1]
  .text              ro code   0x800'0f0c   0x23c  usart.o [1]
  .text              ro code   0x800'1148     0xc  stm32f4xx_hal.o [1]
  .text              ro code   0x800'1154   0x518  stm32f4xx_hal_dma.o [1]
  .text              ro code   0x800'166c     0x2  stm32f4xx_hal_uart.o [1]
  .text              ro code   0x800'166e     0x2  stm32f4xx_hal_uart.o [1]
  .text              ro code   0x800'1670     0x2  stm32f4xx_hal_uart.o [1]
  .text              ro code   0x800'1672     0x2  stm32f4xx_hal_uart.o [1]
  .text              ro code   0x800'1674     0x2  stm32f4xx_hal_uart.o [1]
  .text              ro code   0x800'1676    0x3a  zero_init3.o [4]
  .text              ro code   0x800'16b0   0x23c  stm32f4xx_hal_rcc.o [1]
  .text              ro code   0x800'18ec   0x230  I64DivMod.o [4]
  .text              ro code   0x800'1b1c   0x150  main.o [1]
  .text              ro code   0x800'1c6c     0x6  ABImemclr4.o [4]
  .text              ro code   0x800'1c74   0x264  stm32f4xx_hal_gpio.o [1]
  .text              ro code   0x800'1ed8    0xec  stm32f4xx_hal_cortex.o [1]
  .text              ro code   0x800'1fc4    0xac  stm32f4xx_hal_timebase_tim.o [1]
  .text              ro code   0x800'2070     0x2  I64DivZer.o [4]
  .text              ro code   0x800'2074    0x34  stm32f4xx_hal.o [1]
  .text              ro code   0x800'20a8   0x140  gpio.o [1]
  .text              ro code   0x800'21e8    0x30  dma.o [1]
  .text              ro code   0x800'2218    0xe4  adc.o [1]
  .text              ro code   0x800'22fc    0x28  stm32f4xx_hal.o [1]
  .text              ro code   0x800'2324   0x270  SHT85.o [1]
  .text              ro code   0x800'2594   0x190  SFC.o [1]
  .text              ro code   0x800'2724   0x184  Modbus_o2.o [1]
  .text              ro code   0x800'28a8   0x188  My_ADC_ReadData.o [1]
  .text              ro code   0x800'2a30   0x3c4  stm32f4xx_hal_rcc.o [1]
  .text              ro code   0x800'2df4    0x7c  stm32f4xx_hal_pwr_ex.o [1]
  .text              ro code   0x800'2e70    0x18  stm32f4xx_hal.o [1]
  .text              ro code   0x800'2e88    0x32  ABImemset48.o [4]
  .text              ro code   0x800'2ebc   0x356  stm32f4xx_hal_tim.o [1]
  .text              ro code   0x800'3214    0x40  stm32f4xx_hal_msp.o [1]
  .text              ro code   0x800'3254   0x55c  stm32f4xx_hal_adc.o [1]
  .text              ro code   0x800'37b0   0x214  SOFT_I2C.o [1]
  .text              ro code   0x800'39c4    0x66  ABImemset.o [4]
  .text              ro code   0x800'3a2c    0xa6  ABImemcpy.o [4]
  .text              ro code   0x800'3ad2     0x2  stm32f4xx_hal_tim.o [1]
  .text              ro code   0x800'3ad4     0x2  stm32f4xx_hal_tim.o [1]
  .text              ro code   0x800'3ad6     0x2  stm32f4xx_hal_tim.o [1]
  .text              ro code   0x800'3ad8     0x2  stm32f4xx_hal_tim_ex.o [1]
  .text              ro code   0x800'3ada     0x2  stm32f4xx_hal_tim.o [1]
  .text              ro code   0x800'3adc     0x2  stm32f4xx_hal_tim_ex.o [1]
  .text              ro code   0x800'3ae0    0x3c  stm32f4xx_it.o [1]
  .text              ro code   0x800'3b1c    0x2c  copy_init3.o [4]
  .text              ro code   0x800'3b48    0x28  data_init.o [4]
  .text              ro code   0x800'3b70    0x22  fpinit_M.o [3]
  .iar.init_table    const     0x800'3b94    0x24  - Linker created -
  .text              ro code   0x800'3bb8    0x1e  cmain.o [4]
  .text              ro code   0x800'3bd6     0x4  low_level_init.o [2]
  .text              ro code   0x800'3bda     0x4  exit.o [2]
  .text              ro code   0x800'3be0     0xa  cexit.o [4]
  .text              ro code   0x800'3bec    0x14  exit.o [5]
  .rodata            const     0x800'3c00    0x10  system_stm32f4xx.o [1]
  .text              ro code   0x800'3c10    0x10  startup_stm32f427xx.o [1]
  .text              ro code   0x800'3c20    0x10  system_stm32f4xx.o [1]
  .text              ro code   0x800'3c30     0xc  cstartup_M.o [4]
  .rodata            const     0x800'3c3c     0x8  stm32f4xx_hal_dma.o [1]
  .rodata            const     0x800'3c44     0x8  system_stm32f4xx.o [1]
  .text              ro code   0x800'3c4c     0x4  startup_stm32f427xx.o [1]
  .text              ro code   0x800'3c50     0x4  startup_stm32f427xx.o [1]
  .text              ro code   0x800'3c54     0x4  startup_stm32f427xx.o [1]
  .text              ro code   0x800'3c58     0x4  startup_stm32f427xx.o [1]
  .text              ro code   0x800'3c5c     0x4  startup_stm32f427xx.o [1]
  .text              ro code   0x800'3c60     0x4  startup_stm32f427xx.o [1]
  .text              ro code   0x800'3c64     0x4  startup_stm32f427xx.o [1]
  .text              ro code   0x800'3c68     0x4  startup_stm32f427xx.o [1]
  .text              ro code   0x800'3c6c     0x4  startup_stm32f427xx.o [1]
  .text              ro code   0x800'3c70     0x4  startup_stm32f427xx.o [1]
  .text              ro code   0x800'3c74     0x4  startup_stm32f427xx.o [1]
  .text              ro code   0x800'3c78     0x4  startup_stm32f427xx.o [1]
  .text              ro code   0x800'3c7c     0x4  startup_stm32f427xx.o [1]
  .text              ro code   0x800'3c80     0x4  startup_stm32f427xx.o [1]
  .text              ro code   0x800'3c84     0x4  startup_stm32f427xx.o [1]
  .text              ro code   0x800'3c88     0x4  startup_stm32f427xx.o [1]
  .text              ro code   0x800'3c8c     0x4  startup_stm32f427xx.o [1]
  .text              ro code   0x800'3c90     0x4  startup_stm32f427xx.o [1]
  .text              ro code   0x800'3c94     0x4  startup_stm32f427xx.o [1]
  .text              ro code   0x800'3c98     0x4  startup_stm32f427xx.o [1]
  .text              ro code   0x800'3c9c     0x4  startup_stm32f427xx.o [1]
  .text              ro code   0x800'3ca0     0x4  startup_stm32f427xx.o [1]
  .text              ro code   0x800'3ca4     0x4  startup_stm32f427xx.o [1]
  .text              ro code   0x800'3ca8     0x4  startup_stm32f427xx.o [1]
  .text              ro code   0x800'3cac     0x4  startup_stm32f427xx.o [1]
  .text              ro code   0x800'3cb0     0x4  startup_stm32f427xx.o [1]
  .text              ro code   0x800'3cb4     0x4  startup_stm32f427xx.o [1]
  .text              ro code   0x800'3cb8     0x4  startup_stm32f427xx.o [1]
  .text              ro code   0x800'3cbc     0x4  startup_stm32f427xx.o [1]
  .text              ro code   0x800'3cc0     0x4  startup_stm32f427xx.o [1]
  .text              ro code   0x800'3cc4     0x4  startup_stm32f427xx.o [1]
  .text              ro code   0x800'3cc8     0x4  startup_stm32f427xx.o [1]
  .text              ro code   0x800'3ccc     0x4  startup_stm32f427xx.o [1]
  .text              ro code   0x800'3cd0     0x4  startup_stm32f427xx.o [1]
  .text              ro code   0x800'3cd4     0x4  startup_stm32f427xx.o [1]
  .text              ro code   0x800'3cd8     0x4  startup_stm32f427xx.o [1]
  .text              ro code   0x800'3cdc     0x4  startup_stm32f427xx.o [1]
  .text              ro code   0x800'3ce0     0x4  startup_stm32f427xx.o [1]
  .text              ro code   0x800'3ce4     0x4  startup_stm32f427xx.o [1]
  .text              ro code   0x800'3ce8     0x4  startup_stm32f427xx.o [1]
  .text              ro code   0x800'3cec     0x4  startup_stm32f427xx.o [1]
  .text              ro code   0x800'3cf0     0x4  startup_stm32f427xx.o [1]
  .text              ro code   0x800'3cf4     0x4  startup_stm32f427xx.o [1]
  .text              ro code   0x800'3cf8     0x4  startup_stm32f427xx.o [1]
  .text              ro code   0x800'3cfc     0x4  startup_stm32f427xx.o [1]
  .text              ro code   0x800'3d00     0x4  startup_stm32f427xx.o [1]
  .text              ro code   0x800'3d04     0x4  startup_stm32f427xx.o [1]
  .text              ro code   0x800'3d08     0x4  startup_stm32f427xx.o [1]
  .text              ro code   0x800'3d0c     0x4  startup_stm32f427xx.o [1]
  .text              ro code   0x800'3d10     0x4  startup_stm32f427xx.o [1]
  .text              ro code   0x800'3d14     0x4  startup_stm32f427xx.o [1]
  .text              ro code   0x800'3d18     0x4  startup_stm32f427xx.o [1]
  .text              ro code   0x800'3d1c     0x4  startup_stm32f427xx.o [1]
  .text              ro code   0x800'3d20     0x4  startup_stm32f427xx.o [1]
  .text              ro code   0x800'3d24     0x4  startup_stm32f427xx.o [1]
  .text              ro code   0x800'3d28     0x4  startup_stm32f427xx.o [1]
  .text              ro code   0x800'3d2c     0x4  startup_stm32f427xx.o [1]
  .text              ro code   0x800'3d30     0x4  startup_stm32f427xx.o [1]
  .text              ro code   0x800'3d34     0x4  startup_stm32f427xx.o [1]
  .text              ro code   0x800'3d38     0x4  startup_stm32f427xx.o [1]
  .text              ro code   0x800'3d3c     0x4  startup_stm32f427xx.o [1]
  .text              ro code   0x800'3d40     0x4  startup_stm32f427xx.o [1]
  .text              ro code   0x800'3d44     0x4  startup_stm32f427xx.o [1]
  .text              ro code   0x800'3d48     0x4  startup_stm32f427xx.o [1]
  .text              ro code   0x800'3d4c     0x4  startup_stm32f427xx.o [1]
  .text              ro code   0x800'3d50     0x4  startup_stm32f427xx.o [1]
  .text              ro code   0x800'3d54     0x4  startup_stm32f427xx.o [1]
  .text              ro code   0x800'3d58     0x4  startup_stm32f427xx.o [1]
  .text              ro code   0x800'3d5c     0x4  startup_stm32f427xx.o [1]
  .text              ro code   0x800'3d60     0x4  startup_stm32f427xx.o [1]
  .text              ro code   0x800'3d64     0x4  startup_stm32f427xx.o [1]
  .text              ro code   0x800'3d68     0x4  startup_stm32f427xx.o [1]
  .text              ro code   0x800'3d6c     0x4  startup_stm32f427xx.o [1]
  .text              ro code   0x800'3d70     0x4  startup_stm32f427xx.o [1]
  .text              ro code   0x800'3d74     0x4  startup_stm32f427xx.o [1]
  .text              ro code   0x800'3d78     0x4  startup_stm32f427xx.o [1]
  .text              ro code   0x800'3d7c     0x4  startup_stm32f427xx.o [1]
  .text              ro code   0x800'3d80     0x4  startup_stm32f427xx.o [1]
  .text              ro code   0x800'3d84     0x4  startup_stm32f427xx.o [1]
  .text              ro code   0x800'3d88     0x4  startup_stm32f427xx.o [1]
  .text              ro code   0x800'3d8c     0x4  startup_stm32f427xx.o [1]
  .text              ro code   0x800'3d90     0x4  startup_stm32f427xx.o [1]
  .text              ro code   0x800'3d94     0x4  startup_stm32f427xx.o [1]
  .text              ro code   0x800'3d98     0x4  startup_stm32f427xx.o [1]
  .text              ro code   0x800'3d9c     0x4  startup_stm32f427xx.o [1]
  .rodata            const     0x800'3da0     0x0  zero_init3.o [4]
  .rodata            const     0x800'3da0     0x0  copy_init3.o [4]
  Initializer bytes  const     0x800'3da0     0xc  <for P4 s0>
                             - 0x800'3dac  0x3c00

"P3":                                      0x2000
  CSTACK                      0x1000'0000  0x2000  <Block>
    CSTACK           uninit   0x1000'0000  0x2000  <Block tail>
                            - 0x1000'2000  0x2000

"P4", part 1 of 2:                            0xc
  P4 s0                       0x2000'0000     0xc  <Init block>
    .data            inited   0x2000'0000     0x4  stm32f4xx_hal.o [1]
    .data            inited   0x2000'0004     0x4  system_stm32f4xx.o [1]
    .data            inited   0x2000'0008     0x1  stm32f4xx_hal.o [1]
                            - 0x2000'000c     0xc

"P4", part 2 of 2:                          0x22c
  .bss               zero     0x2000'000c    0x60  usart.o [1]
  .bss               zero     0x2000'006c    0x48  adc.o [1]
  .bss               zero     0x2000'00b4    0x48  stm32f4xx_hal_timebase_tim.o [1]
  .bss               zero     0x2000'00fc    0x48  usart.o [1]
  .bss               zero     0x2000'0144    0x48  usart.o [1]
  .bss               zero     0x2000'018c    0x48  usart.o [1]
  .bss               zero     0x2000'01d4     0x8  Modbus_o2.o [1]
  .bss               zero     0x2000'01dc     0x8  Modbus_o2.o [1]
  .bss               zero     0x2000'01e4     0x8  Modbus_o2.o [1]
  .bss               zero     0x2000'01ec     0x8  SFC.o [1]
  .bss               zero     0x2000'01f4     0x8  SFC.o [1]
  .bss               zero     0x2000'01fc     0x8  SFC.o [1]
  .bss               zero     0x2000'0204     0x8  SFC.o [1]
  .bss               zero     0x2000'020c     0x4  main.o [1]
  .bss               zero     0x2000'0210     0x4  main.o [1]
  .bss               zero     0x2000'0214     0x4  My_ADC_ReadData.o [1]
  .bss               zero     0x2000'0218     0x4  My_ADC_ReadData.o [1]
  .bss               zero     0x2000'021c     0x4  My_ADC_ReadData.o [1]
  .bss               zero     0x2000'0220     0x4  SHT85.o [1]
  .bss               zero     0x2000'0224     0x4  SHT85.o [1]
  .bss               zero     0x2000'0228     0x4  SHT85.o [1]
  .bss               zero     0x2000'022c     0x4  stm32f4xx_hal.o [1]
  .bss               zero     0x2000'0230     0x2  Modbus_o2.o [1]
  .bss               zero     0x2000'0232     0x2  My_ADC_ReadData.o [1]
  .bss               zero     0x2000'0234     0x2  SFC.o [1]
  .bss               zero     0x2000'0236     0x1  main.o [1]
                            - 0x2000'0237   0x22b

Unused ranges:

         From           To      Size
         ----           --      ----
   0x800'3dac   0x80f'ffff  0xf'c254
  0x1000'2000  0x1000'ffff    0xe000
  0x2000'0238  0x2001'bfff  0x1'bdc8
  0x2001'c000  0x2001'ffff    0x4000
  0x2002'0000  0x2002'ffff  0x1'0000


*******************************************************************************
*** INIT TABLE
***

          Address      Size
          -------      ----
Zero (__iar_zero_init3)
    1 destination range, total size 0x22b:
          0x2000'000c  0x22b

Copy (__iar_copy_init3)
    1 source range, total size 0xc (133% of destination):
           0x800'3da0    0xc
    1 destination range, total size 0x9:
          0x2000'0000    0x9



*******************************************************************************
*** MODULE SUMMARY
***

    Module                        ro code  ro data  rw data
    ------                        -------  -------  -------
command line/config:
    -------------------------------------------------------
    Total:

D:\SJWORK\purge\Purge_N2\EWARM\Purge_N2\Obj: [1]
    Modbus_o2.o                       388                26
    My_ADC_ReadData.o                 392                14
    SFC.o                             400                34
    SHT85.o                           624                12
    SOFT_I2C.o                        532
    adc.o                             228                72
    dma.o                              48
    gpio.o                            320
    main.o                            336                 9
    startup_stm32f427xx.o             784
    stm32f4xx_hal.o                   128        5        9
    stm32f4xx_hal_adc.o             1 372
    stm32f4xx_hal_cortex.o            236
    stm32f4xx_hal_dma.o             1 304        8
    stm32f4xx_hal_gpio.o              612
    stm32f4xx_hal_msp.o                64
    stm32f4xx_hal_pwr_ex.o            124
    stm32f4xx_hal_rcc.o             1 536
    stm32f4xx_hal_tim.o               862
    stm32f4xx_hal_tim_ex.o              4
    stm32f4xx_hal_timebase_tim.o      172                72
    stm32f4xx_hal_uart.o            3 434
    stm32f4xx_it.o                     60
    system_stm32f4xx.o                 16       28        4
    usart.o                           572               312
    -------------------------------------------------------
    Total:                         14 548       41      564

dl7M_tlf.a: [2]
    exit.o                              4
    low_level_init.o                    4
    -------------------------------------------------------
    Total:                              8

m7M_tls.a: [3]
    fpinit_M.o                         34
    -------------------------------------------------------
    Total:                             34

rt7M_tl.a: [4]
    ABImemclr4.o                        6
    ABImemcpy.o                       166
    ABImemset.o                       102
    ABImemset48.o                      50
    I64DivMod.o                       560
    I64DivZer.o                         2
    cexit.o                            10
    cmain.o                            30
    copy_init3.o                       44
    cstartup_M.o                       12
    data_init.o                        40
    zero_init3.o                       58
    -------------------------------------------------------
    Total:                          1 080

shb_l.a: [5]
    exit.o                             20
    -------------------------------------------------------
    Total:                             20

    Gaps                               16        2
    Linker created                              39    8 192
-----------------------------------------------------------
    Grand Total:                   15 706       82    8 756


*******************************************************************************
*** ENTRY LIST
***

Entry                       Address   Size  Type      Object
-----                       -------   ----  ----      ------
.iar.init_table$$Base    0x800'3b94          --   Gb  - Linker created -
.iar.init_table$$Limit   0x800'3bb8          --   Gb  - Linker created -
?main                    0x800'3bb9         Code  Gb  cmain.o [4]
ADC_Init                 0x800'362d  0x15a  Code  Lc  stm32f4xx_hal_adc.o [1]
ADC_Read_Filter          0x800'2901   0x2c  Code  Gb  My_ADC_ReadData.o [1]
ADC_Read_Single          0x800'28a9   0x58  Code  Gb  My_ADC_ReadData.o [1]
AHBPrescTable            0x800'3c00   0x10  Data  Gb  system_stm32f4xx.o [1]
APBPrescTable            0x800'3c44    0x8  Data  Gb  system_stm32f4xx.o [1]
BusFault_Handler         0x800'3ae7    0x2  Code  Gb  stm32f4xx_it.o [1]
CSTACK$$Base            0x1000'0000          --   Gb  - Linker created -
CSTACK$$Limit           0x1000'2000          --   Gb  - Linker created -
DMA2_Stream2_IRQHandler
                         0x800'3b07    0xa  Code  Gb  stm32f4xx_it.o [1]
DMA_CalcBaseAndBitshift
                         0x800'15a7   0x30  Code  Lc  stm32f4xx_hal_dma.o [1]
DMA_CalcBaseAndBitshift::flagBitshiftOffset
                         0x800'3c3c    0x8  Data  Lc  stm32f4xx_hal_dma.o [1]
DMA_CheckFifoParam       0x800'15e5   0x88  Code  Lc  stm32f4xx_hal_dma.o [1]
DMA_SetConfig            0x800'1579   0x2e  Code  Lc  stm32f4xx_hal_dma.o [1]
DebugMon_Handler         0x800'3aed    0x2  Code  Gb  stm32f4xx_it.o [1]
DelayUs                  0x800'37b1   0x16  Code  Gb  SOFT_I2C.o [1]
Error_Handler            0x800'1c3d   0x10  Code  Gb  main.o [1]
Flow_value              0x2000'021c    0x4  Data  Gb  My_ADC_ReadData.o [1]
Get_ADC_Data             0x800'2a21   0x10  Code  Gb  My_ADC_ReadData.o [1]
Get_Flow_LPM             0x800'29a1   0x58  Code  Gb  My_ADC_ReadData.o [1]
Get_Inlet_Pressure_Bar   0x800'292d   0x34  Code  Gb  My_ADC_ReadData.o [1]
Get_Outlet_Pressure_Bar
                         0x800'2961   0x40  Code  Gb  My_ADC_ReadData.o [1]
HAL_ADC_ConfigChannel    0x800'349f  0x18e  Code  Gb  stm32f4xx_hal_adc.o [1]
HAL_ADC_GetValue         0x800'3499    0x6  Code  Gb  stm32f4xx_hal_adc.o [1]
HAL_ADC_Init             0x800'3255   0x64  Code  Gb  stm32f4xx_hal_adc.o [1]
HAL_ADC_MspInit          0x800'2287   0x5e  Code  Gb  adc.o [1]
HAL_ADC_PollForConversion
                         0x800'33e7   0xb2  Code  Gb  stm32f4xx_hal_adc.o [1]
HAL_ADC_Start            0x800'32b9  0x12e  Code  Gb  stm32f4xx_hal_adc.o [1]
HAL_DMA_Abort            0x800'12a9   0x9c  Code  Gb  stm32f4xx_hal_dma.o [1]
HAL_DMA_Abort_IT         0x800'1345   0x26  Code  Gb  stm32f4xx_hal_dma.o [1]
HAL_DMA_GetError         0x800'1575    0x4  Code  Gb  stm32f4xx_hal_dma.o [1]
HAL_DMA_IRQHandler       0x800'136b  0x20a  Code  Gb  stm32f4xx_hal_dma.o [1]
HAL_DMA_Init             0x800'1155   0xe0  Code  Gb  stm32f4xx_hal_dma.o [1]
HAL_DMA_Start_IT         0x800'1235   0x74  Code  Gb  stm32f4xx_hal_dma.o [1]
HAL_Delay                0x800'22fd   0x28  Code  Wk  stm32f4xx_hal.o [1]
HAL_GPIO_Init            0x800'1c75  0x1ea  Code  Gb  stm32f4xx_hal_gpio.o [1]
HAL_GPIO_ReadPin         0x800'1e5f   0x12  Code  Gb  stm32f4xx_hal_gpio.o [1]
HAL_GPIO_TogglePin       0x800'1e85   0x14  Code  Gb  stm32f4xx_hal_gpio.o [1]
HAL_GPIO_WritePin        0x800'1e71   0x14  Code  Gb  stm32f4xx_hal_gpio.o [1]
HAL_GetTick              0x800'1149    0xc  Code  Wk  stm32f4xx_hal.o [1]
HAL_IncTick              0x800'2e71   0x18  Code  Wk  stm32f4xx_hal.o [1]
HAL_Init                 0x800'2075   0x30  Code  Gb  stm32f4xx_hal.o [1]
HAL_InitTick             0x800'1fc5   0x96  Code  Gb  stm32f4xx_hal_timebase_tim.o [1]
HAL_MspInit              0x800'3215   0x40  Code  Gb  stm32f4xx_hal_msp.o [1]
HAL_NVIC_EnableIRQ       0x800'1fa7    0xa  Code  Gb  stm32f4xx_hal_cortex.o [1]
HAL_NVIC_SetPriority     0x800'1f85   0x22  Code  Gb  stm32f4xx_hal_cortex.o [1]
HAL_NVIC_SetPriorityGrouping
                         0x800'1f7d    0x8  Code  Gb  stm32f4xx_hal_cortex.o [1]
HAL_PWREx_EnableOverDrive
                         0x800'2df5   0x6a  Code  Gb  stm32f4xx_hal_pwr_ex.o [1]
HAL_RCC_ClockConfig      0x800'16b1  0x13a  Code  Gb  stm32f4xx_hal_rcc.o [1]
HAL_RCC_GetClockConfig   0x800'181d   0x34  Code  Gb  stm32f4xx_hal_rcc.o [1]
HAL_RCC_GetHCLKFreq      0x800'17eb    0x6  Code  Gb  stm32f4xx_hal_rcc.o [1]
HAL_RCC_GetPCLK1Freq     0x800'17f1   0x16  Code  Gb  stm32f4xx_hal_rcc.o [1]
HAL_RCC_GetPCLK2Freq     0x800'1807   0x16  Code  Gb  stm32f4xx_hal_rcc.o [1]
HAL_RCC_OscConfig        0x800'2a31  0x3c4  Code  Wk  stm32f4xx_hal_rcc.o [1]
HAL_TIMEx_BreakCallback
                         0x800'3ad9    0x2  Code  Wk  stm32f4xx_hal_tim_ex.o [1]
HAL_TIMEx_CommutCallback
                         0x800'3add    0x2  Code  Wk  stm32f4xx_hal_tim_ex.o [1]
HAL_TIM_Base_Init        0x800'2ebd   0x6e  Code  Gb  stm32f4xx_hal_tim.o [1]
HAL_TIM_Base_Start_IT    0x800'2f2b   0x96  Code  Gb  stm32f4xx_hal_tim.o [1]
HAL_TIM_IRQHandler       0x800'2fdd  0x13e  Code  Gb  stm32f4xx_hal_tim.o [1]
HAL_TIM_PeriodElapsedCallback
                         0x800'1c2d   0x10  Code  Gb  main.o [1]
HAL_UART_Abort           0x800'03db  0x10c  Code  Gb  stm32f4xx_hal_uart.o [1]
HAL_UART_GetState        0x800'07a5   0x14  Code  Gb  stm32f4xx_hal_uart.o [1]
HAL_UART_IRQHandler      0x800'04e7  0x2be  Code  Gb  stm32f4xx_hal_uart.o [1]
HAL_UART_Init            0x800'01ad   0x7a  Code  Gb  stm32f4xx_hal_uart.o [1]
HAL_UART_MspInit         0x800'0fa9  0x166  Code  Gb  usart.o [1]
HAL_UART_Receive         0x800'02e7   0xca  Code  Gb  stm32f4xx_hal_uart.o [1]
HAL_UART_Receive_DMA     0x800'03b1   0x2a  Code  Gb  stm32f4xx_hal_uart.o [1]
HAL_UART_Transmit        0x800'0227   0xc0  Code  Gb  stm32f4xx_hal_uart.o [1]
HardFault_Handler        0x800'3ae3    0x2  Code  Gb  stm32f4xx_it.o [1]
Humidity                0x2000'0228    0x4  Data  Gb  SHT85.o [1]
I2C11_Send_ACK           0x800'38c9   0x36  Code  Gb  SOFT_I2C.o [1]
I2C1_Read_ACK            0x800'3877   0x52  Code  Gb  SOFT_I2C.o [1]
I2C1_Read_Byte           0x800'3955   0x6a  Code  Gb  SOFT_I2C.o [1]
I2C1_Send_Byte           0x800'38ff   0x56  Code  Gb  SOFT_I2C.o [1]
I2C1_Start               0x800'380f   0x34  Code  Gb  SOFT_I2C.o [1]
I2C1_Stop                0x800'3843   0x34  Code  Gb  SOFT_I2C.o [1]
MX_ADC1_Init             0x800'2219   0x6e  Code  Gb  adc.o [1]
MX_DMA_Init              0x800'21e9   0x30  Code  Gb  dma.o [1]
MX_GPIO_Init             0x800'20a9  0x140  Code  Gb  gpio.o [1]
MX_USART1_UART_Init      0x800'0f0d   0x34  Code  Gb  usart.o [1]
MX_USART3_UART_Init      0x800'0f41   0x34  Code  Gb  usart.o [1]
MX_USART6_UART_Init      0x800'0f75   0x34  Code  Gb  usart.o [1]
MemManage_Handler        0x800'3ae5    0x2  Code  Gb  stm32f4xx_it.o [1]
Modbus_AssembleReqFrame
                         0x800'2773   0x3a  Code  Gb  Modbus_o2.o [1]
Modbus_CRC16             0x800'2725   0x4e  Code  Gb  Modbus_o2.o [1]
NMI_Handler              0x800'3ae1    0x2  Code  Gb  stm32f4xx_it.o [1]
NVIC_EncodePriority      0x800'1f41   0x3c  Code  Lc  stm32f4xx_hal_cortex.o [1]
O2_Sensor_ReadConcentration
                         0x800'27ad   0xe2  Code  Gb  Modbus_o2.o [1]
PendSV_Handler           0x800'3aef    0x2  Code  Gb  stm32f4xx_it.o [1]
Region$$Table$$Base      0x800'3b94          --   Gb  - Linker created -
Region$$Table$$Limit     0x800'3bb8          --   Gb  - Linker created -
SFC_ReadFlowValue        0x800'2659   0xac  Code  Gb  SFC.o [1]
SFC_SetFlowValue         0x800'2595   0xc2  Code  Gb  SFC.o [1]
SHT85_Cmd_Read           0x800'2341    0xc  Code  Gb  SHT85.o [1]
SHT85_Cmd_Write          0x800'2335    0xc  Code  Gb  SHT85.o [1]
SHT85_Config             0x800'244d   0x1e  Code  Gb  SHT85.o [1]
SHT85_ID                0x2000'0220    0x4  Data  Gb  SHT85.o [1]
SHT85_Init               0x800'246b   0x28  Code  Gb  SHT85.o [1]
SHT85_Read_ID            0x800'239b   0xb2  Code  Gb  SHT85.o [1]
SHT85_Read_Result        0x800'2495   0xe2  Code  Gb  SHT85.o [1]
SHT85_Reset              0x800'2373   0x28  Code  Gb  SHT85.o [1]
SHT85_Send_Cmd           0x800'234d   0x26  Code  Gb  SHT85.o [1]
SHT85_Start              0x800'2325    0x8  Code  Gb  SHT85.o [1]
SHT85_Stop               0x800'232d    0x8  Code  Gb  SHT85.o [1]
SVC_Handler              0x800'3aeb    0x2  Code  Gb  stm32f4xx_it.o [1]
Set_SCL1                 0x800'37c7   0x24  Code  Gb  SOFT_I2C.o [1]
Set_SDA1                 0x800'37eb   0x24  Code  Gb  SOFT_I2C.o [1]
SysTick_Handler          0x800'3af1    0x2  Code  Gb  stm32f4xx_it.o [1]
SystemClock_Config       0x800'1b7f   0xae  Code  Gb  main.o [1]
SystemCoreClock         0x2000'0004    0x4  Data  Gb  system_stm32f4xx.o [1]
SystemInit               0x800'3c21    0xc  Code  Gb  system_stm32f4xx.o [1]
TIM1_UP_TIM10_IRQHandler
                         0x800'3af3    0xa  Code  Gb  stm32f4xx_it.o [1]
TIM_Base_SetConfig       0x800'311b   0xc8  Code  Gb  stm32f4xx_hal_tim.o [1]
Temperature             0x2000'0224    0x4  Data  Gb  SHT85.o [1]
UART_DMAAbortOnError     0x800'0a91    0xe  Code  Lc  stm32f4xx_hal_uart.o [1]
UART_DMAError            0x800'0877   0x56  Code  Lc  stm32f4xx_hal_uart.o [1]
UART_DMAReceiveCplt      0x800'07b9   0x9e  Code  Lc  stm32f4xx_hal_uart.o [1]
UART_DMARxHalfCplt       0x800'0857   0x20  Code  Lc  stm32f4xx_hal_uart.o [1]
UART_EndRxTransfer       0x800'0a31   0x60  Code  Lc  stm32f4xx_hal_uart.o [1]
UART_EndTransmit_IT      0x800'0b03   0x1c  Code  Lc  stm32f4xx_hal_uart.o [1]
UART_EndTxTransfer       0x800'0a0f   0x22  Code  Lc  stm32f4xx_hal_uart.o [1]
UART_Receive_IT          0x800'0b1f   0xee  Code  Lc  stm32f4xx_hal_uart.o [1]
UART_SetConfig           0x800'0c0d  0x2e6  Code  Lc  stm32f4xx_hal_uart.o [1]
UART_Start_Receive_DMA   0x800'094f   0xc0  Code  Gb  stm32f4xx_hal_uart.o [1]
UART_Transmit_IT         0x800'0aa1   0x62  Code  Lc  stm32f4xx_hal_uart.o [1]
UART_WaitOnFlagUntilTimeout
                         0x800'08cd   0x82  Code  Lc  stm32f4xx_hal_uart.o [1]
USART1_IRQHandler        0x800'3afd    0xa  Code  Gb  stm32f4xx_it.o [1]
UsageFault_Handler       0x800'3ae9    0x2  Code  Gb  stm32f4xx_it.o [1]
__NVIC_EnableIRQ         0x800'1f01   0x1c  Code  Lc  stm32f4xx_hal_cortex.o [1]
__NVIC_GetPriorityGrouping
                         0x800'1ef7    0xa  Code  Lc  stm32f4xx_hal_cortex.o [1]
__NVIC_SetPriority       0x800'1f1d   0x24  Code  Lc  stm32f4xx_hal_cortex.o [1]
__NVIC_SetPriorityGrouping
                         0x800'1ed9   0x1e  Code  Lc  stm32f4xx_hal_cortex.o [1]
__aeabi_ldiv0            0x800'2071         Code  Gb  I64DivZer.o [4]
__aeabi_memclr4          0x800'1c6d         Code  Gb  ABImemclr4.o [4]
__aeabi_memcpy           0x800'3a2d         Code  Gb  ABImemcpy.o [4]
__aeabi_memcpy4          0x800'3a4d         Code  Gb  ABImemcpy.o [4]
__aeabi_memcpy8          0x800'3a4d         Code  Gb  ABImemcpy.o [4]
__aeabi_memset           0x800'39c5         Code  Gb  ABImemset.o [4]
__aeabi_uldivmod         0x800'18ed         Code  Gb  I64DivMod.o [4]
__cmain                  0x800'3bb9         Code  Gb  cmain.o [4]
__exit                   0x800'3bed   0x14  Code  Gb  exit.o [5]
__iar_Memset             0x800'39c5         Code  Gb  ABImemset.o [4]
__iar_Memset4_word       0x800'2e89         Code  Gb  ABImemset48.o [4]
__iar_Memset8_word       0x800'2e89         Code  Gb  ABImemset48.o [4]
__iar_Memset_word        0x800'39cd         Code  Gb  ABImemset.o [4]
__iar_copy_init3         0x800'3b1d   0x2c  Code  Gb  copy_init3.o [4]
__iar_data_init3         0x800'3b49   0x28  Code  Gb  data_init.o [4]
__iar_init_vfp           0x800'3b71         Code  Gb  fpinit_M.o [3]
__iar_program_start      0x800'3c31         Code  Gb  cstartup_M.o [4]
__iar_zero_init3         0x800'1677   0x3a  Code  Gb  zero_init3.o [4]
__low_level_init         0x800'3bd7    0x4  Code  Gb  low_level_init.o [2]
__vector_table           0x800'0000         Data  Gb  startup_stm32f427xx.o [1]
_call_main               0x800'3bc5         Code  Gb  cmain.o [4]
_exit                    0x800'3be1         Code  Gb  cexit.o [4]
_main                    0x800'3bd3         Code  Gb  cmain.o [4]
exit                     0x800'3bdb    0x4  Code  Gb  exit.o [2]
flow_ctr_rawvalue       0x2000'0234    0x2  Data  Gb  SFC.o [1]
flow_value              0x2000'0210    0x4  Data  Gb  main.o [1]
hadc1                   0x2000'006c   0x48  Data  Gb  adc.o [1]
hdma_usart1_rx          0x2000'000c   0x60  Data  Gb  usart.o [1]
htim10                  0x2000'00b4   0x48  Data  Gb  stm32f4xx_hal_timebase_tim.o [1]
huart1                  0x2000'00fc   0x48  Data  Gb  usart.o [1]
huart3                  0x2000'0144   0x48  Data  Gb  usart.o [1]
huart6                  0x2000'018c   0x48  Data  Gb  usart.o [1]
in_pressure             0x2000'0214    0x4  Data  Gb  My_ADC_ReadData.o [1]
main                     0x800'1b1d   0x62  Code  Gb  main.o [1]
o2_dma_recv_buf         0x2000'01e4    0x8  Data  Gb  Modbus_o2.o [1]
o2_raw                  0x2000'0230    0x2  Data  Gb  Modbus_o2.o [1]
o2_value                0x2000'020c    0x4  Data  Gb  main.o [1]
out_pressure            0x2000'0218    0x4  Data  Gb  My_ADC_ReadData.o [1]
req_frame               0x2000'01d4    0x8  Data  Gb  Modbus_o2.o [1]
resp_frame              0x2000'01dc    0x8  Data  Gb  Modbus_o2.o [1]
ret                     0x2000'0236    0x1  Data  Gb  main.o [1]
rx_readframe            0x2000'0204    0x8  Data  Gb  SFC.o [1]
rx_setframe             0x2000'01f4    0x8  Data  Gb  SFC.o [1]
tx_readframe            0x2000'01fc    0x8  Data  Gb  SFC.o [1]
tx_setframe             0x2000'01ec    0x8  Data  Gb  SFC.o [1]
uwTick                  0x2000'022c    0x4  Data  Gb  stm32f4xx_hal.o [1]
uwTickFreq              0x2000'0008    0x1  Data  Gb  stm32f4xx_hal.o [1]
uwTickPrio              0x2000'0000    0x4  Data  Gb  stm32f4xx_hal.o [1]
val                     0x2000'0232    0x2  Data  Gb  My_ADC_ReadData.o [1]


[1] = D:\SJWORK\purge\Purge_N2\EWARM\Purge_N2\Obj
[2] = dl7M_tlf.a
[3] = m7M_tls.a
[4] = rt7M_tl.a
[5] = shb_l.a

  15 706 bytes of readonly  code memory
      82 bytes of readonly  data memory
   8 756 bytes of readwrite data memory

Errors: none
Warnings: none
