###############################################################################
#
# IAR ELF Linker V8.32.1.169/W32 for ARM                  20/Mar/2026  14:39:55
# Copyright 2007-2018 IAR Systems AB.
#
#    Output file  =  D:\SJWORK\purge\Purge_N2\EWARM\Purge_N2\Exe\Purge_N2.out
#    Map file     =  D:\SJWORK\purge\Purge_N2\EWARM\Purge_N2\List\Purge_N2.map
#    Command line =  
#        -f C:\Users\27752\AppData\Local\Temp\EWAC18.tmp
#        (D:\SJWORK\purge\Purge_N2\EWARM\Purge_N2\Obj\dma.o
#        D:\SJWORK\purge\Purge_N2\EWARM\Purge_N2\Obj\gpio.o
#        D:\SJWORK\purge\Purge_N2\EWARM\Purge_N2\Obj\main.o
#        D:\SJWORK\purge\Purge_N2\EWARM\Purge_N2\Obj\Modbus_o2.o
#        D:\SJWORK\purge\Purge_N2\EWARM\Purge_N2\Obj\startup_stm32f427xx.o
#        D:\SJWORK\purge\Purge_N2\EWARM\Purge_N2\Obj\stm32f4xx_hal.o
#        D:\SJWORK\purge\Purge_N2\EWARM\Purge_N2\Obj\stm32f4xx_hal_cortex.o
#        D:\SJWORK\purge\Purge_N2\EWARM\Purge_N2\Obj\stm32f4xx_hal_dma.o
#        D:\SJWORK\purge\Purge_N2\EWARM\Purge_N2\Obj\stm32f4xx_hal_dma_ex.o
#        D:\SJWORK\purge\Purge_N2\EWARM\Purge_N2\Obj\stm32f4xx_hal_exti.o
#        D:\SJWORK\purge\Purge_N2\EWARM\Purge_N2\Obj\stm32f4xx_hal_flash.o
#        D:\SJWORK\purge\Purge_N2\EWARM\Purge_N2\Obj\stm32f4xx_hal_flash_ex.o
#        D:\SJWORK\purge\Purge_N2\EWARM\Purge_N2\Obj\stm32f4xx_hal_flash_ramfunc.o
#        D:\SJWORK\purge\Purge_N2\EWARM\Purge_N2\Obj\stm32f4xx_hal_gpio.o
#        D:\SJWORK\purge\Purge_N2\EWARM\Purge_N2\Obj\stm32f4xx_hal_msp.o
#        D:\SJWORK\purge\Purge_N2\EWARM\Purge_N2\Obj\stm32f4xx_hal_pwr.o
#        D:\SJWORK\purge\Purge_N2\EWARM\Purge_N2\Obj\stm32f4xx_hal_pwr_ex.o
#        D:\SJWORK\purge\Purge_N2\EWARM\Purge_N2\Obj\stm32f4xx_hal_rcc.o
#        D:\SJWORK\purge\Purge_N2\EWARM\Purge_N2\Obj\stm32f4xx_hal_rcc_ex.o
#        D:\SJWORK\purge\Purge_N2\EWARM\Purge_N2\Obj\stm32f4xx_hal_uart.o
#        D:\SJWORK\purge\Purge_N2\EWARM\Purge_N2\Obj\stm32f4xx_it.o
#        D:\SJWORK\purge\Purge_N2\EWARM\Purge_N2\Obj\system_stm32f4xx.o
#        D:\SJWORK\purge\Purge_N2\EWARM\Purge_N2\Obj\usart.o --redirect
#        _Printf=_PrintfFullNoMb --redirect _Scanf=_ScanfFullNoMb
#        --no_out_extension -o
#        D:\SJWORK\purge\Purge_N2\EWARM\Purge_N2\Exe\Purge_N2.out --map
#        D:\SJWORK\purge\Purge_N2\EWARM\Purge_N2\List\Purge_N2.map --config
#        E:\IAR\software\arm\config\linker\ST\stm32f427xG.icf --semihosting
#        --entry __iar_program_start --vfe --text_out locale)
#
###############################################################################

*******************************************************************************
*** RUNTIME MODEL ATTRIBUTES
***

CppFlavor       = *
__SystemLibrary = DLib
__dlib_version  = 6


*******************************************************************************
*** HEAP SELECTION
***

The basic heap was selected because no calls to memory allocation
functions were found in the application outside of system library
functions, and there are calls to deallocation functions in the
application.


*******************************************************************************
*** PLACEMENT SUMMARY
***

"A0":  place at 0x800'0000 { ro section .intvec };
"P1":  place in [from 0x800'0000 to 0x80f'ffff] { ro };
define block CSTACK with size = 8K, alignment = 8 { };
"P3":  place in [from 0x1000'0000 to 0x1000'ffff] {
          block CSTACK, section .ccram };
define block HEAP with size = 8K, alignment = 8 { };
"P4":  place in [from 0x2000'0000 to 0x2001'bfff] |
                [from 0x2001'c000 to 0x2001'ffff] |
                [from 0x2002'0000 to 0x2002'ffff] { rw, block HEAP };
initialize by copy { rw };

No sections matched the following patterns:

  ro section application_specific_ro  in "P2|P6"
  rw section application_specific_rw  in "P2|P6"
  section .backup_sram                in "P5"
  section .ccram                      in "P3"


  Section            Kind         Address    Size  Object
  -------            ----         -------    ----  ------
"A0":                                       0x1ac
  .intvec            ro code   0x800'0000   0x1ac  startup_stm32f427xx.o [1]
                             - 0x800'01ac   0x1ac

"P1":                                      0x23bc
  .text              ro code   0x800'01ac   0xa14  stm32f4xx_hal_uart.o [1]
  .text              ro code   0x800'0bc0   0x1a0  usart.o [1]
  .text              ro code   0x800'0d60     0xc  stm32f4xx_hal.o [1]
  .text              ro code   0x800'0d6c   0x474  stm32f4xx_hal_dma.o [1]
  .text              ro code   0x800'11e0     0x2  stm32f4xx_hal_uart.o [1]
  .text              ro code   0x800'11e2     0x2  stm32f4xx_hal_uart.o [1]
  .text              ro code   0x800'11e4     0x2  stm32f4xx_hal_uart.o [1]
  .text              ro code   0x800'11e6     0x2  stm32f4xx_hal_uart.o [1]
  .text              ro code   0x800'11e8   0x208  stm32f4xx_hal_rcc.o [1]
  .text              ro code   0x800'13f0   0x230  I64DivMod.o [4]
  .text              ro code   0x800'1620    0xe4  main.o [1]
  .text              ro code   0x800'1704     0x6  ABImemclr4.o [4]
  .text              ro code   0x800'170a    0x3a  zero_init3.o [4]
  .text              ro code   0x800'1744   0x240  stm32f4xx_hal_gpio.o [1]
  .text              ro code   0x800'1984   0x130  stm32f4xx_hal_cortex.o [1]
  .text              ro code   0x800'1ab4    0x4c  stm32f4xx_hal.o [1]
  .text              ro code   0x800'1b00     0x2  I64DivZer.o [4]
  .text              ro code   0x800'1b04    0x34  stm32f4xx_hal.o [1]
  .text              ro code   0x800'1b38    0xc4  gpio.o [1]
  .text              ro code   0x800'1bfc    0x30  dma.o [1]
  .text              ro code   0x800'1c2c   0x140  Modbus_o2.o [1]
  .text              ro code   0x800'1d6c   0x3c4  stm32f4xx_hal_rcc.o [1]
  .text              ro code   0x800'2130    0x7c  stm32f4xx_hal_pwr_ex.o [1]
  .text              ro code   0x800'21ac    0x32  ABImemset48.o [4]
  .text              ro code   0x800'21e0    0x40  stm32f4xx_hal_msp.o [1]
  .text              ro code   0x800'2220    0x66  ABImemset.o [4]
  .text              ro code   0x800'2288    0x34  stm32f4xx_it.o [1]
  .text              ro code   0x800'22bc    0x18  stm32f4xx_hal.o [1]
  .text              ro code   0x800'22d4    0x2c  copy_init3.o [4]
  .text              ro code   0x800'2300    0x28  data_init.o [4]
  .text              ro code   0x800'2328    0x22  fpinit_M.o [3]
  .iar.init_table    const     0x800'234c    0x24  - Linker created -
  .text              ro code   0x800'2370    0x1e  cmain.o [4]
  .text              ro code   0x800'238e     0x4  low_level_init.o [2]
  .text              ro code   0x800'2392     0x4  exit.o [2]
  .text              ro code   0x800'2398     0xa  cexit.o [4]
  .text              ro code   0x800'23a4    0x14  exit.o [5]
  .rodata            const     0x800'23b8    0x10  system_stm32f4xx.o [1]
  .text              ro code   0x800'23c8    0x10  startup_stm32f427xx.o [1]
  .text              ro code   0x800'23d8    0x10  system_stm32f4xx.o [1]
  .text              ro code   0x800'23e8     0xc  cstartup_M.o [4]
  .rodata            const     0x800'23f4     0x8  stm32f4xx_hal_dma.o [1]
  .rodata            const     0x800'23fc     0x8  system_stm32f4xx.o [1]
  .text              ro code   0x800'2404     0x4  startup_stm32f427xx.o [1]
  .text              ro code   0x800'2408     0x4  startup_stm32f427xx.o [1]
  .text              ro code   0x800'240c     0x4  startup_stm32f427xx.o [1]
  .text              ro code   0x800'2410     0x4  startup_stm32f427xx.o [1]
  .text              ro code   0x800'2414     0x4  startup_stm32f427xx.o [1]
  .text              ro code   0x800'2418     0x4  startup_stm32f427xx.o [1]
  .text              ro code   0x800'241c     0x4  startup_stm32f427xx.o [1]
  .text              ro code   0x800'2420     0x4  startup_stm32f427xx.o [1]
  .text              ro code   0x800'2424     0x4  startup_stm32f427xx.o [1]
  .text              ro code   0x800'2428     0x4  startup_stm32f427xx.o [1]
  .text              ro code   0x800'242c     0x4  startup_stm32f427xx.o [1]
  .text              ro code   0x800'2430     0x4  startup_stm32f427xx.o [1]
  .text              ro code   0x800'2434     0x4  startup_stm32f427xx.o [1]
  .text              ro code   0x800'2438     0x4  startup_stm32f427xx.o [1]
  .text              ro code   0x800'243c     0x4  startup_stm32f427xx.o [1]
  .text              ro code   0x800'2440     0x4  startup_stm32f427xx.o [1]
  .text              ro code   0x800'2444     0x4  startup_stm32f427xx.o [1]
  .text              ro code   0x800'2448     0x4  startup_stm32f427xx.o [1]
  .text              ro code   0x800'244c     0x4  startup_stm32f427xx.o [1]
  .text              ro code   0x800'2450     0x4  startup_stm32f427xx.o [1]
  .text              ro code   0x800'2454     0x4  startup_stm32f427xx.o [1]
  .text              ro code   0x800'2458     0x4  startup_stm32f427xx.o [1]
  .text              ro code   0x800'245c     0x4  startup_stm32f427xx.o [1]
  .text              ro code   0x800'2460     0x4  startup_stm32f427xx.o [1]
  .text              ro code   0x800'2464     0x4  startup_stm32f427xx.o [1]
  .text              ro code   0x800'2468     0x4  startup_stm32f427xx.o [1]
  .text              ro code   0x800'246c     0x4  startup_stm32f427xx.o [1]
  .text              ro code   0x800'2470     0x4  startup_stm32f427xx.o [1]
  .text              ro code   0x800'2474     0x4  startup_stm32f427xx.o [1]
  .text              ro code   0x800'2478     0x4  startup_stm32f427xx.o [1]
  .text              ro code   0x800'247c     0x4  startup_stm32f427xx.o [1]
  .text              ro code   0x800'2480     0x4  startup_stm32f427xx.o [1]
  .text              ro code   0x800'2484     0x4  startup_stm32f427xx.o [1]
  .text              ro code   0x800'2488     0x4  startup_stm32f427xx.o [1]
  .text              ro code   0x800'248c     0x4  startup_stm32f427xx.o [1]
  .text              ro code   0x800'2490     0x4  startup_stm32f427xx.o [1]
  .text              ro code   0x800'2494     0x4  startup_stm32f427xx.o [1]
  .text              ro code   0x800'2498     0x4  startup_stm32f427xx.o [1]
  .text              ro code   0x800'249c     0x4  startup_stm32f427xx.o [1]
  .text              ro code   0x800'24a0     0x4  startup_stm32f427xx.o [1]
  .text              ro code   0x800'24a4     0x4  startup_stm32f427xx.o [1]
  .text              ro code   0x800'24a8     0x4  startup_stm32f427xx.o [1]
  .text              ro code   0x800'24ac     0x4  startup_stm32f427xx.o [1]
  .text              ro code   0x800'24b0     0x4  startup_stm32f427xx.o [1]
  .text              ro code   0x800'24b4     0x4  startup_stm32f427xx.o [1]
  .text              ro code   0x800'24b8     0x4  startup_stm32f427xx.o [1]
  .text              ro code   0x800'24bc     0x4  startup_stm32f427xx.o [1]
  .text              ro code   0x800'24c0     0x4  startup_stm32f427xx.o [1]
  .text              ro code   0x800'24c4     0x4  startup_stm32f427xx.o [1]
  .text              ro code   0x800'24c8     0x4  startup_stm32f427xx.o [1]
  .text              ro code   0x800'24cc     0x4  startup_stm32f427xx.o [1]
  .text              ro code   0x800'24d0     0x4  startup_stm32f427xx.o [1]
  .text              ro code   0x800'24d4     0x4  startup_stm32f427xx.o [1]
  .text              ro code   0x800'24d8     0x4  startup_stm32f427xx.o [1]
  .text              ro code   0x800'24dc     0x4  startup_stm32f427xx.o [1]
  .text              ro code   0x800'24e0     0x4  startup_stm32f427xx.o [1]
  .text              ro code   0x800'24e4     0x4  startup_stm32f427xx.o [1]
  .text              ro code   0x800'24e8     0x4  startup_stm32f427xx.o [1]
  .text              ro code   0x800'24ec     0x4  startup_stm32f427xx.o [1]
  .text              ro code   0x800'24f0     0x4  startup_stm32f427xx.o [1]
  .text              ro code   0x800'24f4     0x4  startup_stm32f427xx.o [1]
  .text              ro code   0x800'24f8     0x4  startup_stm32f427xx.o [1]
  .text              ro code   0x800'24fc     0x4  startup_stm32f427xx.o [1]
  .text              ro code   0x800'2500     0x4  startup_stm32f427xx.o [1]
  .text              ro code   0x800'2504     0x4  startup_stm32f427xx.o [1]
  .text              ro code   0x800'2508     0x4  startup_stm32f427xx.o [1]
  .text              ro code   0x800'250c     0x4  startup_stm32f427xx.o [1]
  .text              ro code   0x800'2510     0x4  startup_stm32f427xx.o [1]
  .text              ro code   0x800'2514     0x4  startup_stm32f427xx.o [1]
  .text              ro code   0x800'2518     0x4  startup_stm32f427xx.o [1]
  .text              ro code   0x800'251c     0x4  startup_stm32f427xx.o [1]
  .text              ro code   0x800'2520     0x4  startup_stm32f427xx.o [1]
  .text              ro code   0x800'2524     0x4  startup_stm32f427xx.o [1]
  .text              ro code   0x800'2528     0x4  startup_stm32f427xx.o [1]
  .text              ro code   0x800'252c     0x4  startup_stm32f427xx.o [1]
  .text              ro code   0x800'2530     0x4  startup_stm32f427xx.o [1]
  .text              ro code   0x800'2534     0x4  startup_stm32f427xx.o [1]
  .text              ro code   0x800'2538     0x4  startup_stm32f427xx.o [1]
  .text              ro code   0x800'253c     0x4  startup_stm32f427xx.o [1]
  .text              ro code   0x800'2540     0x4  startup_stm32f427xx.o [1]
  .text              ro code   0x800'2544     0x4  startup_stm32f427xx.o [1]
  .text              ro code   0x800'2548     0x4  startup_stm32f427xx.o [1]
  .text              ro code   0x800'254c     0x4  startup_stm32f427xx.o [1]
  .text              ro code   0x800'2550     0x4  startup_stm32f427xx.o [1]
  .text              ro code   0x800'2554     0x4  startup_stm32f427xx.o [1]
  .text              ro code   0x800'2558     0x4  startup_stm32f427xx.o [1]
  .rodata            const     0x800'255c     0x0  zero_init3.o [4]
  .rodata            const     0x800'255c     0x0  copy_init3.o [4]
  Initializer bytes  const     0x800'255c     0xc  <for P4 s0>
                             - 0x800'2568  0x23bc

"P3":                                      0x2000
  CSTACK                      0x1000'0000  0x2000  <Block>
    CSTACK           uninit   0x1000'0000  0x2000  <Block tail>
                            - 0x1000'2000  0x2000

"P4", part 1 of 2:                            0xc
  P4 s0                       0x2000'0000     0xc  <Init block>
    .data            inited   0x2000'0000     0x4  stm32f4xx_hal.o [1]
    .data            inited   0x2000'0004     0x4  system_stm32f4xx.o [1]
    .data            inited   0x2000'0008     0x1  stm32f4xx_hal.o [1]
                            - 0x2000'000c     0xc

"P4", part 2 of 2:                          0x10c
  .bss               zero     0x2000'000c    0x60  usart.o [1]
  .bss               zero     0x2000'006c    0x48  usart.o [1]
  .bss               zero     0x2000'00b4    0x48  usart.o [1]
  .bss               zero     0x2000'00fc     0x8  Modbus_o2.o [1]
  .bss               zero     0x2000'0104     0x8  Modbus_o2.o [1]
  .bss               zero     0x2000'010c     0x4  main.o [1]
  .bss               zero     0x2000'0110     0x4  stm32f4xx_hal.o [1]
  .bss               zero     0x2000'0114     0x2  Modbus_o2.o [1]
                            - 0x2000'0116   0x10a

Unused ranges:

         From           To      Size
         ----           --      ----
   0x800'2568   0x80f'ffff  0xf'da98
  0x1000'2000  0x1000'ffff    0xe000
  0x2000'0118  0x2001'bfff  0x1'bee8
  0x2001'c000  0x2001'ffff    0x4000
  0x2002'0000  0x2002'ffff  0x1'0000


*******************************************************************************
*** INIT TABLE
***

          Address      Size
          -------      ----
Zero (__iar_zero_init3)
    1 destination range, total size 0x10a:
          0x2000'000c  0x10a

Copy (__iar_copy_init3)
    1 source range, total size 0xc (133% of destination):
           0x800'255c    0xc
    1 destination range, total size 0x9:
          0x2000'0000    0x9



*******************************************************************************
*** MODULE SUMMARY
***

    Module                  ro code  ro data  rw data
    ------                  -------  -------  -------
command line/config:
    -------------------------------------------------
    Total:

D:\SJWORK\purge\Purge_N2\EWARM\Purge_N2\Obj: [1]
    Modbus_o2.o                 320                18
    dma.o                        48
    gpio.o                      196
    main.o                      228                 4
    startup_stm32f427xx.o       788
    stm32f4xx_hal.o             164        5        9
    stm32f4xx_hal_cortex.o      304
    stm32f4xx_hal_dma.o       1 140        8
    stm32f4xx_hal_gpio.o        576
    stm32f4xx_hal_msp.o          64
    stm32f4xx_hal_pwr_ex.o      124
    stm32f4xx_hal_rcc.o       1 484
    stm32f4xx_hal_uart.o      2 588
    stm32f4xx_it.o               52
    system_stm32f4xx.o           16       28        4
    usart.o                     416               240
    -------------------------------------------------
    Total:                    8 508       41      275

dl7M_tlf.a: [2]
    exit.o                        4
    low_level_init.o              4
    -------------------------------------------------
    Total:                        8

m7M_tls.a: [3]
    fpinit_M.o                   34
    -------------------------------------------------
    Total:                       34

rt7M_tl.a: [4]
    ABImemclr4.o                  6
    ABImemset.o                 102
    ABImemset48.o                50
    I64DivMod.o                 560
    I64DivZer.o                   2
    cexit.o                      10
    cmain.o                      30
    copy_init3.o                 44
    cstartup_M.o                 12
    data_init.o                  40
    zero_init3.o                 58
    -------------------------------------------------
    Total:                      914

shb_l.a: [5]
    exit.o                       20
    -------------------------------------------------
    Total:                       20

    Gaps                         10        2
    Linker created                        39    8 192
-----------------------------------------------------
    Grand Total:              9 494       82    8 467


*******************************************************************************
*** ENTRY LIST
***

Entry                       Address   Size  Type      Object
-----                       -------   ----  ----      ------
.iar.init_table$$Base    0x800'234c          --   Gb  - Linker created -
.iar.init_table$$Limit   0x800'2370          --   Gb  - Linker created -
?main                    0x800'2371         Code  Gb  cmain.o [4]
AHBPrescTable            0x800'23b8   0x10  Data  Gb  system_stm32f4xx.o [1]
APBPrescTable            0x800'23fc    0x8  Data  Gb  system_stm32f4xx.o [1]
BusFault_Handler         0x800'228f    0x2  Code  Gb  stm32f4xx_it.o [1]
CSTACK$$Base            0x1000'0000          --   Gb  - Linker created -
CSTACK$$Limit           0x1000'2000          --   Gb  - Linker created -
DMA2_Stream2_IRQHandler
                         0x800'22ab    0xa  Code  Gb  stm32f4xx_it.o [1]
DMA_CalcBaseAndBitshift
                         0x800'1119   0x30  Code  Lc  stm32f4xx_hal_dma.o [1]
DMA_CalcBaseAndBitshift::flagBitshiftOffset
                         0x800'23f4    0x8  Data  Lc  stm32f4xx_hal_dma.o [1]
DMA_CheckFifoParam       0x800'1159   0x88  Code  Lc  stm32f4xx_hal_dma.o [1]
DebugMon_Handler         0x800'2295    0x2  Code  Gb  stm32f4xx_it.o [1]
Error_Handler            0x800'1701    0x4  Code  Gb  main.o [1]
HAL_DMA_Abort            0x800'0e4d   0x9c  Code  Gb  stm32f4xx_hal_dma.o [1]
HAL_DMA_Abort_IT         0x800'0ee9   0x26  Code  Gb  stm32f4xx_hal_dma.o [1]
HAL_DMA_IRQHandler       0x800'0f0f  0x20a  Code  Gb  stm32f4xx_hal_dma.o [1]
HAL_DMA_Init             0x800'0d6d   0xe0  Code  Gb  stm32f4xx_hal_dma.o [1]
HAL_GPIO_Init            0x800'1745  0x1ea  Code  Gb  stm32f4xx_hal_gpio.o [1]
HAL_GPIO_WritePin        0x800'192f   0x14  Code  Gb  stm32f4xx_hal_gpio.o [1]
HAL_GetTick              0x800'0d61    0xc  Code  Wk  stm32f4xx_hal.o [1]
HAL_IncTick              0x800'22bd   0x18  Code  Wk  stm32f4xx_hal.o [1]
HAL_Init                 0x800'1b05   0x30  Code  Gb  stm32f4xx_hal.o [1]
HAL_InitTick             0x800'1ab5   0x4c  Code  Wk  stm32f4xx_hal.o [1]
HAL_MspInit              0x800'21e1   0x40  Code  Gb  stm32f4xx_hal_msp.o [1]
HAL_NVIC_EnableIRQ       0x800'1a81    0xa  Code  Gb  stm32f4xx_hal_cortex.o [1]
HAL_NVIC_SetPriority     0x800'1a5f   0x22  Code  Gb  stm32f4xx_hal_cortex.o [1]
HAL_NVIC_SetPriorityGrouping
                         0x800'1a57    0x8  Code  Gb  stm32f4xx_hal_cortex.o [1]
HAL_PWREx_EnableOverDrive
                         0x800'2131   0x6a  Code  Gb  stm32f4xx_hal_pwr_ex.o [1]
HAL_RCC_ClockConfig      0x800'11e9  0x13a  Code  Gb  stm32f4xx_hal_rcc.o [1]
HAL_RCC_GetHCLKFreq      0x800'1323    0x6  Code  Gb  stm32f4xx_hal_rcc.o [1]
HAL_RCC_GetPCLK1Freq     0x800'1329   0x16  Code  Gb  stm32f4xx_hal_rcc.o [1]
HAL_RCC_GetPCLK2Freq     0x800'133f   0x16  Code  Gb  stm32f4xx_hal_rcc.o [1]
HAL_RCC_OscConfig        0x800'1d6d  0x3c4  Code  Wk  stm32f4xx_hal_rcc.o [1]
HAL_SYSTICK_Config       0x800'1a8b    0x8  Code  Gb  stm32f4xx_hal_cortex.o [1]
HAL_UART_IRQHandler      0x800'03b1  0x2be  Code  Gb  stm32f4xx_hal_uart.o [1]
HAL_UART_Init            0x800'01ad   0x7a  Code  Gb  stm32f4xx_hal_uart.o [1]
HAL_UART_MspInit         0x800'0c29  0x10e  Code  Gb  usart.o [1]
HAL_UART_Receive         0x800'02e7   0xca  Code  Gb  stm32f4xx_hal_uart.o [1]
HAL_UART_Transmit        0x800'0227   0xc0  Code  Gb  stm32f4xx_hal_uart.o [1]
HardFault_Handler        0x800'228b    0x2  Code  Gb  stm32f4xx_it.o [1]
MX_DMA_Init              0x800'1bfd   0x30  Code  Gb  dma.o [1]
MX_GPIO_Init             0x800'1b39   0xc4  Code  Gb  gpio.o [1]
MX_USART1_UART_Init      0x800'0bc1   0x34  Code  Gb  usart.o [1]
MX_USART6_UART_Init      0x800'0bf5   0x34  Code  Gb  usart.o [1]
MemManage_Handler        0x800'228d    0x2  Code  Gb  stm32f4xx_it.o [1]
Modbus_AssembleReqFrame
                         0x800'1c7b   0x3a  Code  Gb  Modbus_o2.o [1]
Modbus_CRC16             0x800'1c2d   0x4e  Code  Gb  Modbus_o2.o [1]
NMI_Handler              0x800'2289    0x2  Code  Gb  stm32f4xx_it.o [1]
NVIC_EncodePriority      0x800'19ed   0x3c  Code  Lc  stm32f4xx_hal_cortex.o [1]
O2_Sensor_ReadConcentration
                         0x800'1cb5   0xa4  Code  Gb  Modbus_o2.o [1]
PendSV_Handler           0x800'2297    0x2  Code  Gb  stm32f4xx_it.o [1]
Region$$Table$$Base      0x800'234c          --   Gb  - Linker created -
Region$$Table$$Limit     0x800'2370          --   Gb  - Linker created -
SVC_Handler              0x800'2293    0x2  Code  Gb  stm32f4xx_it.o [1]
SysTick_Config           0x800'1a29   0x2e  Code  Lc  stm32f4xx_hal_cortex.o [1]
SysTick_Handler          0x800'2299    0x8  Code  Gb  stm32f4xx_it.o [1]
SystemClock_Config       0x800'1647   0xae  Code  Gb  main.o [1]
SystemCoreClock         0x2000'0004    0x4  Data  Gb  system_stm32f4xx.o [1]
SystemInit               0x800'23d9    0xc  Code  Gb  system_stm32f4xx.o [1]
UART_DMAAbortOnError     0x800'0751    0xe  Code  Lc  stm32f4xx_hal_uart.o [1]
UART_EndRxTransfer       0x800'06f1   0x60  Code  Lc  stm32f4xx_hal_uart.o [1]
UART_EndTransmit_IT      0x800'07c3   0x1c  Code  Lc  stm32f4xx_hal_uart.o [1]
UART_Receive_IT          0x800'07df   0xee  Code  Lc  stm32f4xx_hal_uart.o [1]
UART_SetConfig           0x800'08cd  0x2e6  Code  Lc  stm32f4xx_hal_uart.o [1]
UART_Transmit_IT         0x800'0761   0x62  Code  Lc  stm32f4xx_hal_uart.o [1]
UART_WaitOnFlagUntilTimeout
                         0x800'066f   0x82  Code  Lc  stm32f4xx_hal_uart.o [1]
USART1_IRQHandler        0x800'22a1    0xa  Code  Gb  stm32f4xx_it.o [1]
UsageFault_Handler       0x800'2291    0x2  Code  Gb  stm32f4xx_it.o [1]
__NVIC_EnableIRQ         0x800'19ad   0x1c  Code  Lc  stm32f4xx_hal_cortex.o [1]
__NVIC_GetPriorityGrouping
                         0x800'19a3    0xa  Code  Lc  stm32f4xx_hal_cortex.o [1]
__NVIC_SetPriority       0x800'19c9   0x24  Code  Lc  stm32f4xx_hal_cortex.o [1]
__NVIC_SetPriorityGrouping
                         0x800'1985   0x1e  Code  Lc  stm32f4xx_hal_cortex.o [1]
__aeabi_ldiv0            0x800'1b01         Code  Gb  I64DivZer.o [4]
__aeabi_memclr4          0x800'1705         Code  Gb  ABImemclr4.o [4]
__aeabi_memset           0x800'2221         Code  Gb  ABImemset.o [4]
__aeabi_uldivmod         0x800'13f1         Code  Gb  I64DivMod.o [4]
__cmain                  0x800'2371         Code  Gb  cmain.o [4]
__exit                   0x800'23a5   0x14  Code  Gb  exit.o [5]
__iar_Memset             0x800'2221         Code  Gb  ABImemset.o [4]
__iar_Memset4_word       0x800'21ad         Code  Gb  ABImemset48.o [4]
__iar_Memset8_word       0x800'21ad         Code  Gb  ABImemset48.o [4]
__iar_Memset_word        0x800'2229         Code  Gb  ABImemset.o [4]
__iar_copy_init3         0x800'22d5   0x2c  Code  Gb  copy_init3.o [4]
__iar_data_init3         0x800'2301   0x28  Code  Gb  data_init.o [4]
__iar_init_vfp           0x800'2329         Code  Gb  fpinit_M.o [3]
__iar_program_start      0x800'23e9         Code  Gb  cstartup_M.o [4]
__iar_zero_init3         0x800'170b   0x3a  Code  Gb  zero_init3.o [4]
__low_level_init         0x800'238f    0x4  Code  Gb  low_level_init.o [2]
__vector_table           0x800'0000         Data  Gb  startup_stm32f427xx.o [1]
_call_main               0x800'237d         Code  Gb  cmain.o [4]
_exit                    0x800'2399         Code  Gb  cexit.o [4]
_main                    0x800'238b         Code  Gb  cmain.o [4]
exit                     0x800'2393    0x4  Code  Gb  exit.o [2]
hdma_usart1_rx          0x2000'000c   0x60  Data  Gb  usart.o [1]
huart1                  0x2000'006c   0x48  Data  Gb  usart.o [1]
huart6                  0x2000'00b4   0x48  Data  Gb  usart.o [1]
main                     0x800'1621   0x26  Code  Gb  main.o [1]
o2_raw                  0x2000'0114    0x2  Data  Gb  Modbus_o2.o [1]
o2_value                0x2000'010c    0x4  Data  Gb  main.o [1]
req_frame               0x2000'00fc    0x8  Data  Gb  Modbus_o2.o [1]
resp_frame              0x2000'0104    0x8  Data  Gb  Modbus_o2.o [1]
uwTick                  0x2000'0110    0x4  Data  Gb  stm32f4xx_hal.o [1]
uwTickFreq              0x2000'0008    0x1  Data  Gb  stm32f4xx_hal.o [1]
uwTickPrio              0x2000'0000    0x4  Data  Gb  stm32f4xx_hal.o [1]


[1] = D:\SJWORK\purge\Purge_N2\EWARM\Purge_N2\Obj
[2] = dl7M_tlf.a
[3] = m7M_tls.a
[4] = rt7M_tl.a
[5] = shb_l.a

  9 494 bytes of readonly  code memory
     82 bytes of readonly  data memory
  8 467 bytes of readwrite data memory

Errors: none
Warnings: none
