###############################################################################
#
# IAR ELF Linker V8.32.1.169/W32 for ARM                  28/Apr/2026  13:37:19
# Copyright 2007-2018 IAR Systems AB.
#
#    Output file  =  D:\SJWORK\purge\Purge_N2\EWARM\Purge_N2\Exe\Purge_N2.out
#    Map file     =  D:\SJWORK\purge\Purge_N2\EWARM\Purge_N2\List\Purge_N2.map
#    Command line =  
#        -f C:\Users\27752\AppData\Local\Temp\EW6CB3.tmp
#        (D:\SJWORK\purge\Purge_N2\EWARM\Purge_N2\Obj\adc.o
#        D:\SJWORK\purge\Purge_N2\EWARM\Purge_N2\Obj\cmsis_os2.o
#        D:\SJWORK\purge\Purge_N2\EWARM\Purge_N2\Obj\croutine.o
#        D:\SJWORK\purge\Purge_N2\EWARM\Purge_N2\Obj\dma.o
#        D:\SJWORK\purge\Purge_N2\EWARM\Purge_N2\Obj\event_groups.o
#        D:\SJWORK\purge\Purge_N2\EWARM\Purge_N2\Obj\freertos.o
#        D:\SJWORK\purge\Purge_N2\EWARM\Purge_N2\Obj\gpio.o
#        D:\SJWORK\purge\Purge_N2\EWARM\Purge_N2\Obj\heap_4.o
#        D:\SJWORK\purge\Purge_N2\EWARM\Purge_N2\Obj\list.o
#        D:\SJWORK\purge\Purge_N2\EWARM\Purge_N2\Obj\main.o
#        D:\SJWORK\purge\Purge_N2\EWARM\Purge_N2\Obj\Modbus_o2.o
#        D:\SJWORK\purge\Purge_N2\EWARM\Purge_N2\Obj\My_ADC_ReadData.o
#        D:\SJWORK\purge\Purge_N2\EWARM\Purge_N2\Obj\port.o
#        D:\SJWORK\purge\Purge_N2\EWARM\Purge_N2\Obj\portasm.o
#        D:\SJWORK\purge\Purge_N2\EWARM\Purge_N2\Obj\Purge_ConfigStore.o
#        D:\SJWORK\purge\Purge_N2\EWARM\Purge_N2\Obj\Purge_Control.o
#        D:\SJWORK\purge\Purge_N2\EWARM\Purge_N2\Obj\Purge_HostComm.o
#        D:\SJWORK\purge\Purge_N2\EWARM\Purge_N2\Obj\queue.o
#        D:\SJWORK\purge\Purge_N2\EWARM\Purge_N2\Obj\SFC.o
#        D:\SJWORK\purge\Purge_N2\EWARM\Purge_N2\Obj\SHT85.o
#        D:\SJWORK\purge\Purge_N2\EWARM\Purge_N2\Obj\SOFT_I2C.o
#        D:\SJWORK\purge\Purge_N2\EWARM\Purge_N2\Obj\startup_stm32f427xx.o
#        D:\SJWORK\purge\Purge_N2\EWARM\Purge_N2\Obj\stm32f4xx_hal.o
#        D:\SJWORK\purge\Purge_N2\EWARM\Purge_N2\Obj\stm32f4xx_hal_adc.o
#        D:\SJWORK\purge\Purge_N2\EWARM\Purge_N2\Obj\stm32f4xx_hal_adc_ex.o
#        D:\SJWORK\purge\Purge_N2\EWARM\Purge_N2\Obj\stm32f4xx_hal_cortex.o
#        D:\SJWORK\purge\Purge_N2\EWARM\Purge_N2\Obj\stm32f4xx_hal_dma.o
#        D:\SJWORK\purge\Purge_N2\EWARM\Purge_N2\Obj\stm32f4xx_hal_dma_ex.o
#        D:\SJWORK\purge\Purge_N2\EWARM\Purge_N2\Obj\stm32f4xx_hal_exti.o
#        D:\SJWORK\purge\Purge_N2\EWARM\Purge_N2\Obj\stm32f4xx_hal_flash.o
#        D:\SJWORK\purge\Purge_N2\EWARM\Purge_N2\Obj\stm32f4xx_hal_flash_ex.o
#        D:\SJWORK\purge\Purge_N2\EWARM\Purge_N2\Obj\stm32f4xx_hal_flash_ramfunc.o
#        D:\SJWORK\purge\Purge_N2\EWARM\Purge_N2\Obj\stm32f4xx_hal_gpio.o
#        D:\SJWORK\purge\Purge_N2\EWARM\Purge_N2\Obj\stm32f4xx_hal_msp.o
#        D:\SJWORK\purge\Purge_N2\EWARM\Purge_N2\Obj\stm32f4xx_hal_pwr.o
#        D:\SJWORK\purge\Purge_N2\EWARM\Purge_N2\Obj\stm32f4xx_hal_pwr_ex.o
#        D:\SJWORK\purge\Purge_N2\EWARM\Purge_N2\Obj\stm32f4xx_hal_rcc.o
#        D:\SJWORK\purge\Purge_N2\EWARM\Purge_N2\Obj\stm32f4xx_hal_rcc_ex.o
#        D:\SJWORK\purge\Purge_N2\EWARM\Purge_N2\Obj\stm32f4xx_hal_tim.o
#        D:\SJWORK\purge\Purge_N2\EWARM\Purge_N2\Obj\stm32f4xx_hal_tim_ex.o
#        D:\SJWORK\purge\Purge_N2\EWARM\Purge_N2\Obj\stm32f4xx_hal_timebase_tim.o
#        D:\SJWORK\purge\Purge_N2\EWARM\Purge_N2\Obj\stm32f4xx_hal_uart.o
#        D:\SJWORK\purge\Purge_N2\EWARM\Purge_N2\Obj\stm32f4xx_it.o
#        D:\SJWORK\purge\Purge_N2\EWARM\Purge_N2\Obj\stream_buffer.o
#        D:\SJWORK\purge\Purge_N2\EWARM\Purge_N2\Obj\system_stm32f4xx.o
#        D:\SJWORK\purge\Purge_N2\EWARM\Purge_N2\Obj\tasks.o
#        D:\SJWORK\purge\Purge_N2\EWARM\Purge_N2\Obj\timers.o
#        D:\SJWORK\purge\Purge_N2\EWARM\Purge_N2\Obj\usart.o --redirect
#        _Printf=_PrintfFullNoMb --redirect _Scanf=_ScanfFullNoMb
#        --no_out_extension -o
#        D:\SJWORK\purge\Purge_N2\EWARM\Purge_N2\Exe\Purge_N2.out --map
#        D:\SJWORK\purge\Purge_N2\EWARM\Purge_N2\List\Purge_N2.map --config
#        D:\SJWORK\purge\Purge_N2\EWARM\stm32f427xx_flash.icf --semihosting
#        --entry __iar_program_start --vfe --text_out locale)
#
###############################################################################

*******************************************************************************
*** RUNTIME MODEL ATTRIBUTES
***

CppFlavor       = *
__SystemLibrary = DLib
__dlib_version  = 6


*******************************************************************************
*** HEAP SELECTION
***

The basic heap was selected because no calls to memory allocation
functions were found in the application outside of system library
functions, and there are calls to deallocation functions in the
application.


*******************************************************************************
*** PLACEMENT SUMMARY
***

"A0":  place at 0x800'0000 { ro section .intvec };
"P1":  place in [from 0x800'0000 to 0x80d'ffff] { ro };
define block CSTACK with size = 1K, alignment = 8 { };
define block HEAP with size = 512, alignment = 8 { };
"P2":  place in [from 0x2000'0000 to 0x2002'ffff] {
          rw, block CSTACK, block HEAP };
initialize by copy { rw };

  Section            Kind         Address    Size  Object
  -------            ----         -------    ----  ------
"A0":                                       0x1ac
  .intvec            ro code   0x800'0000   0x1ac  startup_stm32f427xx.o [1]
                             - 0x800'01ac   0x1ac

"P1":                                      0xb9d6
  .text              ro code   0x800'01ac  0x114e  Purge_HostComm.o [1]
  .text              ro code   0x800'12fa    0x7a  lz77_init_single.o [4]
  .text              ro code   0x800'1374    0x66  ABImemset.o [4]
  .text              ro code   0x800'13da    0x3a  zero_init3.o [4]
  .text              ro code   0x800'1414   0xdc8  stm32f4xx_hal_uart.o [1]
  .text              ro code   0x800'21dc     0xc  stm32f4xx_hal.o [1]
  .text              ro code   0x800'21e8   0x990  Purge_Control.o [1]
  .text              ro code   0x800'2b78    0x44  snprintf.o [2]
  .text              ro code   0x800'2bbc    0x48  FltToDbl.o [3]
  .text              ro code   0x800'2c04    0x14  isspace.o [2]
  .text              ro code   0x800'2c18    0x28  strncmp.o [2]
  .text              ro code   0x800'2c40    0x28  sscanf.o [2]
  .text              ro code   0x800'2c68    0x36  strlen.o [4]
  .text              ro code   0x800'2c9e    0x1e  xsscin.o [2]
  .text              ro code   0x800'2cbc    0x96  ABImemmove.o [4]
  .text              ro code   0x800'2d52    0x1a  xsnprout.o [2]
  .text              ro code   0x800'2d6c    0x16  strchr.o [4]
  .text              ro code   0x800'2d84    0xa6  ABImemcpy.o [4]
  .text              ro code   0x800'2e2c     0xe  math_wrappers64.o [3]
  .text              ro code   0x800'2e3c    0x68  DblToFlt.o [3]
  .text              ro code   0x800'2ea4   0x146  iar_Stoulx.o [2]
  .text              ro code   0x800'2fec    0x12  strcmp.o [4]
  .text              ro code   0x800'3000   0x24c  usart.o [1]
  .text              ro code   0x800'324c   0x518  stm32f4xx_hal_dma.o [1]
  .text              ro code   0x800'3764     0x2  stm32f4xx_hal_uart.o [1]
  .text              ro code   0x800'3766     0x2  stm32f4xx_hal_uart.o [1]
  .text              ro code   0x800'3768     0x2  stm32f4xx_hal_uart.o [1]
  .text              ro code   0x800'376c   0x23c  stm32f4xx_hal_rcc.o [1]
  .text              ro code   0x800'39a8   0x230  I64DivMod.o [4]
  .text              ro code   0x800'3bd8   0x238  Purge_ConfigStore.o [1]
  .text              ro code   0x800'3e10   0x270  SHT85.o [1]
  .text              ro code   0x800'4080    0x28  stm32f4xx_hal.o [1]
  .text              ro code   0x800'40a8   0x16c  SFC.o [1]
  .text              ro code   0x800'4214   0x190  Modbus_o2.o [1]
  .text              ro code   0x800'43a4   0x188  My_ADC_ReadData.o [1]
  .text              ro code   0x800'452c   0x264  stm32f4xx_hal_gpio.o [1]
  .text              ro code   0x800'4790   0xdf2  xprintffull_nomb.o [2]
  .text              ro code   0x800'5584    0x4c  xlocale_c.o [2]
  .text              ro code   0x800'55d0   0xcd0  xscanffull_nomb.o [2]
  .text              ro code   0x800'62a0   0x51a  strto64.o [3]
  .text              ro code   0x800'67ba    0x14  tolower.o [2]
  .text              ro code   0x800'67d0    0x58  memchr.o [4]
  .text              ro code   0x800'6828   0x118  main.o [1]
  .text              ro code   0x800'6940     0x6  ABImemclr4.o [4]
  .text              ro code   0x800'6948    0xec  stm32f4xx_hal_cortex.o [1]
  .text              ro code   0x800'6a34    0xac  stm32f4xx_hal_timebase_tim.o [1]
  .text              ro code   0x800'6ae0     0x2  I64DivZer.o [4]
  .text              ro code   0x800'6ae4    0x68  memcmp.o [4]
  .text              ro code   0x800'6b4c   0x214  stm32f4xx_hal_flash.o [1]
  .text              ro code   0x800'6d60   0x1b4  stm32f4xx_hal_flash_ex.o [1]
  .text              ro code   0x800'6f14   0x214  SOFT_I2C.o [1]
  .text              ro code   0x800'7128   0x55c  stm32f4xx_hal_adc.o [1]
  .text              ro code   0x800'7684    0x40  xfail_s.o [2]
  .text              ro code   0x800'76c4   0x1a2  DblMul.o [3]
  .text              ro code   0x800'7868    0x70  frexp.o [3]
  .text              ro code   0x800'78d8    0x2e  DblCmpLe.o [3]
  .text              ro code   0x800'7908    0x2e  DblCmpGe.o [3]
  .text              ro code   0x800'7938   0x13a  ldexp.o [3]
  .text              ro code   0x800'7a74    0x3a  DblToS32.o [3]
  .text              ro code   0x800'7ab0    0x22  S32ToDbl.o [3]
  .text              ro code   0x800'7ad4    0xe2  DblSub.o [3]
  .text              ro code   0x800'7bb8   0x246  DblDiv.o [3]
  .text              ro code   0x800'7e00    0x28  DblToU32.o [3]
  .text              ro code   0x800'7e28    0x1a  U32ToDbl.o [3]
  .text              ro code   0x800'7e44    0x9e  iar_Stollx.o [2]
  .text              ro code   0x800'7ee4   0x1b2  iar_Stoullx.o [2]
  .text              ro code   0x800'8096    0x14  isalpha.o [2]
  .text              ro code   0x800'80aa   0x122  iar_Stopfx.o [2]
  .text              ro code   0x800'81cc   0x1c4  iar_Stoflt.o [2]
  .text              ro code   0x800'8390   0x17a  DblAdd.o [3]
  .text              ro code   0x800'850c   0x21c  iar_Stoxflt.o [2]
  .text              ro code   0x800'8728    0x34  stm32f4xx_hal.o [1]
  .text              ro code   0x800'875c   0x140  gpio.o [1]
  .text              ro code   0x800'889c    0x30  dma.o [1]
  .text              ro code   0x800'88cc    0xe4  adc.o [1]
  .text              ro code   0x800'89b0   0x1ac  cmsis_os2.o [1]
  .text              ro code   0x800'8b5c    0x9a  freertos.o [1]
  .text              ro code   0x800'8bf8   0x3c4  stm32f4xx_hal_rcc.o [1]
  .text              ro code   0x800'8fbc    0x7c  stm32f4xx_hal_pwr_ex.o [1]
  .text              ro code   0x800'9038    0x18  stm32f4xx_hal.o [1]
  .text              ro code   0x800'9050    0x32  ABImemset48.o [4]
  .text              ro code   0x800'9084   0x356  stm32f4xx_hal_tim.o [1]
  .text              ro code   0x800'93da     0x6  abort.o [2]
  .text              ro code   0x800'93e0    0x48  stm32f4xx_hal_msp.o [1]
  .text              ro code   0x800'9428   0x9c8  tasks.o [1]
  .text              ro code   0x800'9df0   0x258  port.o [1]
  .text              ro code   0x800'a048     0x2  stm32f4xx_hal_tim.o [1]
  .text              ro code   0x800'a04a     0x2  stm32f4xx_hal_tim.o [1]
  .text              ro code   0x800'a04c     0x2  stm32f4xx_hal_tim.o [1]
  .text              ro code   0x800'a04e     0x2  stm32f4xx_hal_tim_ex.o [1]
  .text              ro code   0x800'a050     0x2  stm32f4xx_hal_tim.o [1]
  .text              ro code   0x800'a052     0x2  stm32f4xx_hal_tim_ex.o [1]
  .text              ro code   0x800'a054    0x14  exit.o [5]
  .text              ro code   0x800'a068   0x278  heap_4.o [1]
  .text              ro code   0x800'a2e0    0x98  list.o [1]
  .text              ro code   0x800'a378   0x480  timers.o [1]
  CODE               ro code   0x800'a7f8    0xb0  portasm.o [1]
  .text              ro code   0x800'a8a8    0x18  cmsis_os2.o [1]
  .text              ro code   0x800'a8c0   0x6fa  queue.o [1]
  .rodata            const     0x800'afbc    0xbc  Purge_HostComm.o [1]
  .rodata            const     0x800'b078    0x50  iar_Stoulx.o [2]
  .rodata            const     0x800'b0c8    0x50  iar_Stoullx.o [2]
  .rodata            const     0x800'b118    0x48  Purge_HostComm.o [1]
  .rodata            const     0x800'b160    0x3c  Purge_HostComm.o [1]
  .rodata            const     0x800'b1a0    0x48  strto64.o [3]
  .text              ro code   0x800'b1e8    0x44  stm32f4xx_it.o [1]
  .rodata            const     0x800'b22c    0x34  Purge_HostComm.o [1]
  .rodata            const     0x800'b260    0x34  Purge_HostComm.o [1]
  .rodata            const     0x800'b294    0x34  Purge_HostComm.o [1]
  .rodata            const     0x800'b2c8    0x2c  Purge_HostComm.o [1]
  .rodata            const     0x800'b2f4    0x2c  Purge_HostComm.o [1]
  .rodata            const     0x800'b320    0x2c  Purge_HostComm.o [1]
  .rodata            const     0x800'b34c    0x2c  Purge_HostComm.o [1]
  .rodata            const     0x800'b378    0x2c  Purge_HostComm.o [1]
  .rodata            const     0x800'b3a4    0x2c  Purge_HostComm.o [1]
  .rodata            const     0x800'b3d0    0x28  xscanffull_nomb.o [2]
  .text              ro code   0x800'b3f8    0x28  data_init.o [4]
  .rodata            const     0x800'b420    0x24  freertos.o [1]
  .rodata            const     0x800'b444    0x24  freertos.o [1]
  .rodata            const     0x800'b468    0x24  freertos.o [1]
  .rodata            const     0x800'b48c    0x24  Purge_HostComm.o [1]
  .rodata            const     0x800'b4b0    0x24  xscanffull_nomb.o [2]
  .text              ro code   0x800'b4d4    0x22  fpinit_M.o [3]
  .iar.init_table    const     0x800'b4f8    0x20  - Linker created -
  .text              ro code   0x800'b518    0x1e  cmain.o [4]
  .text              ro code   0x800'b536     0x4  low_level_init.o [2]
  .text              ro code   0x800'b53a     0x4  exit.o [2]
  .text              ro code   0x800'b540     0xa  cexit.o [4]
  .rodata            const     0x800'b54c    0x1c  Purge_HostComm.o [1]
  .rodata            const     0x800'b568    0x1c  Purge_HostComm.o [1]
  .rodata            const     0x800'b584    0x1c  Purge_HostComm.o [1]
  .rodata            const     0x800'b5a0    0x1c  Purge_HostComm.o [1]
  .rodata            const     0x800'b5bc    0x1c  Purge_HostComm.o [1]
  .rodata            const     0x800'b5d8    0x18  Purge_HostComm.o [1]
  .rodata            const     0x800'b5f0    0x18  Purge_HostComm.o [1]
  .rodata            const     0x800'b608    0x18  Purge_HostComm.o [1]
  .rodata            const     0x800'b620    0x18  Purge_HostComm.o [1]
  .rodata            const     0x800'b638    0x14  Purge_HostComm.o [1]
  .rodata            const     0x800'b64c    0x14  Purge_HostComm.o [1]
  .rodata            const     0x800'b660    0x14  Purge_HostComm.o [1]
  .rodata            const     0x800'b674    0x14  Purge_HostComm.o [1]
  .rodata            const     0x800'b688    0x14  Purge_HostComm.o [1]
  .rodata            const     0x800'b69c    0x14  Purge_HostComm.o [1]
  .rodata            const     0x800'b6b0    0x14  Purge_HostComm.o [1]
  .rodata            const     0x800'b6c4    0x14  Purge_HostComm.o [1]
  .rodata            const     0x800'b6d8    0x14  Purge_HostComm.o [1]
  .rodata            const     0x800'b6ec    0x10  Purge_HostComm.o [1]
  .rodata            const     0x800'b6fc    0x10  Purge_HostComm.o [1]
  .rodata            const     0x800'b70c    0x10  Purge_HostComm.o [1]
  .rodata            const     0x800'b71c    0x10  Purge_HostComm.o [1]
  .rodata            const     0x800'b72c    0x10  Purge_HostComm.o [1]
  .rodata            const     0x800'b73c    0x10  Purge_HostComm.o [1]
  .rodata            const     0x800'b74c    0x10  Purge_HostComm.o [1]
  .rodata            const     0x800'b75c    0x10  Purge_HostComm.o [1]
  .rodata            const     0x800'b76c    0x10  Purge_HostComm.o [1]
  .rodata            const     0x800'b77c    0x10  Purge_HostComm.o [1]
  .rodata            const     0x800'b78c    0x10  Purge_HostComm.o [1]
  .rodata            const     0x800'b79c    0x10  Purge_HostComm.o [1]
  .rodata            const     0x800'b7ac    0x10  Purge_HostComm.o [1]
  .rodata            const     0x800'b7bc    0x10  Purge_HostComm.o [1]
  .rodata            const     0x800'b7cc    0x10  system_stm32f4xx.o [1]
  .text              ro code   0x800'b7dc    0x10  startup_stm32f427xx.o [1]
  .text              ro code   0x800'b7ec    0x10  system_stm32f4xx.o [1]
  .rodata            const     0x800'b7fc     0xc  freertos.o [1]
  .rodata            const     0x800'b808     0xc  freertos.o [1]
  .rodata            const     0x800'b814     0xc  freertos.o [1]
  .rodata            const     0x800'b820     0xc  Purge_Control.o [1]
  .rodata            const     0x800'b82c     0xc  Purge_Control.o [1]
  .rodata            const     0x800'b838     0xc  Purge_HostComm.o [1]
  .rodata            const     0x800'b844     0xc  Purge_HostComm.o [1]
  .rodata            const     0x800'b850     0xc  Purge_HostComm.o [1]
  .rodata            const     0x800'b85c     0xc  Purge_HostComm.o [1]
  .rodata            const     0x800'b868     0xc  Purge_HostComm.o [1]
  .rodata            const     0x800'b874     0xc  Purge_HostComm.o [1]
  .rodata            const     0x800'b880     0xc  Purge_HostComm.o [1]
  .rodata            const     0x800'b88c     0xc  Purge_HostComm.o [1]
  .rodata            const     0x800'b898     0xc  Purge_HostComm.o [1]
  .rodata            const     0x800'b8a4     0xc  Purge_HostComm.o [1]
  .rodata            const     0x800'b8b0     0xc  Purge_HostComm.o [1]
  .rodata            const     0x800'b8bc     0xc  Purge_HostComm.o [1]
  .rodata            const     0x800'b8c8     0xc  Purge_HostComm.o [1]
  .rodata            const     0x800'b8d4     0xc  Purge_HostComm.o [1]
  .rodata            const     0x800'b8e0     0xc  Purge_HostComm.o [1]
  .text              ro code   0x800'b8ec     0xc  cstartup_M.o [4]
  .rodata            const     0x800'b8f8     0x8  Purge_Control.o [1]
  .rodata            const     0x800'b900     0x8  Purge_Control.o [1]
  .rodata            const     0x800'b908     0x8  Purge_Control.o [1]
  .rodata            const     0x800'b910     0x8  Purge_Control.o [1]
  .rodata            const     0x800'b918     0x8  Purge_Control.o [1]
  .rodata            const     0x800'b920     0x8  Purge_HostComm.o [1]
  .rodata            const     0x800'b928     0x8  Purge_HostComm.o [1]
  .rodata            const     0x800'b930     0x8  Purge_HostComm.o [1]
  .rodata            const     0x800'b938     0x8  Purge_HostComm.o [1]
  .rodata            const     0x800'b940     0x8  Purge_HostComm.o [1]
  .rodata            const     0x800'b948     0x8  Purge_HostComm.o [1]
  .rodata            const     0x800'b950     0x8  Purge_HostComm.o [1]
  .rodata            const     0x800'b958     0x8  Purge_HostComm.o [1]
  .rodata            const     0x800'b960     0x8  Purge_HostComm.o [1]
  .rodata            const     0x800'b968     0x8  Purge_HostComm.o [1]
  .rodata            const     0x800'b970     0x8  Purge_HostComm.o [1]
  .rodata            const     0x800'b978     0x8  Purge_HostComm.o [1]
  .rodata            const     0x800'b980     0x8  Purge_HostComm.o [1]
  .rodata            const     0x800'b988     0x8  Purge_HostComm.o [1]
  .rodata            const     0x800'b990     0x8  Purge_HostComm.o [1]
  .rodata            const     0x800'b998     0x8  Purge_HostComm.o [1]
  .rodata            const     0x800'b9a0     0x8  Purge_HostComm.o [1]
  .rodata            const     0x800'b9a8     0x8  stm32f4xx_hal_dma.o [1]
  .rodata            const     0x800'b9b0     0x8  system_stm32f4xx.o [1]
  .rodata            const     0x800'b9b8     0x8  tasks.o [1]
  .rodata            const     0x800'b9c0     0x8  timers.o [1]
  .rodata            const     0x800'b9c8     0x8  timers.o [1]
  .rodata            const     0x800'b9d0     0x6  xlocale_c.o [2]
  .rodata            const     0x800'b9d8     0x4  heap_4.o [1]
  .rodata            const     0x800'b9dc     0x4  port.o [1]
  .text              ro code   0x800'b9e0     0x4  startup_stm32f427xx.o [1]
  .text              ro code   0x800'b9e4     0x4  startup_stm32f427xx.o [1]
  .text              ro code   0x800'b9e8     0x4  startup_stm32f427xx.o [1]
  .text              ro code   0x800'b9ec     0x4  startup_stm32f427xx.o [1]
  .text              ro code   0x800'b9f0     0x4  startup_stm32f427xx.o [1]
  .text              ro code   0x800'b9f4     0x4  startup_stm32f427xx.o [1]
  .text              ro code   0x800'b9f8     0x4  startup_stm32f427xx.o [1]
  .text              ro code   0x800'b9fc     0x4  startup_stm32f427xx.o [1]
  .text              ro code   0x800'ba00     0x4  startup_stm32f427xx.o [1]
  .text              ro code   0x800'ba04     0x4  startup_stm32f427xx.o [1]
  .text              ro code   0x800'ba08     0x4  startup_stm32f427xx.o [1]
  .text              ro code   0x800'ba0c     0x4  startup_stm32f427xx.o [1]
  .text              ro code   0x800'ba10     0x4  startup_stm32f427xx.o [1]
  .text              ro code   0x800'ba14     0x4  startup_stm32f427xx.o [1]
  .text              ro code   0x800'ba18     0x4  startup_stm32f427xx.o [1]
  .text              ro code   0x800'ba1c     0x4  startup_stm32f427xx.o [1]
  .text              ro code   0x800'ba20     0x4  startup_stm32f427xx.o [1]
  .text              ro code   0x800'ba24     0x4  startup_stm32f427xx.o [1]
  .text              ro code   0x800'ba28     0x4  startup_stm32f427xx.o [1]
  .text              ro code   0x800'ba2c     0x4  startup_stm32f427xx.o [1]
  .text              ro code   0x800'ba30     0x4  startup_stm32f427xx.o [1]
  .text              ro code   0x800'ba34     0x4  startup_stm32f427xx.o [1]
  .text              ro code   0x800'ba38     0x4  startup_stm32f427xx.o [1]
  .text              ro code   0x800'ba3c     0x4  startup_stm32f427xx.o [1]
  .text              ro code   0x800'ba40     0x4  startup_stm32f427xx.o [1]
  .text              ro code   0x800'ba44     0x4  startup_stm32f427xx.o [1]
  .text              ro code   0x800'ba48     0x4  startup_stm32f427xx.o [1]
  .text              ro code   0x800'ba4c     0x4  startup_stm32f427xx.o [1]
  .text              ro code   0x800'ba50     0x4  startup_stm32f427xx.o [1]
  .text              ro code   0x800'ba54     0x4  startup_stm32f427xx.o [1]
  .text              ro code   0x800'ba58     0x4  startup_stm32f427xx.o [1]
  .text              ro code   0x800'ba5c     0x4  startup_stm32f427xx.o [1]
  .text              ro code   0x800'ba60     0x4  startup_stm32f427xx.o [1]
  .text              ro code   0x800'ba64     0x4  startup_stm32f427xx.o [1]
  .text              ro code   0x800'ba68     0x4  startup_stm32f427xx.o [1]
  .text              ro code   0x800'ba6c     0x4  startup_stm32f427xx.o [1]
  .text              ro code   0x800'ba70     0x4  startup_stm32f427xx.o [1]
  .text              ro code   0x800'ba74     0x4  startup_stm32f427xx.o [1]
  .text              ro code   0x800'ba78     0x4  startup_stm32f427xx.o [1]
  .text              ro code   0x800'ba7c     0x4  startup_stm32f427xx.o [1]
  .text              ro code   0x800'ba80     0x4  startup_stm32f427xx.o [1]
  .text              ro code   0x800'ba84     0x4  startup_stm32f427xx.o [1]
  .text              ro code   0x800'ba88     0x4  startup_stm32f427xx.o [1]
  .text              ro code   0x800'ba8c     0x4  startup_stm32f427xx.o [1]
  .text              ro code   0x800'ba90     0x4  startup_stm32f427xx.o [1]
  .text              ro code   0x800'ba94     0x4  startup_stm32f427xx.o [1]
  .text              ro code   0x800'ba98     0x4  startup_stm32f427xx.o [1]
  .text              ro code   0x800'ba9c     0x4  startup_stm32f427xx.o [1]
  .text              ro code   0x800'baa0     0x4  startup_stm32f427xx.o [1]
  .text              ro code   0x800'baa4     0x4  startup_stm32f427xx.o [1]
  .text              ro code   0x800'baa8     0x4  startup_stm32f427xx.o [1]
  .text              ro code   0x800'baac     0x4  startup_stm32f427xx.o [1]
  .text              ro code   0x800'bab0     0x4  startup_stm32f427xx.o [1]
  .text              ro code   0x800'bab4     0x4  startup_stm32f427xx.o [1]
  .text              ro code   0x800'bab8     0x4  startup_stm32f427xx.o [1]
  .text              ro code   0x800'babc     0x4  startup_stm32f427xx.o [1]
  .text              ro code   0x800'bac0     0x4  startup_stm32f427xx.o [1]
  .text              ro code   0x800'bac4     0x4  startup_stm32f427xx.o [1]
  .text              ro code   0x800'bac8     0x4  startup_stm32f427xx.o [1]
  .text              ro code   0x800'bacc     0x4  startup_stm32f427xx.o [1]
  .text              ro code   0x800'bad0     0x4  startup_stm32f427xx.o [1]
  .text              ro code   0x800'bad4     0x4  startup_stm32f427xx.o [1]
  .text              ro code   0x800'bad8     0x4  startup_stm32f427xx.o [1]
  .text              ro code   0x800'badc     0x4  startup_stm32f427xx.o [1]
  .text              ro code   0x800'bae0     0x4  startup_stm32f427xx.o [1]
  .text              ro code   0x800'bae4     0x4  startup_stm32f427xx.o [1]
  .text              ro code   0x800'bae8     0x4  startup_stm32f427xx.o [1]
  .text              ro code   0x800'baec     0x4  startup_stm32f427xx.o [1]
  .text              ro code   0x800'baf0     0x4  startup_stm32f427xx.o [1]
  .text              ro code   0x800'baf4     0x4  startup_stm32f427xx.o [1]
  .text              ro code   0x800'baf8     0x4  startup_stm32f427xx.o [1]
  .text              ro code   0x800'bafc     0x4  startup_stm32f427xx.o [1]
  .text              ro code   0x800'bb00     0x4  startup_stm32f427xx.o [1]
  .text              ro code   0x800'bb04     0x4  startup_stm32f427xx.o [1]
  .text              ro code   0x800'bb08     0x4  startup_stm32f427xx.o [1]
  .text              ro code   0x800'bb0c     0x4  startup_stm32f427xx.o [1]
  .text              ro code   0x800'bb10     0x4  startup_stm32f427xx.o [1]
  .text              ro code   0x800'bb14     0x4  startup_stm32f427xx.o [1]
  .text              ro code   0x800'bb18     0x4  startup_stm32f427xx.o [1]
  .text              ro code   0x800'bb1c     0x4  startup_stm32f427xx.o [1]
  .text              ro code   0x800'bb20     0x4  startup_stm32f427xx.o [1]
  .text              ro code   0x800'bb24     0x4  startup_stm32f427xx.o [1]
  .text              ro code   0x800'bb28     0x4  startup_stm32f427xx.o [1]
  .text              ro code   0x800'bb2c     0x4  startup_stm32f427xx.o [1]
  .rodata            const     0x800'bb30     0x0  zero_init3.o [4]
  .rodata            const     0x800'bb30     0x0  lz77_init_single.o [4]
  Initializer bytes  const     0x800'bb30    0x52  <for P2-1>
                             - 0x800'bb82  0xb9d6

"P2", part 1 of 3:                           0xb9
  P2-1                        0x2000'0000    0xb9  <Init block>
    .data            inited   0x2000'0000     0x4  port.o [1]
    .data            inited   0x2000'0004     0x4  Purge_Control.o [1]
    .data            inited   0x2000'0008     0x4  Purge_Control.o [1]
    .data            inited   0x2000'000c     0x4  Purge_Control.o [1]
    .data            inited   0x2000'0010     0x4  stm32f4xx_hal.o [1]
    .data            inited   0x2000'0014    0x20  stm32f4xx_hal_flash.o [1]
    .data            inited   0x2000'0034     0x4  system_stm32f4xx.o [1]
    .data            inited   0x2000'0038    0x38  xlocale_c.o [2]
    .data            inited   0x2000'0070    0x48  xlocale_c.o [2]
    .data            inited   0x2000'00b8     0x1  stm32f4xx_hal.o [1]
                            - 0x2000'00b9    0xb9

"P2", part 2 of 3:                         0x4dcc
  .bss               zero     0x2000'00bc  0x3c00  heap_4.o [1]
  .bss               zero     0x2000'3cbc   0x460  tasks.o [1]
  .bss               zero     0x2000'411c   0x400  cmsis_os2.o [1]
  .bss               zero     0x2000'451c   0x200  cmsis_os2.o [1]
  .bss               zero     0x2000'471c   0x1ac  freertos.o [1]
  .bss               zero     0x2000'48c8    0xa0  timers.o [1]
  .bss               zero     0x2000'4968    0x90  Purge_Control.o [1]
  .bss               zero     0x2000'49f8    0x60  usart.o [1]
  .bss               zero     0x2000'4a58    0x5c  cmsis_os2.o [1]
  .bss               zero     0x2000'4ab4    0x5c  cmsis_os2.o [1]
  .bss               zero     0x2000'4b10    0x50  timers.o [1]
  .bss               zero     0x2000'4b60    0x48  adc.o [1]
  .bss               zero     0x2000'4ba8    0x48  stm32f4xx_hal_timebase_tim.o [1]
  .bss               zero     0x2000'4bf0    0x48  usart.o [1]
  .bss               zero     0x2000'4c38    0x48  usart.o [1]
  .bss               zero     0x2000'4c80    0x48  usart.o [1]
  .bss               zero     0x2000'4cc8    0x40  queue.o [1]
  .bss               zero     0x2000'4d08    0x14  tasks.o [1]
  .bss               zero     0x2000'4d1c    0x14  tasks.o [1]
  .bss               zero     0x2000'4d30    0x14  tasks.o [1]
  .bss               zero     0x2000'4d44    0x14  tasks.o [1]
  .bss               zero     0x2000'4d58    0x14  tasks.o [1]
  .bss               zero     0x2000'4d6c    0x14  timers.o [1]
  .bss               zero     0x2000'4d80    0x14  timers.o [1]
  .bss               zero     0x2000'4d94     0x8  heap_4.o [1]
  .bss               zero     0x2000'4d9c     0x8  Modbus_o2.o [1]
  .bss               zero     0x2000'4da4     0x8  Modbus_o2.o [1]
  .bss               zero     0x2000'4dac     0x8  Modbus_o2.o [1]
  .bss               zero     0x2000'4db4     0x8  SFC.o [1]
  .bss               zero     0x2000'4dbc     0x8  SFC.o [1]
  .bss               zero     0x2000'4dc4     0x8  SFC.o [1]
  .bss               zero     0x2000'4dcc     0x8  SFC.o [1]
  .bss               zero     0x2000'4dd4     0x4  cmsis_os2.o [1]
  .bss               zero     0x2000'4dd8     0x4  freertos.o [1]
  .bss               zero     0x2000'4ddc     0x4  freertos.o [1]
  .bss               zero     0x2000'4de0     0x4  freertos.o [1]
  .bss               zero     0x2000'4de4     0x4  heap_4.o [1]
  .bss               zero     0x2000'4de8     0x4  heap_4.o [1]
  .bss               zero     0x2000'4dec     0x4  heap_4.o [1]
  .bss               zero     0x2000'4df0     0x4  heap_4.o [1]
  .bss               zero     0x2000'4df4     0x4  heap_4.o [1]
  .bss               zero     0x2000'4df8     0x4  heap_4.o [1]
  .bss               zero     0x2000'4dfc     0x4  My_ADC_ReadData.o [1]
  .bss               zero     0x2000'4e00     0x4  My_ADC_ReadData.o [1]
  .bss               zero     0x2000'4e04     0x4  My_ADC_ReadData.o [1]
  .bss               zero     0x2000'4e08     0x4  port.o [1]
  .bss               zero     0x2000'4e0c     0x4  Purge_Control.o [1]
  .bss               zero     0x2000'4e10     0x4  Purge_Control.o [1]
  .bss               zero     0x2000'4e14     0x4  Purge_HostComm.o [1]
  .bss               zero     0x2000'4e18     0x4  SHT85.o [1]
  .bss               zero     0x2000'4e1c     0x4  SHT85.o [1]
  .bss               zero     0x2000'4e20     0x4  SHT85.o [1]
  .bss               zero     0x2000'4e24     0x4  stm32f4xx_hal.o [1]
  .bss               zero     0x2000'4e28     0x4  tasks.o [1]
  .bss               zero     0x2000'4e2c     0x4  tasks.o [1]
  .bss               zero     0x2000'4e30     0x4  tasks.o [1]
  .bss               zero     0x2000'4e34     0x4  tasks.o [1]
  .bss               zero     0x2000'4e38     0x4  tasks.o [1]
  .bss               zero     0x2000'4e3c     0x4  tasks.o [1]
  .bss               zero     0x2000'4e40     0x4  tasks.o [1]
  .bss               zero     0x2000'4e44     0x4  tasks.o [1]
  .bss               zero     0x2000'4e48     0x4  tasks.o [1]
  .bss               zero     0x2000'4e4c     0x4  tasks.o [1]
  .bss               zero     0x2000'4e50     0x4  tasks.o [1]
  .bss               zero     0x2000'4e54     0x4  tasks.o [1]
  .bss               zero     0x2000'4e58     0x4  tasks.o [1]
  .bss               zero     0x2000'4e5c     0x4  tasks.o [1]
  .bss               zero     0x2000'4e60     0x4  tasks.o [1]
  .bss               zero     0x2000'4e64     0x4  timers.o [1]
  .bss               zero     0x2000'4e68     0x4  timers.o [1]
  .bss               zero     0x2000'4e6c     0x4  timers.o [1]
  .bss               zero     0x2000'4e70     0x4  timers.o [1]
  .bss               zero     0x2000'4e74     0x4  timers.o [1]
  .bss               zero     0x2000'4e78     0x4  xfail_s.o [2]
  .bss               zero     0x2000'4e7c     0x2  Modbus_o2.o [1]
  .bss               zero     0x2000'4e7e     0x2  My_ADC_ReadData.o [1]
  .bss               zero     0x2000'4e80     0x2  SFC.o [1]
  .bss               zero     0x2000'4e82     0x1  port.o [1]
  .bss               zero     0x2000'4e83     0x1  Purge_Control.o [1]
  .bss               zero     0x2000'4e84     0x1  Purge_Control.o [1]
                            - 0x2000'4e85  0x4dc9

"P2", part 3 of 3:                          0x400
  CSTACK                      0x2000'4e88   0x400  <Block>
    CSTACK           uninit   0x2000'4e88   0x400  <Block tail>
                            - 0x2000'5288   0x400

Unused ranges:

         From           To      Size
         ----           --      ----
   0x800'bb82   0x80d'ffff  0xd'447e
  0x2000'00b9  0x2000'00bb       0x3
  0x2000'5288  0x2002'ffff  0x2'ad78


*******************************************************************************
*** INIT TABLE
***

          Address      Size
          -------      ----
Zero (__iar_zero_init3)
    1 destination range, total size 0x4dc9:
          0x2000'00bc  0x4dc9

Copy/lz77 (__iar_lz77_init_single3)
    1 source range, total size 0x52 (44% of destination):
           0x800'bb30    0x52
    1 destination range, total size 0xb9:
          0x2000'0000    0xb9



*******************************************************************************
*** MODULE SUMMARY
***

    Module                        ro code  ro data  rw data
    ------                        -------  -------  -------
command line/config:
    -------------------------------------------------------
    Total:

D:\SJWORK\purge\Purge_N2\EWARM\Purge_N2\Obj: [1]
    Modbus_o2.o                       400                26
    My_ADC_ReadData.o                 392                14
    Purge_ConfigStore.o               568
    Purge_Control.o                 2 448       70      166
    Purge_HostComm.o                4 430    1 732        4
    SFC.o                             364                34
    SHT85.o                           624                12
    SOFT_I2C.o                        532
    adc.o                             228                72
    cmsis_os2.o                       452             1 724
    dma.o                              48
    freertos.o                        154      144      440
    gpio.o                            320
    heap_4.o                          632        4   15 392
    list.o                            152
    main.o                            280
    port.o                            600        5        9
    portasm.o                         176
    queue.o                         1 786                64
    startup_stm32f427xx.o             780
    stm32f4xx_hal.o                   128        2        9
    stm32f4xx_hal_adc.o             1 372
    stm32f4xx_hal_cortex.o            236
    stm32f4xx_hal_dma.o             1 304        8
    stm32f4xx_hal_flash.o             532       15       32
    stm32f4xx_hal_flash_ex.o          436
    stm32f4xx_hal_gpio.o              612
    stm32f4xx_hal_msp.o                72
    stm32f4xx_hal_pwr_ex.o            124
    stm32f4xx_hal_rcc.o             1 536
    stm32f4xx_hal_tim.o               862
    stm32f4xx_hal_tim_ex.o              4
    stm32f4xx_hal_timebase_tim.o      172                72
    stm32f4xx_hal_uart.o            3 534
    stm32f4xx_it.o                     68
    system_stm32f4xx.o                 16       25        4
    tasks.o                         2 504        8    1 280
    timers.o                        1 152       16      300
    usart.o                           588               312
    -------------------------------------------------------
    Total:                         30 618    2 029   19 966

dl7M_tlf.a: [2]
    abort.o                             6
    exit.o                              4
    iar_Stoflt.o                      452
    iar_Stollx.o                      158
    iar_Stopfx.o                      290
    iar_Stoullx.o                     434       80
    iar_Stoulx.o                      326       80
    iar_Stoxflt.o                     540
    isalpha.o                          20
    isspace.o                          20
    low_level_init.o                    4
    snprintf.o                         68
    sscanf.o                           40
    strncmp.o                          40
    tolower.o                          20
    xfail_s.o                          64                 4
    xlocale_c.o                        76       63      128
    xprintffull_nomb.o              3 570
    xscanffull_nomb.o               3 280       76
    xsnprout.o                         26
    xsscin.o                           30
    -------------------------------------------------------
    Total:                          9 468      299      132

m7M_tls.a: [3]
    DblAdd.o                          378
    DblCmpGe.o                         46
    DblCmpLe.o                         46
    DblDiv.o                          582
    DblMul.o                          418
    DblSub.o                          226
    DblToFlt.o                        104
    DblToS32.o                         58
    DblToU32.o                         40
    FltToDbl.o                         72
    S32ToDbl.o                         34
    U32ToDbl.o                         26
    fpinit_M.o                         34
    frexp.o                           112
    ldexp.o                           314
    math_wrappers64.o                  14
    strto64.o                       1 306       72
    -------------------------------------------------------
    Total:                          3 810       72

rt7M_tl.a: [4]
    ABImemclr4.o                        6
    ABImemcpy.o                       166
    ABImemmove.o                      150
    ABImemset.o                       102
    ABImemset48.o                      50
    I64DivMod.o                       560
    I64DivZer.o                         2
    cexit.o                            10
    cmain.o                            30
    cstartup_M.o                       12
    data_init.o                        40
    lz77_init_single.o                122
    memchr.o                           88
    memcmp.o                          104
    strchr.o                           22
    strcmp.o                           18
    strlen.o                           54
    zero_init3.o                       58
    -------------------------------------------------------
    Total:                          1 594

shb_l.a: [5]
    exit.o                             20
    -------------------------------------------------------
    Total:                             20

    Gaps                               48       12
    Linker created                              32    1 024
-----------------------------------------------------------
    Grand Total:                   45 558    2 444   21 122


*******************************************************************************
*** ENTRY LIST
***

Entry                       Address    Size  Type      Object
-----                       -------    ----  ----      ------
.iar.init_table$$Base    0x800'b4f8           --   Gb  - Linker created -
.iar.init_table$$Limit   0x800'b518           --   Gb  - Linker created -
?main                    0x800'b519          Code  Gb  cmain.o [4]
ADC_Init                 0x800'7501   0x15a  Code  Lc  stm32f4xx_hal_adc.o [1]
ADC_Read_Filter          0x800'43fd    0x2c  Code  Gb  My_ADC_ReadData.o [1]
ADC_Read_Single          0x800'43a5    0x58  Code  Gb  My_ADC_ReadData.o [1]
AHBPrescTable            0x800'b7cc    0x10  Data  Gb  system_stm32f4xx.o [1]
APBPrescTable            0x800'b9b0     0x8  Data  Gb  system_stm32f4xx.o [1]
Analyse_HostCMDTask      0x800'8bb5    0x10  Code  Gb  freertos.o [1]
BusFault_Handler         0x800'b1ef     0x2  Code  Gb  stm32f4xx_it.o [1]
CSTACK$$Base            0x2000'4e88           --   Gb  - Linker created -
CSTACK$$Limit           0x2000'5288           --   Gb  - Linker created -
DMA2_Stream2_IRQHandler
                         0x800'b213     0xa  Code  Gb  stm32f4xx_it.o [1]
DMA_CalcBaseAndBitshift
                         0x800'369f    0x30  Code  Lc  stm32f4xx_hal_dma.o [1]
DMA_CalcBaseAndBitshift::flagBitshiftOffset
                         0x800'b9a8     0x8  Data  Lc  stm32f4xx_hal_dma.o [1]
DMA_CheckFifoParam       0x800'36dd    0x88  Code  Lc  stm32f4xx_hal_dma.o [1]
DMA_SetConfig            0x800'3671    0x2e  Code  Lc  stm32f4xx_hal_dma.o [1]
DebugMon_Handler         0x800'b1f3     0x2  Code  Gb  stm32f4xx_it.o [1]
DelayUs                  0x800'6f15    0x16  Code  Gb  SOFT_I2C.o [1]
Dtentox                  0x800'643d   0x190  Code  Lc  strto64.o [3]
Error_Handler            0x800'691f    0x12  Code  Gb  main.o [1]
FLASH_Erase_Sector       0x800'6e51    0x60  Code  Gb  stm32f4xx_hal_flash_ex.o [1]
FLASH_FlushCaches        0x800'6eb1    0x50  Code  Gb  stm32f4xx_hal_flash_ex.o [1]
FLASH_MassErase          0x800'6e0d    0x44  Code  Lc  stm32f4xx_hal_flash_ex.o [1]
FLASH_Program_Byte       0x800'6caf    0x1a  Code  Lc  stm32f4xx_hal_flash.o [1]
FLASH_Program_DoubleWord
                         0x800'6c49    0x2a  Code  Lc  stm32f4xx_hal_flash.o [1]
FLASH_Program_HalfWord   0x800'6c91    0x1e  Code  Lc  stm32f4xx_hal_flash.o [1]
FLASH_Program_Word       0x800'6c73    0x1e  Code  Lc  stm32f4xx_hal_flash.o [1]
FLASH_SetErrorCode       0x800'6cc9    0x7e  Code  Lc  stm32f4xx_hal_flash.o [1]
FLASH_WaitForLastOperation
                         0x800'6bf9    0x50  Code  Gb  stm32f4xx_hal_flash.o [1]
Flow_value              0x2000'4e04     0x4  Data  Gb  My_ADC_ReadData.o [1]
Get_Flow_LPM             0x800'44ad    0x56  Code  Gb  My_ADC_ReadData.o [1]
Get_Inlet_Pressure_Bar   0x800'4429    0x3c  Code  Gb  My_ADC_ReadData.o [1]
Get_Outlet_Pressure_Bar
                         0x800'4465    0x48  Code  Gb  My_ADC_ReadData.o [1]
HAL_ADC_ConfigChannel    0x800'7373   0x18e  Code  Gb  stm32f4xx_hal_adc.o [1]
HAL_ADC_GetValue         0x800'736d     0x6  Code  Gb  stm32f4xx_hal_adc.o [1]
HAL_ADC_Init             0x800'7129    0x64  Code  Gb  stm32f4xx_hal_adc.o [1]
HAL_ADC_MspInit          0x800'893b    0x5e  Code  Gb  adc.o [1]
HAL_ADC_PollForConversion
                         0x800'72bb    0xb2  Code  Gb  stm32f4xx_hal_adc.o [1]
HAL_ADC_Start            0x800'718d   0x12e  Code  Gb  stm32f4xx_hal_adc.o [1]
HAL_DMA_Abort            0x800'33a1    0x9c  Code  Gb  stm32f4xx_hal_dma.o [1]
HAL_DMA_Abort_IT         0x800'343d    0x26  Code  Gb  stm32f4xx_hal_dma.o [1]
HAL_DMA_GetError         0x800'366d     0x4  Code  Gb  stm32f4xx_hal_dma.o [1]
HAL_DMA_IRQHandler       0x800'3463   0x20a  Code  Gb  stm32f4xx_hal_dma.o [1]
HAL_DMA_Init             0x800'324d    0xe0  Code  Gb  stm32f4xx_hal_dma.o [1]
HAL_DMA_Start_IT         0x800'332d    0x74  Code  Gb  stm32f4xx_hal_dma.o [1]
HAL_Delay                0x800'4081    0x28  Code  Wk  stm32f4xx_hal.o [1]
HAL_FLASHEx_Erase        0x800'6d61    0xac  Code  Gb  stm32f4xx_hal_flash_ex.o [1]
HAL_FLASH_Lock           0x800'6beb     0xe  Code  Gb  stm32f4xx_hal_flash.o [1]
HAL_FLASH_Program        0x800'6b4d    0x7e  Code  Gb  stm32f4xx_hal_flash.o [1]
HAL_FLASH_Unlock         0x800'6bcb    0x20  Code  Gb  stm32f4xx_hal_flash.o [1]
HAL_GPIO_Init            0x800'452d   0x1ea  Code  Gb  stm32f4xx_hal_gpio.o [1]
HAL_GPIO_ReadPin         0x800'4717    0x12  Code  Gb  stm32f4xx_hal_gpio.o [1]
HAL_GPIO_TogglePin       0x800'473d    0x14  Code  Gb  stm32f4xx_hal_gpio.o [1]
HAL_GPIO_WritePin        0x800'4729    0x14  Code  Gb  stm32f4xx_hal_gpio.o [1]
HAL_GetTick              0x800'21dd     0xc  Code  Wk  stm32f4xx_hal.o [1]
HAL_IncTick              0x800'9039    0x18  Code  Wk  stm32f4xx_hal.o [1]
HAL_Init                 0x800'8729    0x30  Code  Gb  stm32f4xx_hal.o [1]
HAL_InitTick             0x800'6a35    0x96  Code  Gb  stm32f4xx_hal_timebase_tim.o [1]
HAL_MspInit              0x800'93e1    0x48  Code  Gb  stm32f4xx_hal_msp.o [1]
HAL_NVIC_EnableIRQ       0x800'6a17     0xa  Code  Gb  stm32f4xx_hal_cortex.o [1]
HAL_NVIC_SetPriority     0x800'69f5    0x22  Code  Gb  stm32f4xx_hal_cortex.o [1]
HAL_NVIC_SetPriorityGrouping
                         0x800'69ed     0x8  Code  Gb  stm32f4xx_hal_cortex.o [1]
HAL_PWREx_EnableOverDrive
                         0x800'8fbd    0x6a  Code  Gb  stm32f4xx_hal_pwr_ex.o [1]
HAL_RCC_ClockConfig      0x800'376d   0x13a  Code  Gb  stm32f4xx_hal_rcc.o [1]
HAL_RCC_GetClockConfig   0x800'38d9    0x34  Code  Gb  stm32f4xx_hal_rcc.o [1]
HAL_RCC_GetHCLKFreq      0x800'38a7     0x6  Code  Gb  stm32f4xx_hal_rcc.o [1]
HAL_RCC_GetPCLK1Freq     0x800'38ad    0x16  Code  Gb  stm32f4xx_hal_rcc.o [1]
HAL_RCC_GetPCLK2Freq     0x800'38c3    0x16  Code  Gb  stm32f4xx_hal_rcc.o [1]
HAL_RCC_OscConfig        0x800'8bf9   0x3c4  Code  Wk  stm32f4xx_hal_rcc.o [1]
HAL_TIMEx_BreakCallback
                         0x800'a04f     0x2  Code  Wk  stm32f4xx_hal_tim_ex.o [1]
HAL_TIMEx_CommutCallback
                         0x800'a053     0x2  Code  Wk  stm32f4xx_hal_tim_ex.o [1]
HAL_TIM_Base_Init        0x800'9085    0x6e  Code  Gb  stm32f4xx_hal_tim.o [1]
HAL_TIM_Base_Start_IT    0x800'90f3    0x96  Code  Gb  stm32f4xx_hal_tim.o [1]
HAL_TIM_IRQHandler       0x800'91a5   0x13e  Code  Gb  stm32f4xx_hal_tim.o [1]
HAL_TIM_PeriodElapsedCallback
                         0x800'690f    0x10  Code  Gb  main.o [1]
HAL_UART_Abort           0x800'166d   0x10c  Code  Gb  stm32f4xx_hal_uart.o [1]
HAL_UART_ErrorCallback   0x800'01dd    0x24  Code  Gb  Purge_HostComm.o [1]
HAL_UART_GetState        0x800'1a37    0x14  Code  Gb  stm32f4xx_hal_uart.o [1]
HAL_UART_IRQHandler      0x800'1779   0x2be  Code  Gb  stm32f4xx_hal_uart.o [1]
HAL_UART_Init            0x800'1415    0x7a  Code  Gb  stm32f4xx_hal_uart.o [1]
HAL_UART_MspInit         0x800'309d   0x176  Code  Gb  usart.o [1]
HAL_UART_Receive         0x800'154f    0xca  Code  Gb  stm32f4xx_hal_uart.o [1]
HAL_UART_Receive_DMA     0x800'1643    0x2a  Code  Gb  stm32f4xx_hal_uart.o [1]
HAL_UART_Receive_IT      0x800'1619    0x2a  Code  Gb  stm32f4xx_hal_uart.o [1]
HAL_UART_RxCpltCallback
                         0x800'0397     0xe  Code  Gb  Purge_HostComm.o [1]
HAL_UART_Transmit        0x800'148f    0xc0  Code  Gb  stm32f4xx_hal_uart.o [1]
HardFault_Handler        0x800'b1eb     0x2  Code  Gb  stm32f4xx_it.o [1]
Humidity                0x2000'4e20     0x4  Data  Gb  SHT85.o [1]
I2C11_Send_ACK           0x800'702d    0x36  Code  Gb  SOFT_I2C.o [1]
I2C1_Read_ACK            0x800'6fdb    0x52  Code  Gb  SOFT_I2C.o [1]
I2C1_Read_Byte           0x800'70b9    0x6a  Code  Gb  SOFT_I2C.o [1]
I2C1_Send_Byte           0x800'7063    0x56  Code  Gb  SOFT_I2C.o [1]
I2C1_Start               0x800'6f73    0x34  Code  Gb  SOFT_I2C.o [1]
I2C1_Stop                0x800'6fa7    0x34  Code  Gb  SOFT_I2C.o [1]
KernelState             0x2000'4dd4     0x4  Data  Lc  cmsis_os2.o [1]
LoadInt                  0x800'493f    0x7a  Code  Lc  xprintffull_nomb.o [2]
MX_ADC1_Init             0x800'88cd    0x6e  Code  Gb  adc.o [1]
MX_DMA_Init              0x800'889d    0x30  Code  Gb  dma.o [1]
MX_FREERTOS_Init         0x800'8b5d    0x3e  Code  Gb  freertos.o [1]
MX_GPIO_Init             0x800'875d   0x140  Code  Gb  gpio.o [1]
MX_USART1_UART_Init      0x800'3001    0x34  Code  Gb  usart.o [1]
MX_USART3_UART_Init      0x800'3035    0x34  Code  Gb  usart.o [1]
MX_USART6_UART_Init      0x800'3069    0x34  Code  Gb  usart.o [1]
MemManage_Handler        0x800'b1ed     0x2  Code  Gb  stm32f4xx_it.o [1]
Modbus_AssembleReqFrame
                         0x800'4263    0x3a  Code  Gb  Modbus_o2.o [1]
Modbus_CRC16             0x800'4215    0x4e  Code  Gb  Modbus_o2.o [1]
NMI_Handler              0x800'b1e9     0x2  Code  Gb  stm32f4xx_it.o [1]
NVIC_EncodePriority      0x800'69b1    0x3c  Code  Lc  stm32f4xx_hal_cortex.o [1]
O2_Sensor_ReadConcentration
                         0x800'429d    0xee  Code  Gb  Modbus_o2.o [1]
PendSV_Handler           0x800'a7f9          Code  Gb  portasm.o [1]
PurgeConfigStore_ApplyImage
                         0x800'3d2f    0x4c  Code  Lc  Purge_ConfigStore.o [1]
PurgeConfigStore_CalcChecksum
                         0x800'3dd5    0x1e  Code  Lc  Purge_ConfigStore.o [1]
PurgeConfigStore_FillImage
                         0x800'3cc9    0x66  Code  Lc  Purge_ConfigStore.o [1]
PurgeConfigStore_GetFlashImage
                         0x800'3df3     0x4  Code  Lc  Purge_ConfigStore.o [1]
PurgeConfigStore_IsImageValid
                         0x800'3d7b    0x5a  Code  Lc  Purge_ConfigStore.o [1]
PurgeConfigStore_Load    0x800'3bd9    0x20  Code  Gb  Purge_ConfigStore.o [1]
PurgeConfigStore_Save    0x800'3bf9    0xd0  Code  Gb  Purge_ConfigStore.o [1]
PurgeControl_ApplySafeOutputs
                         0x800'22fd    0x2a  Code  Gb  Purge_Control.o [1]
PurgeControl_CalcRunCommandFlow
                         0x800'27e9   0x12e  Code  Lc  Purge_Control.o [1]
PurgeControl_ClearCommands
                         0x800'27c1    0x18  Code  Lc  Purge_Control.o [1]
PurgeControl_EnterStandby
                         0x800'22e5    0x18  Code  Gb  Purge_Control.o [1]
PurgeControl_GetStateName
                         0x800'2327    0x48  Code  Gb  Purge_Control.o [1]
PurgeControl_Home        0x800'22c7    0x1e  Code  Gb  Purge_Control.o [1]
PurgeControl_Init        0x800'21e9    0x64  Code  Gb  Purge_Control.o [1]
PurgeControl_IsTimeout   0x800'27d9    0x10  Code  Lc  Purge_Control.o [1]
PurgeControl_LoadDefaultConfig
                         0x800'236f    0x6c  Code  Lc  Purge_Control.o [1]
PurgeControl_MicroCavity
                         0x800'22b3     0xc  Code  Gb  Purge_Control.o [1]
PurgeControl_OutputFill
                         0x800'2917    0x94  Code  Lc  Purge_Control.o [1]
PurgeControl_OutputRun   0x800'29ab    0x94  Code  Lc  Purge_Control.o [1]
PurgeControl_PodCavity   0x800'22a7     0xc  Code  Gb  Purge_Control.o [1]
PurgeControl_Process     0x800'2255    0x46  Code  Gb  Purge_Control.o [1]
PurgeControl_ReadSensors
                         0x800'23dd    0xc8  Code  Lc  Purge_Control.o [1]
PurgeControl_SaveConfig
                         0x800'224d     0x8  Code  Gb  Purge_Control.o [1]
PurgeControl_SetAirOutlet
                         0x800'2acd    0x20  Code  Lc  Purge_Control.o [1]
PurgeControl_SetInlet1   0x800'2a83    0x20  Code  Lc  Purge_Control.o [1]
PurgeControl_SetInlet2   0x800'2aa3    0x24  Code  Lc  Purge_Control.o [1]
PurgeControl_SetPodRelay
                         0x800'2af1    0x20  Code  Lc  Purge_Control.o [1]
PurgeControl_SetState    0x800'2789    0x38  Code  Lc  Purge_Control.o [1]
PurgeControl_SetVacuumGenerator
                         0x800'2a5f    0x24  Code  Lc  Purge_Control.o [1]
PurgeControl_SetVacuumRelay
                         0x800'2a3f    0x20  Code  Lc  Purge_Control.o [1]
PurgeControl_Start       0x800'229b     0xc  Code  Gb  Purge_Control.o [1]
PurgeControl_Stop        0x800'22bf     0x8  Code  Gb  Purge_Control.o [1]
PurgeControl_UpdateFaults
                         0x800'24ad   0x190  Code  Lc  Purge_Control.o [1]
PurgeControl_UpdateStateMachine
                         0x800'263d   0x14c  Code  Lc  Purge_Control.o [1]
PurgeHostComm_Equals     0x800'1211    0x20  Code  Lc  Purge_HostComm.o [1]
PurgeHostComm_FeedByte   0x800'0235    0x66  Code  Gb  Purge_HostComm.o [1]
PurgeHostComm_FinalizeLine
                         0x800'1231    0x46  Code  Lc  Purge_HostComm.o [1]
PurgeHostComm_HandleAsciiProtocol
                         0x800'0509   0x828  Code  Lc  Purge_HostComm.o [1]
PurgeHostComm_HandleLine
                         0x800'03a5    0x3c  Code  Lc  Purge_HostComm.o [1]
PurgeHostComm_Init       0x800'01ad    0x30  Code  Gb  Purge_HostComm.o [1]
PurgeHostComm_IsDeviceEchoLine
                         0x800'03e1    0xa8  Code  Lc  Purge_HostComm.o [1]
PurgeHostComm_IsHostCommandPrefixLine
                         0x800'0489    0x78  Code  Lc  Purge_HostComm.o [1]
PurgeHostComm_OnUart3RxCplt
                         0x800'036f    0x28  Code  Gb  Purge_HostComm.o [1]
PurgeHostComm_ParseKeyValue
                         0x800'1009    0xa0  Code  Lc  Purge_HostComm.o [1]
PurgeHostComm_Process    0x800'0201    0x34  Code  Gb  Purge_HostComm.o [1]
PurgeHostComm_ProcessAsciiAlarms
                         0x800'0d3d    0xa8  Code  Lc  Purge_HostComm.o [1]
PurgeHostComm_ProcessAsciiEvents
                         0x800'0e0d   0x114  Code  Lc  Purge_HostComm.o [1]
PurgeHostComm_RingPop    0x800'1277    0x40  Code  Lc  Purge_HostComm.o [1]
PurgeHostComm_RingPushIsr
                         0x800'12b7    0x44  Code  Lc  Purge_HostComm.o [1]
PurgeHostComm_SendPromptErr
                         0x800'0f6d    0x1e  Code  Lc  Purge_HostComm.o [1]
PurgeHostComm_SendSensors
                         0x800'02eb    0x70  Code  Gb  Purge_HostComm.o [1]
PurgeHostComm_SendStatus
                         0x800'029b    0x50  Code  Gb  Purge_HostComm.o [1]
PurgeHostComm_SendText   0x800'0f21    0x3a  Code  Lc  Purge_HostComm.o [1]
PurgeHostComm_StartUart3RxIT
                         0x800'035b    0x14  Code  Gb  Purge_HostComm.o [1]
PurgeHostComm_Trim       0x800'0fa5    0x64  Code  Lc  Purge_HostComm.o [1]
PurgeHostComm_TryParseFloat
                         0x800'11a1    0x3a  Code  Lc  Purge_HostComm.o [1]
PurgeHostComm_TryParseUint32
                         0x800'11db    0x36  Code  Lc  Purge_HostComm.o [1]
Region$$Table$$Base      0x800'b4f8           --   Gb  - Linker created -
Region$$Table$$Limit     0x800'b518           --   Gb  - Linker created -
SFC_ReadFlowValue        0x800'414d    0xac  Code  Gb  SFC.o [1]
SFC_SetFlowValue         0x800'40a9    0xa2  Code  Gb  SFC.o [1]
SHT85_Cmd_Read           0x800'3e2d     0xc  Code  Gb  SHT85.o [1]
SHT85_Cmd_Write          0x800'3e21     0xc  Code  Gb  SHT85.o [1]
SHT85_Config             0x800'3f39    0x1e  Code  Gb  SHT85.o [1]
SHT85_ID                0x2000'4e18     0x4  Data  Gb  SHT85.o [1]
SHT85_Init               0x800'3f57    0x28  Code  Gb  SHT85.o [1]
SHT85_Read_ID            0x800'3e87    0xb2  Code  Gb  SHT85.o [1]
SHT85_Read_Result        0x800'3f81    0xe2  Code  Gb  SHT85.o [1]
SHT85_Reset              0x800'3e5f    0x28  Code  Gb  SHT85.o [1]
SHT85_Send_Cmd           0x800'3e39    0x26  Code  Gb  SHT85.o [1]
SHT85_Start              0x800'3e11     0x8  Code  Gb  SHT85.o [1]
SHT85_Stop               0x800'3e19     0x8  Code  Gb  SHT85.o [1]
SVC_Handler              0x800'a851          Code  Gb  portasm.o [1]
SVC_Setup                0x800'89ef     0xe  Code  Lc  cmsis_os2.o [1]
Set_SCL1                 0x800'6f2b    0x24  Code  Gb  SOFT_I2C.o [1]
Set_SDA1                 0x800'6f4f    0x24  Code  Gb  SOFT_I2C.o [1]
StartDefaultTask         0x800'8b9d    0x16  Code  Gb  freertos.o [1]
SysTick_Handler          0x800'89d9    0x16  Code  Gb  cmsis_os2.o [1]
SystemClock_Config       0x800'6861    0xae  Code  Gb  main.o [1]
SystemCoreClock         0x2000'0034     0x4  Data  Gb  system_stm32f4xx.o [1]
SystemInit               0x800'b7ed     0xc  Code  Gb  system_stm32f4xx.o [1]
System_ProcessTask       0x800'8be5    0x12  Code  Gb  freertos.o [1]
TIM1_UP_TIM10_IRQHandler
                         0x800'b1f5     0xa  Code  Gb  stm32f4xx_it.o [1]
TIM_Base_SetConfig       0x800'92e3    0xc8  Code  Gb  stm32f4xx_hal_tim.o [1]
Temperature             0x2000'4e1c     0x4  Data  Gb  SHT85.o [1]
UART_DMAAbortOnError     0x800'1d61     0xe  Code  Lc  stm32f4xx_hal_uart.o [1]
UART_DMAError            0x800'1b09    0x56  Code  Lc  stm32f4xx_hal_uart.o [1]
UART_DMAReceiveCplt      0x800'1a4b    0x9e  Code  Lc  stm32f4xx_hal_uart.o [1]
UART_DMARxHalfCplt       0x800'1ae9    0x20  Code  Lc  stm32f4xx_hal_uart.o [1]
UART_EndRxTransfer       0x800'1d01    0x60  Code  Lc  stm32f4xx_hal_uart.o [1]
UART_EndTransmit_IT      0x800'1dd3    0x1c  Code  Lc  stm32f4xx_hal_uart.o [1]
UART_EndTxTransfer       0x800'1cdf    0x22  Code  Lc  stm32f4xx_hal_uart.o [1]
UART_Receive_IT          0x800'1def    0xee  Code  Lc  stm32f4xx_hal_uart.o [1]
UART_SetConfig           0x800'1edd   0x2e6  Code  Lc  stm32f4xx_hal_uart.o [1]
UART_Start_Receive_DMA   0x800'1c1f    0xc0  Code  Gb  stm32f4xx_hal_uart.o [1]
UART_Start_Receive_IT    0x800'1be1    0x3e  Code  Gb  stm32f4xx_hal_uart.o [1]
UART_Transmit_IT         0x800'1d71    0x62  Code  Lc  stm32f4xx_hal_uart.o [1]
UART_WaitOnFlagUntilTimeout
                         0x800'1b5f    0x82  Code  Lc  stm32f4xx_hal_uart.o [1]
USART1_IRQHandler        0x800'b1ff     0xa  Code  Gb  stm32f4xx_it.o [1]
USART3_IRQHandler        0x800'b209     0xa  Code  Gb  stm32f4xx_it.o [1]
UsageFault_Handler       0x800'b1f1     0x2  Code  Gb  stm32f4xx_it.o [1]
_GenldFullNoMb           0x800'5281   0x274  Code  Lc  xprintffull_nomb.o [2]
_GetN                    0x800'55d1    0x22  Code  Lc  xscanffull_nomb.o [2]
_GetfldFullNoMb          0x800'57af   0x126  Code  Lc  xscanffull_nomb.o [2]
_GetfloatFullNoMb        0x800'5ce5   0x540  Code  Lc  xscanffull_nomb.o [2]
_GetintFullNoMb          0x800'5abf   0x21e  Code  Lc  xscanffull_nomb.o [2]
_GetstrFullNoMb          0x800'5919   0x1a0  Code  Lc  xscanffull_nomb.o [2]
_LdtobFullNoMb           0x800'4e7d   0x3d6  Code  Lc  xprintffull_nomb.o [2]
_LitobFullNoMb           0x800'4d2d   0x10a  Code  Lc  xprintffull_nomb.o [2]
_LocaleC_isalpha         0x800'558b     0xc  Code  Gb  xlocale_c.o [2]
_LocaleC_islower         0x800'5585     0x4  Code  Gb  xlocale_c.o [2]
_LocaleC_isspace         0x800'55a1    0x14  Code  Gb  xlocale_c.o [2]
_LocaleC_isupper         0x800'5589     0x2  Code  Gb  xlocale_c.o [2]
_LocaleC_tolower         0x800'55b5     0xc  Code  Gb  xlocale_c.o [2]
_Locale_lconv           0x2000'0038    0x38  Data  Lc  xlocale_c.o [2]
_PrintfFullNoMb          0x800'4791   0x19e  Code  Gb  xprintffull_nomb.o [2]
_PutcharsFullNoMb        0x800'54f5    0x2e  Code  Lc  xprintffull_nomb.o [2]
_PutfldFullNoMb          0x800'49b9   0x268  Code  Lc  xprintffull_nomb.o [2]
_PuttxtFullNoMb          0x800'4c21   0x10c  Code  Lc  xprintffull_nomb.o [2]
_SNProut                 0x800'2d53    0x1a  Code  Gb  xsnprout.o [2]
_SScin                   0x800'2c9f    0x1e  Code  Gb  xsscin.o [2]
_ScanfFullNoMb           0x800'560d   0x1a2  Code  Gb  xscanffull_nomb.o [2]
_UngetN                  0x800'55f3    0x1a  Code  Lc  xscanffull_nomb.o [2]
__NVIC_EnableIRQ         0x800'6971    0x1c  Code  Lc  stm32f4xx_hal_cortex.o [1]
__NVIC_GetPriorityGrouping
                         0x800'6967     0xa  Code  Lc  stm32f4xx_hal_cortex.o [1]
__NVIC_SetPriority       0x800'89b1    0x28  Code  Lc  cmsis_os2.o [1]
__NVIC_SetPriority       0x800'698d    0x24  Code  Lc  stm32f4xx_hal_cortex.o [1]
__NVIC_SetPriorityGrouping
                         0x800'6949    0x1e  Code  Lc  stm32f4xx_hal_cortex.o [1]
__aeabi_cdcmple          0x800'78d9          Code  Gb  DblCmpLe.o [3]
__aeabi_cdrcmple         0x800'7909          Code  Gb  DblCmpGe.o [3]
__aeabi_d2f              0x800'2e3d          Code  Gb  DblToFlt.o [3]
__aeabi_d2iz             0x800'7a75          Code  Gb  DblToS32.o [3]
__aeabi_d2uiz            0x800'7e01          Code  Gb  DblToU32.o [3]
__aeabi_dadd             0x800'8391          Code  Gb  DblAdd.o [3]
__aeabi_ddiv             0x800'7bb9          Code  Gb  DblDiv.o [3]
__aeabi_dmul             0x800'76c5          Code  Gb  DblMul.o [3]
__aeabi_dsub             0x800'7ad5          Code  Gb  DblSub.o [3]
__aeabi_f2d              0x800'2bbd          Code  Gb  FltToDbl.o [3]
__aeabi_i2d              0x800'7ab1          Code  Gb  S32ToDbl.o [3]
__aeabi_ldiv0            0x800'6ae1          Code  Gb  I64DivZer.o [4]
__aeabi_memclr4          0x800'6941          Code  Gb  ABImemclr4.o [4]
__aeabi_memcpy           0x800'2d85          Code  Gb  ABImemcpy.o [4]
__aeabi_memcpy4          0x800'2da5          Code  Gb  ABImemcpy.o [4]
__aeabi_memcpy8          0x800'2da5          Code  Gb  ABImemcpy.o [4]
__aeabi_memmove          0x800'2cbd          Code  Gb  ABImemmove.o [4]
__aeabi_memmove4         0x800'2cbd          Code  Gb  ABImemmove.o [4]
__aeabi_memmove8         0x800'2cbd          Code  Gb  ABImemmove.o [4]
__aeabi_memset           0x800'1375          Code  Gb  ABImemset.o [4]
__aeabi_ui2d             0x800'7e29          Code  Gb  U32ToDbl.o [3]
__aeabi_uldivmod         0x800'39a9          Code  Gb  I64DivMod.o [4]
__cmain                  0x800'b519          Code  Gb  cmain.o [4]
__exit                   0x800'a055    0x14  Code  Gb  exit.o [5]
__iar_Fail_s             0x800'7685    0x1c  Code  Gb  xfail_s.o [2]
__iar_Memchr             0x800'67d1          Code  Gb  memchr.o [4]
__iar_Memset             0x800'1375          Code  Gb  ABImemset.o [4]
__iar_Memset4_word       0x800'9051          Code  Gb  ABImemset48.o [4]
__iar_Memset8_word       0x800'9051          Code  Gb  ABImemset48.o [4]
__iar_Memset_word        0x800'137d          Code  Gb  ABImemset.o [4]
__iar_Sto64              0x800'65dd   0x194  Code  Gb  strto64.o [3]
__iar_Stoflt             0x800'81cd   0x1c4  Code  Gb  iar_Stoflt.o [2]
__iar_Stollx             0x800'7e45    0x96  Code  Gb  iar_Stollx.o [2]
__iar_Stopfx             0x800'80ab   0x122  Code  Gb  iar_Stopfx.o [2]
__iar_Stoullx            0x800'7ee5   0x1a4  Code  Gb  iar_Stoullx.o [2]
__iar_Stoulx             0x800'2ea5   0x13a  Code  Gb  iar_Stoulx.o [2]
__iar_Stoxflt            0x800'850d   0x1e6  Code  Gb  iar_Stoxflt.o [2]
__iar_Stoxflt::digits    0x800'86f8    0x18  Data  Lc  iar_Stoxflt.o [2]
__iar_Stoxflt::vals      0x800'8710    0x18  Data  Lc  iar_Stoxflt.o [2]
__iar_Strchr             0x800'2d6d          Code  Gb  strchr.o [4]
__iar_dadd               0x800'7ae5          Code  Gb  DblSub.o [3]
__iar_data_init3         0x800'b3f9    0x28  Code  Gb  data_init.o [4]
__iar_dsub               0x800'83a1          Code  Gb  DblAdd.o [3]
__iar_dsubStart          0x800'83b3          Code  Gb  DblAdd.o [3]
__iar_frexp              0x800'7875          Code  Gb  frexp.o [3]
__iar_frexpl             0x800'7875          Code  Gb  frexp.o [3]
__iar_globLocale        0x2000'0070    0x48  Data  Lc  xlocale_c.o [2]
__iar_global_Locale      0x800'55c1     0x4  Code  Gb  xlocale_c.o [2]
__iar_init_vfp           0x800'b4d5          Code  Gb  fpinit_M.o [3]
__iar_ldexp64            0x800'7939          Code  Gb  ldexp.o [3]
__iar_lz77_init_single3
                         0x800'12fb    0x7a  Code  Gb  lz77_init_single.o [4]
__iar_program_start      0x800'b8ed          Code  Gb  cstartup_M.o [4]
__iar_scalbln64          0x800'7939          Code  Gb  ldexp.o [3]
__iar_scalbn64           0x800'7939          Code  Gb  ldexp.o [3]
__iar_softfp___iar_frexp64
                         0x800'7869          Code  Gb  frexp.o [3]
__iar_softfp_frexp       0x800'7869          Code  Gb  frexp.o [3]
__iar_softfp_frexpl      0x800'7869          Code  Gb  frexp.o [3]
__iar_vfp_strtod         0x800'2e33     0x8  Code  Gb  math_wrappers64.o [3]
__iar_zero_init3         0x800'13db    0x3a  Code  Gb  zero_init3.o [4]
__low_level_init         0x800'b537     0x4  Code  Gb  low_level_init.o [2]
__vector_table           0x800'0000          Data  Gb  startup_stm32f427xx.o [1]
_call_main               0x800'b525          Code  Gb  cmain.o [4]
_exit                    0x800'b541          Code  Gb  cexit.o [4]
_main                    0x800'b533          Code  Gb  cmain.o [4]
abort                    0x800'93db     0x6  Code  Gb  abort.o [2]
ddiv                     0x800'6369    0xc4  Code  Lc  strto64.o [3]
defaultTaskHandle       0x2000'4dd8     0x4  Data  Gb  freertos.o [1]
defaultTask_attributes   0x800'b420    0x24  Data  Gb  freertos.o [1]
digits                   0x800'b0a0    0x28  Data  Lc  iar_Stoulx.o [2]
digits                   0x800'b0f0    0x28  Data  Lc  iar_Stoullx.o [2]
dmul                     0x800'62a1    0xc6  Code  Lc  strto64.o [3]
exit                     0x800'b53b     0x4  Code  Gb  exit.o [2]
flow_ctr_rawvalue       0x2000'4e80     0x2  Data  Gb  SFC.o [1]
g_host_comm             0x2000'471c   0x1ac  Data  Lc  freertos.o [1]
g_purge_ctrl            0x2000'4968    0x90  Data  Gb  Purge_Control.o [1]
hadc1                   0x2000'4b60    0x48  Data  Gb  adc.o [1]
hdma_usart1_rx          0x2000'49f8    0x60  Data  Gb  usart.o [1]
htim10                  0x2000'4ba8    0x48  Data  Gb  stm32f4xx_hal_timebase_tim.o [1]
huart1                  0x2000'4bf0    0x48  Data  Gb  usart.o [1]
huart3                  0x2000'4c38    0x48  Data  Gb  usart.o [1]
huart6                  0x2000'4c80    0x48  Data  Gb  usart.o [1]
in_pressure             0x2000'4dfc     0x4  Data  Gb  My_ADC_ReadData.o [1]
isalpha                  0x800'8097    0x14  Code  Gb  isalpha.o [2]
isspace                  0x800'2c05    0x14  Code  Gb  isspace.o [2]
ldexp                    0x800'7939          Code  Gb  ldexp.o [3]
ldexpl                   0x800'7939          Code  Gb  ldexp.o [3]
localeconv               0x800'55c5     0x4  Code  Gb  xlocale_c.o [2]
main                     0x800'6829    0x38  Code  Gb  main.o [1]
memchr                   0x800'67d1          Code  Gb  memchr.o [4]
memcmp                   0x800'6ae5          Code  Gb  memcmp.o [4]
myTask02Handle          0x2000'4ddc     0x4  Data  Gb  freertos.o [1]
myTask02_attributes      0x800'b444    0x24  Data  Gb  freertos.o [1]
myTask03Handle          0x2000'4de0     0x4  Data  Gb  freertos.o [1]
myTask03_attributes      0x800'b468    0x24  Data  Gb  freertos.o [1]
ndigs                    0x800'b078    0x28  Data  Lc  iar_Stoulx.o [2]
ndigs                    0x800'b0c8    0x28  Data  Lc  iar_Stoullx.o [2]
o2_dma_recv_buf         0x2000'4dac     0x8  Data  Gb  Modbus_o2.o [1]
o2_raw                  0x2000'4e7c     0x2  Data  Gb  Modbus_o2.o [1]
osDelay                  0x800'8b17    0x1e  Code  Gb  cmsis_os2.o [1]
osKernelInitialize       0x800'89fd    0x26  Code  Gb  cmsis_os2.o [1]
osKernelStart            0x800'8a23    0x30  Code  Gb  cmsis_os2.o [1]
osThreadNew              0x800'8a53    0xc4  Code  Gb  cmsis_os2.o [1]
out_pressure            0x2000'4e00     0x4  Data  Gb  My_ADC_ReadData.o [1]
pFlash                  0x2000'0014    0x20  Data  Gb  stm32f4xx_hal_flash.o [1]
pcInterruptPriorityRegisters
                         0x800'b9dc     0x4  Data  Lc  port.o [1]
pows                     0x800'b1a0    0x48  Data  Lc  strto64.o [3]
prvAddCurrentTaskToDelayedList
                         0x800'9d59    0x5a  Code  Lc  tasks.o [1]
prvAddNewTaskToReadyList
                         0x800'95e3    0x9e  Code  Lc  tasks.o [1]
prvCheckForValidListAndQueue
                         0x800'a77b    0x4c  Code  Lc  timers.o [1]
prvCheckForValidListAndQueue{1}{2}{3}{4}::ucStaticTimerQueueStorage
                        0x2000'48c8    0xa0  Data  Lc  timers.o [1]
prvCheckForValidListAndQueue{1}{2}{3}{4}::xStaticTimerQueue
                        0x2000'4b10    0x50  Data  Lc  timers.o [1]
prvCheckTasksWaitingTermination
                         0x800'9beb    0x3c  Code  Lc  tasks.o [1]
prvCopyDataFromQueue     0x800'ae77    0x2a  Code  Lc  queue.o [1]
prvCopyDataToQueue       0x800'adf1    0x86  Code  Lc  queue.o [1]
prvDeleteTCB             0x800'9c27    0x42  Code  Lc  tasks.o [1]
prvGetNextExpireTime     0x800'a53f    0x26  Code  Lc  timers.o [1]
prvHeapInit              0x800'a1ff    0x5e  Code  Lc  heap_4.o [1]
prvIdleTask              0x800'9b69    0x22  Code  Lc  tasks.o [1]
prvInitialiseNewQueue    0x800'a9fb    0x22  Code  Lc  queue.o [1]
prvInitialiseNewTask     0x800'9521    0xc2  Code  Lc  tasks.o [1]
prvInitialiseTaskLists   0x800'9b95    0x56  Code  Lc  tasks.o [1]
prvInsertBlockIntoFreeList
                         0x800'a25d    0x5e  Code  Lc  heap_4.o [1]
prvInsertTimerInActiveList
                         0x800'a58d    0x3e  Code  Lc  timers.o [1]
prvIsQueueEmpty          0x800'af0f    0x1c  Code  Lc  queue.o [1]
prvIsQueueFull           0x800'af2b    0x1e  Code  Lc  queue.o [1]
prvProcessExpiredTimer   0x800'a447    0x6a  Code  Lc  timers.o [1]
prvProcessReceivedCommands
                         0x800'a5cb   0x13c  Code  Lc  timers.o [1]
prvProcessTimerOrBlockTask
                         0x800'a4c9    0x76  Code  Lc  timers.o [1]
prvResetNextTaskUnblockTime
                         0x800'9c69    0x24  Code  Lc  tasks.o [1]
prvSampleTimeNow         0x800'a565    0x28  Code  Lc  timers.o [1]
prvSampleTimeNow::xLastTime
                        0x2000'4e74     0x4  Data  Lc  timers.o [1]
prvSwitchTimerLists      0x800'a707    0x74  Code  Lc  timers.o [1]
prvTaskExitError         0x800'9e19    0x2a  Code  Lc  port.o [1]
prvTimerTask             0x800'a4b5    0x14  Code  Lc  timers.o [1]
prvUnlockQueue           0x800'aea1    0x6e  Code  Lc  queue.o [1]
pvPortMalloc             0x800'a069   0x11c  Code  Gb  heap_4.o [1]
pxCurrentTCB            0x2000'4e28     0x4  Data  Gb  tasks.o [1]
pxCurrentTimerList      0x2000'4e64     0x4  Data  Lc  timers.o [1]
pxDelayedTaskList       0x2000'4e2c     0x4  Data  Lc  tasks.o [1]
pxEnd                   0x2000'4de4     0x4  Data  Lc  heap_4.o [1]
pxOverflowDelayedTaskList
                        0x2000'4e30     0x4  Data  Lc  tasks.o [1]
pxOverflowTimerList     0x2000'4e68     0x4  Data  Lc  timers.o [1]
pxPortInitialiseStack    0x800'9df1    0x28  Code  Gb  port.o [1]
pxReadyTasksLists       0x2000'3cbc   0x460  Data  Lc  tasks.o [1]
ranmatch                 0x800'58d5    0x44  Code  Lc  xscanffull_nomb.o [2]
req_frame               0x2000'4d9c     0x8  Data  Gb  Modbus_o2.o [1]
resp_frame              0x2000'4da4     0x8  Data  Gb  Modbus_o2.o [1]
rx_readframe            0x2000'4dcc     0x8  Data  Gb  SFC.o [1]
rx_setframe             0x2000'4dbc     0x8  Data  Gb  SFC.o [1]
s_host_comm             0x2000'4e14     0x4  Data  Lc  Purge_HostComm.o [1]
s_run_adjust_active     0x2000'4e84     0x1  Data  Lc  Purge_Control.o [1]
s_run_adjust_start_tick
                        0x2000'4e10     0x4  Data  Lc  Purge_Control.o [1]
s_run_adjust_step_lpm   0x2000'0008     0x4  Data  Lc  Purge_Control.o [1]
s_run_adjust_timeout_ms
                        0x2000'000c     0x4  Data  Lc  Purge_Control.o [1]
s_run_command_flow_lpm  0x2000'4e0c     0x4  Data  Lc  Purge_Control.o [1]
s_run_flow_margin_lpm   0x2000'0004     0x4  Data  Lc  Purge_Control.o [1]
scalbln                  0x800'7939          Code  Gb  ldexp.o [3]
scalblnl                 0x800'7939          Code  Gb  ldexp.o [3]
scalbn                   0x800'7939          Code  Gb  ldexp.o [3]
scalbnl                  0x800'7939          Code  Gb  ldexp.o [3]
scale                    0x800'4e37    0x46  Code  Lc  xprintffull_nomb.o [2]
sec_hand                0x2000'4e78     0x4  Data  Lc  xfail_s.o [2]
snprintf                 0x800'2b79    0x44  Code  Gb  snprintf.o [2]
sscanf                   0x800'2c41    0x28  Code  Gb  sscanf.o [2]
status                  0x2000'4e83     0x1  Data  Gb  Purge_Control.o [1]
strchr                   0x800'2d6d          Code  Gb  strchr.o [4]
strcmp                   0x800'2fed          Code  Gb  strcmp.o [4]
strlen                   0x800'2c69          Code  Gb  strlen.o [4]
strncmp                  0x800'2c19    0x28  Code  Gb  strncmp.o [2]
strtod                   0x800'67b5     0x6  Code  Gb  strto64.o [3]
strtold                  0x800'67b5     0x6  Code  Gb  strto64.o [3]
strtoll                  0x800'7edd     0x2  Code  Gb  iar_Stollx.o [2]
strtoul                  0x800'2fe5     0x2  Code  Gb  iar_Stoulx.o [2]
strtoull                 0x800'8091     0x2  Code  Gb  iar_Stoullx.o [2]
tolower                  0x800'67bb    0x14  Code  Gb  tolower.o [2]
tx_readframe            0x2000'4dc4     0x8  Data  Gb  SFC.o [1]
tx_setframe             0x2000'4db4     0x8  Data  Gb  SFC.o [1]
ucHeap                  0x2000'00bc  0x3c00  Data  Lc  heap_4.o [1]
ucMaxSysCallPriority    0x2000'4e82     0x1  Data  Lc  port.o [1]
ulMaxPRIGROUPValue      0x2000'4e08     0x4  Data  Lc  port.o [1]
uwTick                  0x2000'4e24     0x4  Data  Gb  stm32f4xx_hal.o [1]
uwTickFreq              0x2000'00b8     0x1  Data  Gb  stm32f4xx_hal.o [1]
uwTickPrio              0x2000'0010     0x4  Data  Gb  stm32f4xx_hal.o [1]
uxCriticalNesting       0x2000'0000     0x4  Data  Lc  port.o [1]
uxCurrentNumberOfTasks  0x2000'4e38     0x4  Data  Lc  tasks.o [1]
uxDeletedTasksWaitingCleanUp
                        0x2000'4e34     0x4  Data  Lc  tasks.o [1]
uxListRemove             0x800'a353    0x26  Code  Gb  list.o [1]
uxSchedulerSuspended    0x2000'4e60     0x4  Data  Lc  tasks.o [1]
uxTaskNumber            0x2000'4e54     0x4  Data  Lc  tasks.o [1]
uxTopReadyPriority      0x2000'4e40     0x4  Data  Lc  tasks.o [1]
vApplicationGetIdleTaskMemory
                         0x800'8b45    0x18  Code  Wk  cmsis_os2.o [1]
vApplicationGetIdleTaskMemory::Idle_Stack
                        0x2000'451c   0x200  Data  Lc  cmsis_os2.o [1]
vApplicationGetIdleTaskMemory::Idle_TCB
                        0x2000'4a58    0x5c  Data  Lc  cmsis_os2.o [1]
vApplicationGetTimerTaskMemory
                         0x800'a8a9    0x18  Code  Wk  cmsis_os2.o [1]
vApplicationGetTimerTaskMemory::Timer_Stack
                        0x2000'411c   0x400  Data  Lc  cmsis_os2.o [1]
vApplicationGetTimerTaskMemory::Timer_TCB
                        0x2000'4ab4    0x5c  Data  Lc  cmsis_os2.o [1]
vListInitialise          0x800'a2e1    0x1e  Code  Gb  list.o [1]
vListInitialiseItem      0x800'a2ff     0x6  Code  Gb  list.o [1]
vListInsert              0x800'a31d    0x36  Code  Gb  list.o [1]
vListInsertEnd           0x800'a305    0x18  Code  Gb  list.o [1]
vPortEnableVFP           0x800'a88d          Code  Gb  portasm.o [1]
vPortEnterCritical       0x800'9f11    0x34  Code  Gb  port.o [1]
vPortExitCritical        0x800'9f45    0x2c  Code  Gb  port.o [1]
vPortFree                0x800'a185    0x7a  Code  Gb  heap_4.o [1]
vPortStartFirstTask      0x800'a86d          Code  Gb  portasm.o [1]
vPortValidateInterruptPriority
                         0x800'9f99    0x4a  Code  Gb  port.o [1]
vQueueAddToRegistry      0x800'af49    0x24  Code  Gb  queue.o [1]
vQueueWaitForMessageRestricted
                         0x800'af71    0x4a  Code  Gb  queue.o [1]
vTaskDelay               0x800'9681    0x4c  Code  Gb  tasks.o [1]
vTaskInternalSetTimeOutState
                         0x800'9ac1    0x12  Code  Gb  tasks.o [1]
vTaskMissedYield         0x800'9b5b     0xa  Code  Gb  tasks.o [1]
vTaskPlaceOnEventList    0x800'99bd    0x2e  Code  Gb  tasks.o [1]
vTaskPlaceOnEventListRestricted
                         0x800'99eb    0x38  Code  Gb  tasks.o [1]
vTaskStartScheduler      0x800'96cd    0x96  Code  Gb  tasks.o [1]
vTaskSuspendAll          0x800'9763     0xc  Code  Gb  tasks.o [1]
vTaskSwitchContext       0x800'994b    0x72  Code  Gb  tasks.o [1]
val                     0x2000'4e7e     0x2  Data  Gb  My_ADC_ReadData.o [1]
xActiveTimerList1       0x2000'4d6c    0x14  Data  Lc  timers.o [1]
xActiveTimerList2       0x2000'4d80    0x14  Data  Lc  timers.o [1]
xBlockAllocatedBit      0x2000'4df8     0x4  Data  Lc  heap_4.o [1]
xDelayedTaskList1       0x2000'4d08    0x14  Data  Lc  tasks.o [1]
xDelayedTaskList2       0x2000'4d1c    0x14  Data  Lc  tasks.o [1]
xFreeBytesRemaining     0x2000'4de8     0x4  Data  Lc  heap_4.o [1]
xHeapStructSize          0x800'b9d8     0x4  Data  Lc  heap_4.o [1]
xIdleTaskHandle         0x2000'4e5c     0x4  Data  Lc  tasks.o [1]
xMinimumEverFreeBytesRemaining
                        0x2000'4dec     0x4  Data  Lc  heap_4.o [1]
xNextTaskUnblockTime    0x2000'4e58     0x4  Data  Lc  tasks.o [1]
xNumOfOverflows         0x2000'4e50     0x4  Data  Lc  tasks.o [1]
xNumberOfSuccessfulAllocations
                        0x2000'4df0     0x4  Data  Lc  heap_4.o [1]
xNumberOfSuccessfulFrees
                        0x2000'4df4     0x4  Data  Lc  heap_4.o [1]
xPendedTicks            0x2000'4e48     0x4  Data  Lc  tasks.o [1]
xPendingReadyList       0x2000'4d30    0x14  Data  Lc  tasks.o [1]
xPortStartScheduler      0x800'9e43    0xce  Code  Gb  port.o [1]
xPortSysTickHandler      0x800'9f71    0x28  Code  Gb  port.o [1]
xQueueGenericCreateStatic
                         0x800'a953    0xa8  Code  Gb  queue.o [1]
xQueueGenericReset       0x800'a8c1    0x92  Code  Gb  queue.o [1]
xQueueGenericSend        0x800'aa1d   0x196  Code  Gb  queue.o [1]
xQueueGenericSendFromISR
                         0x800'abb3    0xe0  Code  Gb  queue.o [1]
xQueueReceive            0x800'ac93   0x15a  Code  Gb  queue.o [1]
xQueueRegistry          0x2000'4cc8    0x40  Data  Gb  queue.o [1]
xSchedulerRunning       0x2000'4e44     0x4  Data  Lc  tasks.o [1]
xStart                  0x2000'4d94     0x8  Data  Lc  heap_4.o [1]
xSuspendedTaskList      0x2000'4d58    0x14  Data  Lc  tasks.o [1]
xTaskCheckForTimeOut     0x800'9ad9    0x82  Code  Gb  tasks.o [1]
xTaskCreate              0x800'94ad    0x74  Code  Gb  tasks.o [1]
xTaskCreateStatic        0x800'9429    0x84  Code  Gb  tasks.o [1]
xTaskGetSchedulerState   0x800'9c91    0x20  Code  Gb  tasks.o [1]
xTaskGetTickCount        0x800'9853     0x8  Code  Gb  tasks.o [1]
xTaskIncrementTick       0x800'985b    0xf0  Code  Gb  tasks.o [1]
xTaskPriorityDisinherit
                         0x800'9cb1    0x8a  Code  Gb  tasks.o [1]
xTaskRemoveFromEventList
                         0x800'9a3d    0x80  Code  Gb  tasks.o [1]
xTaskResumeAll           0x800'976f    0xe4  Code  Gb  tasks.o [1]
xTasksWaitingTermination
                        0x2000'4d44    0x14  Data  Lc  tasks.o [1]
xTickCount              0x2000'4e3c     0x4  Data  Lc  tasks.o [1]
xTimerCreateTimerTask    0x800'a379    0x6a  Code  Gb  timers.o [1]
xTimerGenericCommand     0x800'a3e3    0x64  Code  Gb  timers.o [1]
xTimerQueue             0x2000'4e6c     0x4  Data  Lc  timers.o [1]
xTimerTaskHandle        0x2000'4e70     0x4  Data  Lc  timers.o [1]
xYieldPending           0x2000'4e4c     0x4  Data  Lc  tasks.o [1]


[1] = D:\SJWORK\purge\Purge_N2\EWARM\Purge_N2\Obj
[2] = dl7M_tlf.a
[3] = m7M_tls.a
[4] = rt7M_tl.a
[5] = shb_l.a

  45 558 bytes of readonly  code memory
   2 444 bytes of readonly  data memory
  21 122 bytes of readwrite data memory

Errors: none
Warnings: none
