###############################################################################
#
# IAR ELF Linker V8.32.1.169/W32 for ARM                  20/Mar/2026  15:08:48
# Copyright 2007-2018 IAR Systems AB.
#
#    Output file  =  D:\SJWORK\purge\Purge_N2\EWARM\Purge_N2\Exe\Purge_N2.out
#    Map file     =  D:\SJWORK\purge\Purge_N2\EWARM\Purge_N2\List\Purge_N2.map
#    Command line =  
#        -f C:\Users\27752\AppData\Local\Temp\EW1D74.tmp
#        (D:\SJWORK\purge\Purge_N2\EWARM\Purge_N2\Obj\dma.o
#        D:\SJWORK\purge\Purge_N2\EWARM\Purge_N2\Obj\gpio.o
#        D:\SJWORK\purge\Purge_N2\EWARM\Purge_N2\Obj\main.o
#        D:\SJWORK\purge\Purge_N2\EWARM\Purge_N2\Obj\Modbus_o2.o
#        D:\SJWORK\purge\Purge_N2\EWARM\Purge_N2\Obj\startup_stm32f427xx.o
#        D:\SJWORK\purge\Purge_N2\EWARM\Purge_N2\Obj\stm32f4xx_hal.o
#        D:\SJWORK\purge\Purge_N2\EWARM\Purge_N2\Obj\stm32f4xx_hal_cortex.o
#        D:\SJWORK\purge\Purge_N2\EWARM\Purge_N2\Obj\stm32f4xx_hal_dma.o
#        D:\SJWORK\purge\Purge_N2\EWARM\Purge_N2\Obj\stm32f4xx_hal_dma_ex.o
#        D:\SJWORK\purge\Purge_N2\EWARM\Purge_N2\Obj\stm32f4xx_hal_exti.o
#        D:\SJWORK\purge\Purge_N2\EWARM\Purge_N2\Obj\stm32f4xx_hal_flash.o
#        D:\SJWORK\purge\Purge_N2\EWARM\Purge_N2\Obj\stm32f4xx_hal_flash_ex.o
#        D:\SJWORK\purge\Purge_N2\EWARM\Purge_N2\Obj\stm32f4xx_hal_flash_ramfunc.o
#        D:\SJWORK\purge\Purge_N2\EWARM\Purge_N2\Obj\stm32f4xx_hal_gpio.o
#        D:\SJWORK\purge\Purge_N2\EWARM\Purge_N2\Obj\stm32f4xx_hal_msp.o
#        D:\SJWORK\purge\Purge_N2\EWARM\Purge_N2\Obj\stm32f4xx_hal_pwr.o
#        D:\SJWORK\purge\Purge_N2\EWARM\Purge_N2\Obj\stm32f4xx_hal_pwr_ex.o
#        D:\SJWORK\purge\Purge_N2\EWARM\Purge_N2\Obj\stm32f4xx_hal_rcc.o
#        D:\SJWORK\purge\Purge_N2\EWARM\Purge_N2\Obj\stm32f4xx_hal_rcc_ex.o
#        D:\SJWORK\purge\Purge_N2\EWARM\Purge_N2\Obj\stm32f4xx_hal_uart.o
#        D:\SJWORK\purge\Purge_N2\EWARM\Purge_N2\Obj\stm32f4xx_it.o
#        D:\SJWORK\purge\Purge_N2\EWARM\Purge_N2\Obj\system_stm32f4xx.o
#        D:\SJWORK\purge\Purge_N2\EWARM\Purge_N2\Obj\usart.o --redirect
#        _Printf=_PrintfFullNoMb --redirect _Scanf=_ScanfFullNoMb
#        --no_out_extension -o
#        D:\SJWORK\purge\Purge_N2\EWARM\Purge_N2\Exe\Purge_N2.out --map
#        D:\SJWORK\purge\Purge_N2\EWARM\Purge_N2\List\Purge_N2.map --config
#        E:\IAR\software\arm\config\linker\ST\stm32f427xG.icf --semihosting
#        --entry __iar_program_start --vfe --text_out locale)
#
###############################################################################

*******************************************************************************
*** RUNTIME MODEL ATTRIBUTES
***

CppFlavor       = *
__SystemLibrary = DLib
__dlib_version  = 6


*******************************************************************************
*** HEAP SELECTION
***

The basic heap was selected because no calls to memory allocation
functions were found in the application outside of system library
functions, and there are calls to deallocation functions in the
application.


*******************************************************************************
*** PLACEMENT SUMMARY
***

"A0":  place at 0x800'0000 { ro section .intvec };
"P1":  place in [from 0x800'0000 to 0x80f'ffff] { ro };
define block CSTACK with size = 8K, alignment = 8 { };
"P3":  place in [from 0x1000'0000 to 0x1000'ffff] {
          block CSTACK, section .ccram };
define block HEAP with size = 8K, alignment = 8 { };
"P4":  place in [from 0x2000'0000 to 0x2001'bfff] |
                [from 0x2001'c000 to 0x2001'ffff] |
                [from 0x2002'0000 to 0x2002'ffff] { rw, block HEAP };
initialize by copy { rw };

No sections matched the following patterns:

  ro section application_specific_ro  in "P2|P6"
  rw section application_specific_rw  in "P2|P6"
  section .backup_sram                in "P5"
  section .ccram                      in "P3"


  Section            Kind         Address    Size  Object
  -------            ----         -------    ----  ------
"A0":                                       0x1ac
  .intvec            ro code   0x800'0000   0x1ac  startup_stm32f427xx.o [1]
                             - 0x800'01ac   0x1ac

"P1":                                      0x27d4
  .text              ro code   0x800'01ac   0xc98  stm32f4xx_hal_uart.o [1]
  .text              ro code   0x800'0e44   0x1a0  usart.o [1]
  .text              ro code   0x800'0fe4     0xc  stm32f4xx_hal.o [1]
  .text              ro code   0x800'0ff0   0x518  stm32f4xx_hal_dma.o [1]
  .text              ro code   0x800'1508     0x2  stm32f4xx_hal_uart.o [1]
  .text              ro code   0x800'150a     0x2  stm32f4xx_hal_uart.o [1]
  .text              ro code   0x800'150c     0x2  stm32f4xx_hal_uart.o [1]
  .text              ro code   0x800'150e     0x2  stm32f4xx_hal_uart.o [1]
  .text              ro code   0x800'1510     0x2  stm32f4xx_hal_uart.o [1]
  .text              ro code   0x800'1512    0x3a  zero_init3.o [4]
  .text              ro code   0x800'154c   0x208  stm32f4xx_hal_rcc.o [1]
  .text              ro code   0x800'1754   0x230  I64DivMod.o [4]
  .text              ro code   0x800'1984    0xe4  main.o [1]
  .text              ro code   0x800'1a68     0x6  ABImemclr4.o [4]
  .text              ro code   0x800'1a70   0x240  stm32f4xx_hal_gpio.o [1]
  .text              ro code   0x800'1cb0   0x130  stm32f4xx_hal_cortex.o [1]
  .text              ro code   0x800'1de0    0x4c  stm32f4xx_hal.o [1]
  .text              ro code   0x800'1e2c     0x2  I64DivZer.o [4]
  .text              ro code   0x800'1e30    0x34  stm32f4xx_hal.o [1]
  .text              ro code   0x800'1e64    0xc4  gpio.o [1]
  .text              ro code   0x800'1f28    0x30  dma.o [1]
  .text              ro code   0x800'1f58   0x184  Modbus_o2.o [1]
  .text              ro code   0x800'20dc   0x3c4  stm32f4xx_hal_rcc.o [1]
  .text              ro code   0x800'24a0    0x7c  stm32f4xx_hal_pwr_ex.o [1]
  .text              ro code   0x800'251c    0x32  ABImemset48.o [4]
  .text              ro code   0x800'2550    0x40  stm32f4xx_hal_msp.o [1]
  .text              ro code   0x800'2590    0x66  ABImemset.o [4]
  .text              ro code   0x800'25f8    0xa6  ABImemcpy.o [4]
  .text              ro code   0x800'26a0    0x34  stm32f4xx_it.o [1]
  .text              ro code   0x800'26d4    0x18  stm32f4xx_hal.o [1]
  .text              ro code   0x800'26ec    0x2c  copy_init3.o [4]
  .text              ro code   0x800'2718    0x28  data_init.o [4]
  .text              ro code   0x800'2740    0x22  fpinit_M.o [3]
  .iar.init_table    const     0x800'2764    0x24  - Linker created -
  .text              ro code   0x800'2788    0x1e  cmain.o [4]
  .text              ro code   0x800'27a6     0x4  low_level_init.o [2]
  .text              ro code   0x800'27aa     0x4  exit.o [2]
  .text              ro code   0x800'27b0     0xa  cexit.o [4]
  .text              ro code   0x800'27bc    0x14  exit.o [5]
  .rodata            const     0x800'27d0    0x10  system_stm32f4xx.o [1]
  .text              ro code   0x800'27e0    0x10  startup_stm32f427xx.o [1]
  .text              ro code   0x800'27f0    0x10  system_stm32f4xx.o [1]
  .text              ro code   0x800'2800     0xc  cstartup_M.o [4]
  .rodata            const     0x800'280c     0x8  stm32f4xx_hal_dma.o [1]
  .rodata            const     0x800'2814     0x8  system_stm32f4xx.o [1]
  .text              ro code   0x800'281c     0x4  startup_stm32f427xx.o [1]
  .text              ro code   0x800'2820     0x4  startup_stm32f427xx.o [1]
  .text              ro code   0x800'2824     0x4  startup_stm32f427xx.o [1]
  .text              ro code   0x800'2828     0x4  startup_stm32f427xx.o [1]
  .text              ro code   0x800'282c     0x4  startup_stm32f427xx.o [1]
  .text              ro code   0x800'2830     0x4  startup_stm32f427xx.o [1]
  .text              ro code   0x800'2834     0x4  startup_stm32f427xx.o [1]
  .text              ro code   0x800'2838     0x4  startup_stm32f427xx.o [1]
  .text              ro code   0x800'283c     0x4  startup_stm32f427xx.o [1]
  .text              ro code   0x800'2840     0x4  startup_stm32f427xx.o [1]
  .text              ro code   0x800'2844     0x4  startup_stm32f427xx.o [1]
  .text              ro code   0x800'2848     0x4  startup_stm32f427xx.o [1]
  .text              ro code   0x800'284c     0x4  startup_stm32f427xx.o [1]
  .text              ro code   0x800'2850     0x4  startup_stm32f427xx.o [1]
  .text              ro code   0x800'2854     0x4  startup_stm32f427xx.o [1]
  .text              ro code   0x800'2858     0x4  startup_stm32f427xx.o [1]
  .text              ro code   0x800'285c     0x4  startup_stm32f427xx.o [1]
  .text              ro code   0x800'2860     0x4  startup_stm32f427xx.o [1]
  .text              ro code   0x800'2864     0x4  startup_stm32f427xx.o [1]
  .text              ro code   0x800'2868     0x4  startup_stm32f427xx.o [1]
  .text              ro code   0x800'286c     0x4  startup_stm32f427xx.o [1]
  .text              ro code   0x800'2870     0x4  startup_stm32f427xx.o [1]
  .text              ro code   0x800'2874     0x4  startup_stm32f427xx.o [1]
  .text              ro code   0x800'2878     0x4  startup_stm32f427xx.o [1]
  .text              ro code   0x800'287c     0x4  startup_stm32f427xx.o [1]
  .text              ro code   0x800'2880     0x4  startup_stm32f427xx.o [1]
  .text              ro code   0x800'2884     0x4  startup_stm32f427xx.o [1]
  .text              ro code   0x800'2888     0x4  startup_stm32f427xx.o [1]
  .text              ro code   0x800'288c     0x4  startup_stm32f427xx.o [1]
  .text              ro code   0x800'2890     0x4  startup_stm32f427xx.o [1]
  .text              ro code   0x800'2894     0x4  startup_stm32f427xx.o [1]
  .text              ro code   0x800'2898     0x4  startup_stm32f427xx.o [1]
  .text              ro code   0x800'289c     0x4  startup_stm32f427xx.o [1]
  .text              ro code   0x800'28a0     0x4  startup_stm32f427xx.o [1]
  .text              ro code   0x800'28a4     0x4  startup_stm32f427xx.o [1]
  .text              ro code   0x800'28a8     0x4  startup_stm32f427xx.o [1]
  .text              ro code   0x800'28ac     0x4  startup_stm32f427xx.o [1]
  .text              ro code   0x800'28b0     0x4  startup_stm32f427xx.o [1]
  .text              ro code   0x800'28b4     0x4  startup_stm32f427xx.o [1]
  .text              ro code   0x800'28b8     0x4  startup_stm32f427xx.o [1]
  .text              ro code   0x800'28bc     0x4  startup_stm32f427xx.o [1]
  .text              ro code   0x800'28c0     0x4  startup_stm32f427xx.o [1]
  .text              ro code   0x800'28c4     0x4  startup_stm32f427xx.o [1]
  .text              ro code   0x800'28c8     0x4  startup_stm32f427xx.o [1]
  .text              ro code   0x800'28cc     0x4  startup_stm32f427xx.o [1]
  .text              ro code   0x800'28d0     0x4  startup_stm32f427xx.o [1]
  .text              ro code   0x800'28d4     0x4  startup_stm32f427xx.o [1]
  .text              ro code   0x800'28d8     0x4  startup_stm32f427xx.o [1]
  .text              ro code   0x800'28dc     0x4  startup_stm32f427xx.o [1]
  .text              ro code   0x800'28e0     0x4  startup_stm32f427xx.o [1]
  .text              ro code   0x800'28e4     0x4  startup_stm32f427xx.o [1]
  .text              ro code   0x800'28e8     0x4  startup_stm32f427xx.o [1]
  .text              ro code   0x800'28ec     0x4  startup_stm32f427xx.o [1]
  .text              ro code   0x800'28f0     0x4  startup_stm32f427xx.o [1]
  .text              ro code   0x800'28f4     0x4  startup_stm32f427xx.o [1]
  .text              ro code   0x800'28f8     0x4  startup_stm32f427xx.o [1]
  .text              ro code   0x800'28fc     0x4  startup_stm32f427xx.o [1]
  .text              ro code   0x800'2900     0x4  startup_stm32f427xx.o [1]
  .text              ro code   0x800'2904     0x4  startup_stm32f427xx.o [1]
  .text              ro code   0x800'2908     0x4  startup_stm32f427xx.o [1]
  .text              ro code   0x800'290c     0x4  startup_stm32f427xx.o [1]
  .text              ro code   0x800'2910     0x4  startup_stm32f427xx.o [1]
  .text              ro code   0x800'2914     0x4  startup_stm32f427xx.o [1]
  .text              ro code   0x800'2918     0x4  startup_stm32f427xx.o [1]
  .text              ro code   0x800'291c     0x4  startup_stm32f427xx.o [1]
  .text              ro code   0x800'2920     0x4  startup_stm32f427xx.o [1]
  .text              ro code   0x800'2924     0x4  startup_stm32f427xx.o [1]
  .text              ro code   0x800'2928     0x4  startup_stm32f427xx.o [1]
  .text              ro code   0x800'292c     0x4  startup_stm32f427xx.o [1]
  .text              ro code   0x800'2930     0x4  startup_stm32f427xx.o [1]
  .text              ro code   0x800'2934     0x4  startup_stm32f427xx.o [1]
  .text              ro code   0x800'2938     0x4  startup_stm32f427xx.o [1]
  .text              ro code   0x800'293c     0x4  startup_stm32f427xx.o [1]
  .text              ro code   0x800'2940     0x4  startup_stm32f427xx.o [1]
  .text              ro code   0x800'2944     0x4  startup_stm32f427xx.o [1]
  .text              ro code   0x800'2948     0x4  startup_stm32f427xx.o [1]
  .text              ro code   0x800'294c     0x4  startup_stm32f427xx.o [1]
  .text              ro code   0x800'2950     0x4  startup_stm32f427xx.o [1]
  .text              ro code   0x800'2954     0x4  startup_stm32f427xx.o [1]
  .text              ro code   0x800'2958     0x4  startup_stm32f427xx.o [1]
  .text              ro code   0x800'295c     0x4  startup_stm32f427xx.o [1]
  .text              ro code   0x800'2960     0x4  startup_stm32f427xx.o [1]
  .text              ro code   0x800'2964     0x4  startup_stm32f427xx.o [1]
  .text              ro code   0x800'2968     0x4  startup_stm32f427xx.o [1]
  .text              ro code   0x800'296c     0x4  startup_stm32f427xx.o [1]
  .text              ro code   0x800'2970     0x4  startup_stm32f427xx.o [1]
  .rodata            const     0x800'2974     0x0  zero_init3.o [4]
  .rodata            const     0x800'2974     0x0  copy_init3.o [4]
  Initializer bytes  const     0x800'2974     0xc  <for P4 s0>
                             - 0x800'2980  0x27d4

"P3":                                      0x2000
  CSTACK                      0x1000'0000  0x2000  <Block>
    CSTACK           uninit   0x1000'0000  0x2000  <Block tail>
                            - 0x1000'2000  0x2000

"P4", part 1 of 2:                            0xc
  P4 s0                       0x2000'0000     0xc  <Init block>
    .data            inited   0x2000'0000     0x4  stm32f4xx_hal.o [1]
    .data            inited   0x2000'0004     0x4  system_stm32f4xx.o [1]
    .data            inited   0x2000'0008     0x1  stm32f4xx_hal.o [1]
                            - 0x2000'000c     0xc

"P4", part 2 of 2:                          0x114
  .bss               zero     0x2000'000c    0x60  usart.o [1]
  .bss               zero     0x2000'006c    0x48  usart.o [1]
  .bss               zero     0x2000'00b4    0x48  usart.o [1]
  .bss               zero     0x2000'00fc     0x8  Modbus_o2.o [1]
  .bss               zero     0x2000'0104     0x8  Modbus_o2.o [1]
  .bss               zero     0x2000'010c     0x8  Modbus_o2.o [1]
  .bss               zero     0x2000'0114     0x4  main.o [1]
  .bss               zero     0x2000'0118     0x4  stm32f4xx_hal.o [1]
  .bss               zero     0x2000'011c     0x2  Modbus_o2.o [1]
                            - 0x2000'011e   0x112

Unused ranges:

         From           To      Size
         ----           --      ----
   0x800'2980   0x80f'ffff  0xf'd680
  0x1000'2000  0x1000'ffff    0xe000
  0x2000'0120  0x2001'bfff  0x1'bee0
  0x2001'c000  0x2001'ffff    0x4000
  0x2002'0000  0x2002'ffff  0x1'0000


*******************************************************************************
*** INIT TABLE
***

          Address      Size
          -------      ----
Zero (__iar_zero_init3)
    1 destination range, total size 0x112:
          0x2000'000c  0x112

Copy (__iar_copy_init3)
    1 source range, total size 0xc (133% of destination):
           0x800'2974    0xc
    1 destination range, total size 0x9:
          0x2000'0000    0x9



*******************************************************************************
*** MODULE SUMMARY
***

    Module                  ro code  ro data  rw data
    ------                  -------  -------  -------
command line/config:
    -------------------------------------------------
    Total:

D:\SJWORK\purge\Purge_N2\EWARM\Purge_N2\Obj: [1]
    Modbus_o2.o                 388                26
    dma.o                        48
    gpio.o                      196
    main.o                      228                 4
    startup_stm32f427xx.o       788
    stm32f4xx_hal.o             164        5        9
    stm32f4xx_hal_cortex.o      304
    stm32f4xx_hal_dma.o       1 304        8
    stm32f4xx_hal_gpio.o        576
    stm32f4xx_hal_msp.o          64
    stm32f4xx_hal_pwr_ex.o      124
    stm32f4xx_hal_rcc.o       1 484
    stm32f4xx_hal_uart.o      3 234
    stm32f4xx_it.o               52
    system_stm32f4xx.o           16       28        4
    usart.o                     416               240
    -------------------------------------------------
    Total:                    9 386       41      283

dl7M_tlf.a: [2]
    exit.o                        4
    low_level_init.o              4
    -------------------------------------------------
    Total:                        8

m7M_tls.a: [3]
    fpinit_M.o                   34
    -------------------------------------------------
    Total:                       34

rt7M_tl.a: [4]
    ABImemclr4.o                  6
    ABImemcpy.o                 166
    ABImemset.o                 102
    ABImemset48.o                50
    I64DivMod.o                 560
    I64DivZer.o                   2
    cexit.o                      10
    cmain.o                      30
    copy_init3.o                 44
    cstartup_M.o                 12
    data_init.o                  40
    zero_init3.o                 58
    -------------------------------------------------
    Total:                    1 080

shb_l.a: [5]
    exit.o                       20
    -------------------------------------------------
    Total:                       20

    Gaps                         14        2
    Linker created                        39    8 192
-----------------------------------------------------
    Grand Total:             10 542       82    8 475


*******************************************************************************
*** ENTRY LIST
***

Entry                       Address   Size  Type      Object
-----                       -------   ----  ----      ------
.iar.init_table$$Base    0x800'2764          --   Gb  - Linker created -
.iar.init_table$$Limit   0x800'2788          --   Gb  - Linker created -
?main                    0x800'2789         Code  Gb  cmain.o [4]
AHBPrescTable            0x800'27d0   0x10  Data  Gb  system_stm32f4xx.o [1]
APBPrescTable            0x800'2814    0x8  Data  Gb  system_stm32f4xx.o [1]
BusFault_Handler         0x800'26a7    0x2  Code  Gb  stm32f4xx_it.o [1]
CSTACK$$Base            0x1000'0000          --   Gb  - Linker created -
CSTACK$$Limit           0x1000'2000          --   Gb  - Linker created -
DMA2_Stream2_IRQHandler
                         0x800'26c3    0xa  Code  Gb  stm32f4xx_it.o [1]
DMA_CalcBaseAndBitshift
                         0x800'1443   0x30  Code  Lc  stm32f4xx_hal_dma.o [1]
DMA_CalcBaseAndBitshift::flagBitshiftOffset
                         0x800'280c    0x8  Data  Lc  stm32f4xx_hal_dma.o [1]
DMA_CheckFifoParam       0x800'1481   0x88  Code  Lc  stm32f4xx_hal_dma.o [1]
DMA_SetConfig            0x800'1415   0x2e  Code  Lc  stm32f4xx_hal_dma.o [1]
DebugMon_Handler         0x800'26ad    0x2  Code  Gb  stm32f4xx_it.o [1]
Error_Handler            0x800'1a65    0x4  Code  Gb  main.o [1]
HAL_DMA_Abort            0x800'1145   0x9c  Code  Gb  stm32f4xx_hal_dma.o [1]
HAL_DMA_Abort_IT         0x800'11e1   0x26  Code  Gb  stm32f4xx_hal_dma.o [1]
HAL_DMA_GetError         0x800'1411    0x4  Code  Gb  stm32f4xx_hal_dma.o [1]
HAL_DMA_IRQHandler       0x800'1207  0x20a  Code  Gb  stm32f4xx_hal_dma.o [1]
HAL_DMA_Init             0x800'0ff1   0xe0  Code  Gb  stm32f4xx_hal_dma.o [1]
HAL_DMA_Start_IT         0x800'10d1   0x74  Code  Gb  stm32f4xx_hal_dma.o [1]
HAL_GPIO_Init            0x800'1a71  0x1ea  Code  Gb  stm32f4xx_hal_gpio.o [1]
HAL_GPIO_WritePin        0x800'1c5b   0x14  Code  Gb  stm32f4xx_hal_gpio.o [1]
HAL_GetTick              0x800'0fe5    0xc  Code  Wk  stm32f4xx_hal.o [1]
HAL_IncTick              0x800'26d5   0x18  Code  Wk  stm32f4xx_hal.o [1]
HAL_Init                 0x800'1e31   0x30  Code  Gb  stm32f4xx_hal.o [1]
HAL_InitTick             0x800'1de1   0x4c  Code  Wk  stm32f4xx_hal.o [1]
HAL_MspInit              0x800'2551   0x40  Code  Gb  stm32f4xx_hal_msp.o [1]
HAL_NVIC_EnableIRQ       0x800'1dad    0xa  Code  Gb  stm32f4xx_hal_cortex.o [1]
HAL_NVIC_SetPriority     0x800'1d8b   0x22  Code  Gb  stm32f4xx_hal_cortex.o [1]
HAL_NVIC_SetPriorityGrouping
                         0x800'1d83    0x8  Code  Gb  stm32f4xx_hal_cortex.o [1]
HAL_PWREx_EnableOverDrive
                         0x800'24a1   0x6a  Code  Gb  stm32f4xx_hal_pwr_ex.o [1]
HAL_RCC_ClockConfig      0x800'154d  0x13a  Code  Gb  stm32f4xx_hal_rcc.o [1]
HAL_RCC_GetHCLKFreq      0x800'1687    0x6  Code  Gb  stm32f4xx_hal_rcc.o [1]
HAL_RCC_GetPCLK1Freq     0x800'168d   0x16  Code  Gb  stm32f4xx_hal_rcc.o [1]
HAL_RCC_GetPCLK2Freq     0x800'16a3   0x16  Code  Gb  stm32f4xx_hal_rcc.o [1]
HAL_RCC_OscConfig        0x800'20dd  0x3c4  Code  Wk  stm32f4xx_hal_rcc.o [1]
HAL_SYSTICK_Config       0x800'1db7    0x8  Code  Gb  stm32f4xx_hal_cortex.o [1]
HAL_UART_Abort           0x800'0311  0x10c  Code  Gb  stm32f4xx_hal_uart.o [1]
HAL_UART_GetState        0x800'06db   0x14  Code  Gb  stm32f4xx_hal_uart.o [1]
HAL_UART_IRQHandler      0x800'041d  0x2be  Code  Gb  stm32f4xx_hal_uart.o [1]
HAL_UART_Init            0x800'01ad   0x7a  Code  Gb  stm32f4xx_hal_uart.o [1]
HAL_UART_MspInit         0x800'0ead  0x10e  Code  Gb  usart.o [1]
HAL_UART_Receive_DMA     0x800'02e7   0x2a  Code  Gb  stm32f4xx_hal_uart.o [1]
HAL_UART_Transmit        0x800'0227   0xc0  Code  Gb  stm32f4xx_hal_uart.o [1]
HardFault_Handler        0x800'26a3    0x2  Code  Gb  stm32f4xx_it.o [1]
MX_DMA_Init              0x800'1f29   0x30  Code  Gb  dma.o [1]
MX_GPIO_Init             0x800'1e65   0xc4  Code  Gb  gpio.o [1]
MX_USART1_UART_Init      0x800'0e45   0x34  Code  Gb  usart.o [1]
MX_USART6_UART_Init      0x800'0e79   0x34  Code  Gb  usart.o [1]
MemManage_Handler        0x800'26a5    0x2  Code  Gb  stm32f4xx_it.o [1]
Modbus_AssembleReqFrame
                         0x800'1fa7   0x3a  Code  Gb  Modbus_o2.o [1]
Modbus_CRC16             0x800'1f59   0x4e  Code  Gb  Modbus_o2.o [1]
NMI_Handler              0x800'26a1    0x2  Code  Gb  stm32f4xx_it.o [1]
NVIC_EncodePriority      0x800'1d19   0x3c  Code  Lc  stm32f4xx_hal_cortex.o [1]
O2_Sensor_ReadConcentration
                         0x800'1fe1   0xe2  Code  Gb  Modbus_o2.o [1]
PendSV_Handler           0x800'26af    0x2  Code  Gb  stm32f4xx_it.o [1]
Region$$Table$$Base      0x800'2764          --   Gb  - Linker created -
Region$$Table$$Limit     0x800'2788          --   Gb  - Linker created -
SVC_Handler              0x800'26ab    0x2  Code  Gb  stm32f4xx_it.o [1]
SysTick_Config           0x800'1d55   0x2e  Code  Lc  stm32f4xx_hal_cortex.o [1]
SysTick_Handler          0x800'26b1    0x8  Code  Gb  stm32f4xx_it.o [1]
SystemClock_Config       0x800'19ab   0xae  Code  Gb  main.o [1]
SystemCoreClock         0x2000'0004    0x4  Data  Gb  system_stm32f4xx.o [1]
SystemInit               0x800'27f1    0xc  Code  Gb  system_stm32f4xx.o [1]
UART_DMAAbortOnError     0x800'09c9    0xe  Code  Lc  stm32f4xx_hal_uart.o [1]
UART_DMAError            0x800'07ad   0x56  Code  Lc  stm32f4xx_hal_uart.o [1]
UART_DMAReceiveCplt      0x800'06ef   0x9e  Code  Lc  stm32f4xx_hal_uart.o [1]
UART_DMARxHalfCplt       0x800'078d   0x20  Code  Lc  stm32f4xx_hal_uart.o [1]
UART_EndRxTransfer       0x800'0967   0x60  Code  Lc  stm32f4xx_hal_uart.o [1]
UART_EndTransmit_IT      0x800'0a3b   0x1c  Code  Lc  stm32f4xx_hal_uart.o [1]
UART_EndTxTransfer       0x800'0945   0x22  Code  Lc  stm32f4xx_hal_uart.o [1]
UART_Receive_IT          0x800'0a57   0xee  Code  Lc  stm32f4xx_hal_uart.o [1]
UART_SetConfig           0x800'0b45  0x2e6  Code  Lc  stm32f4xx_hal_uart.o [1]
UART_Start_Receive_DMA   0x800'0885   0xc0  Code  Gb  stm32f4xx_hal_uart.o [1]
UART_Transmit_IT         0x800'09d9   0x62  Code  Lc  stm32f4xx_hal_uart.o [1]
UART_WaitOnFlagUntilTimeout
                         0x800'0803   0x82  Code  Lc  stm32f4xx_hal_uart.o [1]
USART1_IRQHandler        0x800'26b9    0xa  Code  Gb  stm32f4xx_it.o [1]
UsageFault_Handler       0x800'26a9    0x2  Code  Gb  stm32f4xx_it.o [1]
__NVIC_EnableIRQ         0x800'1cd9   0x1c  Code  Lc  stm32f4xx_hal_cortex.o [1]
__NVIC_GetPriorityGrouping
                         0x800'1ccf    0xa  Code  Lc  stm32f4xx_hal_cortex.o [1]
__NVIC_SetPriority       0x800'1cf5   0x24  Code  Lc  stm32f4xx_hal_cortex.o [1]
__NVIC_SetPriorityGrouping
                         0x800'1cb1   0x1e  Code  Lc  stm32f4xx_hal_cortex.o [1]
__aeabi_ldiv0            0x800'1e2d         Code  Gb  I64DivZer.o [4]
__aeabi_memclr4          0x800'1a69         Code  Gb  ABImemclr4.o [4]
__aeabi_memcpy           0x800'25f9         Code  Gb  ABImemcpy.o [4]
__aeabi_memcpy4          0x800'2619         Code  Gb  ABImemcpy.o [4]
__aeabi_memcpy8          0x800'2619         Code  Gb  ABImemcpy.o [4]
__aeabi_memset           0x800'2591         Code  Gb  ABImemset.o [4]
__aeabi_uldivmod         0x800'1755         Code  Gb  I64DivMod.o [4]
__cmain                  0x800'2789         Code  Gb  cmain.o [4]
__exit                   0x800'27bd   0x14  Code  Gb  exit.o [5]
__iar_Memset             0x800'2591         Code  Gb  ABImemset.o [4]
__iar_Memset4_word       0x800'251d         Code  Gb  ABImemset48.o [4]
__iar_Memset8_word       0x800'251d         Code  Gb  ABImemset48.o [4]
__iar_Memset_word        0x800'2599         Code  Gb  ABImemset.o [4]
__iar_copy_init3         0x800'26ed   0x2c  Code  Gb  copy_init3.o [4]
__iar_data_init3         0x800'2719   0x28  Code  Gb  data_init.o [4]
__iar_init_vfp           0x800'2741         Code  Gb  fpinit_M.o [3]
__iar_program_start      0x800'2801         Code  Gb  cstartup_M.o [4]
__iar_zero_init3         0x800'1513   0x3a  Code  Gb  zero_init3.o [4]
__low_level_init         0x800'27a7    0x4  Code  Gb  low_level_init.o [2]
__vector_table           0x800'0000         Data  Gb  startup_stm32f427xx.o [1]
_call_main               0x800'2795         Code  Gb  cmain.o [4]
_exit                    0x800'27b1         Code  Gb  cexit.o [4]
_main                    0x800'27a3         Code  Gb  cmain.o [4]
exit                     0x800'27ab    0x4  Code  Gb  exit.o [2]
hdma_usart1_rx          0x2000'000c   0x60  Data  Gb  usart.o [1]
huart1                  0x2000'006c   0x48  Data  Gb  usart.o [1]
huart6                  0x2000'00b4   0x48  Data  Gb  usart.o [1]
main                     0x800'1985   0x26  Code  Gb  main.o [1]
o2_dma_recv_buf         0x2000'010c    0x8  Data  Gb  Modbus_o2.o [1]
o2_raw                  0x2000'011c    0x2  Data  Gb  Modbus_o2.o [1]
o2_value                0x2000'0114    0x4  Data  Gb  main.o [1]
req_frame               0x2000'00fc    0x8  Data  Gb  Modbus_o2.o [1]
resp_frame              0x2000'0104    0x8  Data  Gb  Modbus_o2.o [1]
uwTick                  0x2000'0118    0x4  Data  Gb  stm32f4xx_hal.o [1]
uwTickFreq              0x2000'0008    0x1  Data  Gb  stm32f4xx_hal.o [1]
uwTickPrio              0x2000'0000    0x4  Data  Gb  stm32f4xx_hal.o [1]


[1] = D:\SJWORK\purge\Purge_N2\EWARM\Purge_N2\Obj
[2] = dl7M_tlf.a
[3] = m7M_tls.a
[4] = rt7M_tl.a
[5] = shb_l.a

  10 542 bytes of readonly  code memory
      82 bytes of readonly  data memory
   8 475 bytes of readwrite data memory

Errors: none
Warnings: none
